<html>
<body>
<pre>
<h1>µVision Build Log</h1>
<h2>Tool Versions:</h2>
IDE-Version: ¦ÌVision V5.26.2.0
Copyright (C) 2018 ARM Ltd and ARM Germany GmbH. All rights reserved.
License Information: zzz zhouxy, xxx, LIC=ATTQ1-CJ8QT-QDFKD-8V5H7-8JHCK-Q56BG
 
Tool Versions:
Toolchain:       MDK-ARM Plus  Version: 5.26.2.0
Toolchain Path:  D:\MDK5\ARM\ARMCC\Bin
C Compiler:      Armcc.exe V5.06 update 6 (build 750)
Assembler:       Armasm.exe V5.06 update 6 (build 750)
Linker/Locator:  ArmLink.exe V5.06 update 6 (build 750)
Library Manager: ArmAr.exe V5.06 update 6 (build 750)
Hex Converter:   FromElf.exe V5.06 update 6 (build 750)
CPU DLL:         SARMCM3.DLL V5.26.2.0
Dialog DLL:      DCM.DLL V1.17.2.0
Target DLL:      CMSIS_AGDI.dll V1.30.6.0
Dialog DLL:      TCM.DLL V1.36.1.0
 
<h2>Project:</h2>
E:\ele-ctrl\25RC\code\dog\MDK-ARM\dog.uvprojx
Project File Date:  02/28/2025

<h2>Output:</h2>
*** Using Compiler 'V5.06 update 6 (build 750)', folder: 'D:\MDK5\ARM\ARMCC\Bin'
Build target 'dog'
compiling dma.c...
compiling memorymap.c...
compiling gpio.c...
compiling tim.c...
compiling stm32h7xx_it.c...
compiling stm32h7xx_hal_timebase_tim.c...
compiling stm32h7xx_hal_msp.c...
compiling spi.c...
compiling usart.c...
compiling stm32h7xx_hal_tim_ex.c...
compiling main.c...
../Core/Src/main.c(112): warning:  #188-D: enumerated type mixed with another type
  	HAL_GPIO_WritePin(GPIOC,GPIO_PIN_14,1);
../Core/Src/main.c(113): warning:  #188-D: enumerated type mixed with another type
    HAL_GPIO_WritePin(GPIOC,GPIO_PIN_13,1);
../Core/Src/main.c: 2 warnings, 0 errors
compiling freertos.c...
compiling stm32h7xx_hal_tim.c...
compiling stm32h7xx_hal_gpio.c...
compiling stm32h7xx_hal_cortex.c...
compiling stm32h7xx_hal_mdma.c...
compiling stm32h7xx_hal_hsem.c...
compiling stm32h7xx_hal_flash_ex.c...
compiling stm32h7xx_hal_flash.c...
compiling stm32h7xx_hal.c...
compiling stm32h7xx_hal_pwr.c...
compiling stm32h7xx_hal_pwr_ex.c...
compiling stm32h7xx_hal_rcc.c...
compiling croutine.c...
compiling stm32h7xx_hal_dma_ex.c...
compiling event_groups.c...
compiling list.c...
compiling queue.c...
compiling stream_buffer.c...
compiling stm32h7xx_hal_rcc_ex.c...
compiling tasks.c...
compiling timers.c...
compiling heap_4.c...
compiling cal.c...
../usr/inc/cal.h(21): warning:  #1-D: last line of file ends without a newline
  #endif
..\usr\src\cal.c(59): warning:  #550-D: variable "phi2_cos"  was set but never used
  	float phi1_cos,phi1_sin,phi2_cos,phi2_sin;
..\usr\src\cal.c(59): warning:  #550-D: variable "phi2_sin"  was set but never used
  	float phi1_cos,phi1_sin,phi2_cos,phi2_sin;
..\usr\src\cal.c(61): warning:  #177-D: variable "vCx"  was declared but never referenced
  	float vAx,vAy,vBx,vBy,vCx,vCy;
..\usr\src\cal.c(61): warning:  #177-D: variable "vCy"  was declared but never referenced
  	float vAx,vAy,vBx,vBy,vCx,vCy;
..\usr\src\cal.c: 5 warnings, 0 errors
compiling dog.c...
compiling cmsis_os.c...
compiling port.c...
compiling stm32h7xx_hal_dma.c...
compiling stm32h7xx_hal_i2c_ex.c...
compiling stm32h7xx_hal_spi_ex.c...
compiling stm32h7xx_hal_uart_ex.c...
compiling warning.c...
../usr/inc/warning.h(6): warning:  #1-D: last line of file ends without a newline
  #endif
..\usr\src\warning.c: 1 warning, 0 errors
compiling GO-M8010-6.c...
compiling system_stm32h7xx.c...
compiling stm32h7xx_hal_exti.c...
compiling stm32h7xx_hal_spi.c...
compiling imu_temp_ctrl.c...
compiling motor_ctr.c...
compiling BMI088driver.c...
compiling stm32h7xx_hal_uart.c...
compiling stm32h7xx_hal_i2c.c...
compiling BMI088Middleware.c...
compiling ws2812.c...
compiling remote.c...
../usr/inc/cal.h(21): warning:  #1-D: last line of file ends without a newline
  #endif
..\device\remote\remote.c: 1 warning, 0 errors
linking...
Program Size: Code=33964 RO-data=1468 RW-data=320 ZI-data=19896  
FromELF: creating hex file...
"dog\dog.axf" - 0 Error(s), 9 Warning(s).

<h2>Software Packages used:</h2>

Package Vendor: ARM
                http://www.keil.com/pack/ARM.CMSIS.5.4.0.pack
                ARM.CMSIS.5.4.0
                CMSIS (Cortex Microcontroller Software Interface Standard)
   * Component: CORE Version: 5.1.2

Package Vendor: Keil
                https://www.keil.com/pack/Keil.STM32H7xx_DFP.4.0.0.pack
                Keil.STM32H7xx_DFP.4.0.0
                STMicroelectronics STM32H7 Series Device Support

<h2>Collection of Component include folders:</h2>
  .\RTE\_dog
  D:\MDK5\ARM\PACK\ARM\CMSIS\5.4.0\CMSIS\Core\Include

<h2>Collection of Component Files used:</h2>

   * Component: ARM::CMSIS:CORE:5.1.2
Build Time Elapsed:  00:00:49
</pre>
</body>
</html>
