Component: ARM Compiler 5.06 update 6 (build 750) Tool: armlink [4d35ed]

==============================================================================

Section Cross References

    startup_stm32h723xx.o(RESET) refers to startup_stm32h723xx.o(STACK) for __initial_sp
    startup_stm32h723xx.o(RESET) refers to startup_stm32h723xx.o(.text) for Reset_Handler
    startup_stm32h723xx.o(RESET) refers to stm32h7xx_it.o(i.NMI_Handler) for NMI_Handler
    startup_stm32h723xx.o(RESET) refers to stm32h7xx_it.o(i.HardFault_Handler) for HardFault_Handler
    startup_stm32h723xx.o(RESET) refers to stm32h7xx_it.o(i.MemManage_Handler) for MemManage_Handler
    startup_stm32h723xx.o(RESET) refers to stm32h7xx_it.o(i.BusFault_Handler) for BusFault_Handler
    startup_stm32h723xx.o(RESET) refers to stm32h7xx_it.o(i.UsageFault_Handler) for UsageFault_Handler
    startup_stm32h723xx.o(RESET) refers to port.o(.emb_text) for SVC_Handler
    startup_stm32h723xx.o(RESET) refers to stm32h7xx_it.o(i.DebugMon_Handler) for DebugMon_Handler
    startup_stm32h723xx.o(RESET) refers to port.o(i.SysTick_Handler) for SysTick_Handler
    startup_stm32h723xx.o(RESET) refers to stm32h7xx_it.o(i.DMA1_Stream0_IRQHandler) for DMA1_Stream0_IRQHandler
    startup_stm32h723xx.o(RESET) refers to stm32h7xx_it.o(i.DMA1_Stream1_IRQHandler) for DMA1_Stream1_IRQHandler
    startup_stm32h723xx.o(RESET) refers to stm32h7xx_it.o(i.DMA1_Stream2_IRQHandler) for DMA1_Stream2_IRQHandler
    startup_stm32h723xx.o(RESET) refers to stm32h7xx_it.o(i.DMA1_Stream4_IRQHandler) for DMA1_Stream4_IRQHandler
    startup_stm32h723xx.o(RESET) refers to stm32h7xx_it.o(i.TIM2_IRQHandler) for TIM2_IRQHandler
    startup_stm32h723xx.o(RESET) refers to stm32h7xx_it.o(i.SPI2_IRQHandler) for SPI2_IRQHandler
    startup_stm32h723xx.o(RESET) refers to stm32h7xx_it.o(i.USART2_IRQHandler) for USART2_IRQHandler
    startup_stm32h723xx.o(RESET) refers to stm32h7xx_it.o(i.USART3_IRQHandler) for USART3_IRQHandler
    startup_stm32h723xx.o(RESET) refers to stm32h7xx_it.o(i.UART5_IRQHandler) for UART5_IRQHandler
    startup_stm32h723xx.o(RESET) refers to stm32h7xx_it.o(i.TIM6_DAC_IRQHandler) for TIM6_DAC_IRQHandler
    startup_stm32h723xx.o(.text) refers to system_stm32h7xx.o(i.ExitRun0Mode) for ExitRun0Mode
    startup_stm32h723xx.o(.text) refers to system_stm32h7xx.o(i.SystemInit) for SystemInit
    startup_stm32h723xx.o(.text) refers to entry.o(.ARM.Collect$$$$00000000) for __main
    main.o(i.FStart_Task) refers to cal.o(i.Motor_Init) for Motor_Init
    main.o(i.FStart_Task) refers to tasks.o(i.vTaskDelay) for vTaskDelay
    main.o(i.FStart_Task) refers to tasks.o(i.xTaskCreate) for xTaskCreate
    main.o(i.FStart_Task) refers to tasks.o(i.vTaskDelete) for vTaskDelete
    main.o(i.FStart_Task) refers to cal.o(.bss) for leg
    main.o(i.FStart_Task) refers to cal.o(.data) for Init_OK
    main.o(i.FStart_Task) refers to motor_ctr.o(i.FMotor_Task) for FMotor_Task
    main.o(i.HAL_TIM_PeriodElapsedCallback) refers to stm32h7xx_hal.o(i.HAL_IncTick) for HAL_IncTick
    main.o(i.HAL_TIM_PeriodElapsedCallback) refers to ws2812.o(i.WS2812_Ctrl) for WS2812_Ctrl
    main.o(i.HAL_TIM_PeriodElapsedCallback) refers to main.o(.data) for led_state
    main.o(i.MPU_Config) refers to stm32h7xx_hal_cortex.o(i.HAL_MPU_Disable) for HAL_MPU_Disable
    main.o(i.MPU_Config) refers to stm32h7xx_hal_cortex.o(i.HAL_MPU_ConfigRegion) for HAL_MPU_ConfigRegion
    main.o(i.MPU_Config) refers to stm32h7xx_hal_cortex.o(i.HAL_MPU_Enable) for HAL_MPU_Enable
    main.o(i.SystemClock_Config) refers to memseta.o(.text) for __aeabi_memclr4
    main.o(i.SystemClock_Config) refers to stm32h7xx_hal_pwr_ex.o(i.HAL_PWREx_ConfigSupply) for HAL_PWREx_ConfigSupply
    main.o(i.SystemClock_Config) refers to stm32h7xx_hal_rcc.o(i.HAL_RCC_OscConfig) for HAL_RCC_OscConfig
    main.o(i.SystemClock_Config) refers to main.o(i.Error_Handler) for Error_Handler
    main.o(i.SystemClock_Config) refers to stm32h7xx_hal_rcc.o(i.HAL_RCC_ClockConfig) for HAL_RCC_ClockConfig
    main.o(i.main) refers to main.o(i.MPU_Config) for MPU_Config
    main.o(i.main) refers to stm32h7xx_hal.o(i.HAL_Init) for HAL_Init
    main.o(i.main) refers to main.o(i.SystemClock_Config) for SystemClock_Config
    main.o(i.main) refers to gpio.o(i.MX_GPIO_Init) for MX_GPIO_Init
    main.o(i.main) refers to dma.o(i.MX_DMA_Init) for MX_DMA_Init
    main.o(i.main) refers to usart.o(i.MX_USART2_UART_Init) for MX_USART2_UART_Init
    main.o(i.main) refers to usart.o(i.MX_USART3_UART_Init) for MX_USART3_UART_Init
    main.o(i.main) refers to spi.o(i.MX_SPI2_Init) for MX_SPI2_Init
    main.o(i.main) refers to tim.o(i.MX_TIM3_Init) for MX_TIM3_Init
    main.o(i.main) refers to usart.o(i.MX_USART10_UART_Init) for MX_USART10_UART_Init
    main.o(i.main) refers to usart.o(i.MX_UART5_Init) for MX_UART5_Init
    main.o(i.main) refers to spi.o(i.MX_SPI6_Init) for MX_SPI6_Init
    main.o(i.main) refers to tim.o(i.MX_TIM2_Init) for MX_TIM2_Init
[...]
    .bss                                     0x20000000   Section    15360  heap_4.o(.bss)
    ucHeap                                   0x20000000   Data       15360  heap_4.o(.bss)
    .data                                    0x24000000   Section        1  main.o(.data)
    led_state                                0x24000000   Data           1  main.o(.data)
    .data                                    0x24000004   Section       20  freertos.o(.data)
    .data                                    0x24000018   Section        9  stm32h7xx_hal.o(.data)
    .data                                    0x24000024   Section        8  system_stm32h7xx.o(.data)
    .data                                    0x2400002c   Section       60  tasks.o(.data)
    pxDelayedTaskList                        0x24000030   Data           4  tasks.o(.data)
    pxOverflowDelayedTaskList                0x24000034   Data           4  tasks.o(.data)
    uxDeletedTasksWaitingCleanUp             0x24000038   Data           4  tasks.o(.data)
    uxCurrentNumberOfTasks                   0x2400003c   Data           4  tasks.o(.data)
    xTickCount                               0x24000040   Data           4  tasks.o(.data)
    uxTopReadyPriority                       0x24000044   Data           4  tasks.o(.data)
    xSchedulerRunning                        0x24000048   Data           4  tasks.o(.data)
    xPendedTicks                             0x2400004c   Data           4  tasks.o(.data)
    xYieldPending                            0x24000050   Data           4  tasks.o(.data)
    xNumOfOverflows                          0x24000054   Data           4  tasks.o(.data)
    uxTaskNumber                             0x24000058   Data           4  tasks.o(.data)
    xNextTaskUnblockTime                     0x2400005c   Data           4  tasks.o(.data)
    xIdleTaskHandle                          0x24000060   Data           4  tasks.o(.data)
    uxSchedulerSuspended                     0x24000064   Data           4  tasks.o(.data)
    .data                                    0x24000068   Section       32  heap_4.o(.data)
    xStart                                   0x24000068   Data           8  heap_4.o(.data)
    pxEnd                                    0x24000070   Data           4  heap_4.o(.data)
    xFreeBytesRemaining                      0x24000074   Data           4  heap_4.o(.data)
    xMinimumEverFreeBytesRemaining           0x24000078   Data           4  heap_4.o(.data)
    xNumberOfSuccessfulAllocations           0x2400007c   Data           4  heap_4.o(.data)
    xNumberOfSuccessfulFrees                 0x24000080   Data           4  heap_4.o(.data)
    xBlockAllocatedBit                       0x24000084   Data           4  heap_4.o(.data)
    .data                                    0x24000088   Section       12  port.o(.data)
    uxCriticalNesting                        0x24000088   Data           4  port.o(.data)
    ucMaxSysCallPriority                     0x2400008c   Data           1  port.o(.data)
    ulMaxPRIGROUPValue                       0x24000090   Data           4  port.o(.data)
    .data                                    0x24000094   Section       36  cal.o(.data)
    force_threshold                          0x240000ac   Data           4  cal.o(.data)
    filter_alpha                             0x240000b0   Data           4  cal.o(.data)
    filtered_force                           0x240000b4   Data           4  cal.o(.data)
    .data                                    0x240000b8   Section      528  motor_ctr.o(.data)
    .data                                    0x240002c8   Section       24  imu_temp_ctrl.o(.data)
    .data                                    0x240002e0   Section       44  bmi088driver.o(.data)
    write_BMI088_accel_reg_data_error        0x240002e8   Data          18  bmi088driver.o(.data)
    write_BMI088_gyro_reg_data_error         0x240002fa   Data          18  bmi088driver.o(.data)
    .data                                    0x2400030c   Section       26  remote.o(.data)
    .data                                    0x24000328   Section        4  errno.o(.data)
    _errno                                   0x24000328   Data           4  errno.o(.data)
    .bss                                     0x2400032c   Section     1264  freertos.o(.bss)
    xIdleTaskTCBBuffer                       0x240005c8   Data          84  freertos.o(.bss)
    xIdleStack                               0x2400061c   Data         512  freertos.o(.bss)
    .bss                                     0x2400081c   Section      512  spi.o(.bss)
    .bss                                     0x24000a1c   Section      152  tim.o(.bss)
    .bss                                     0x24000ab4   Section      832  usart.o(.bss)
    .bss                                     0x24000df4   Section       76  stm32h7xx_hal_timebase_tim.o(.bss)
    .bss                                     0x24000e40   Section      240  tasks.o(.bss)
    pxReadyTasksLists                        0x24000e40   Data         140  tasks.o(.bss)
    xDelayedTaskList1                        0x24000ecc   Data          20  tasks.o(.bss)
    xDelayedTaskList2                        0x24000ee0   Data          20  tasks.o(.bss)
    xPendingReadyList                        0x24000ef4   Data          20  tasks.o(.bss)
    xTasksWaitingTermination                 0x24000f08   Data          20  tasks.o(.bss)
    xSuspendedTaskList                       0x24000f1c   Data          20  tasks.o(.bss)
    .bss                                     0x24000f30   Section      928  cal.o(.bss)
    .bss                                     0x240012d0   Section      512  motor_ctr.o(.bss)
    .bss                                     0x240014d0   Section       24  imu_temp_ctrl.o(.bss)
    .bss                                     0x240014e8   Section      100  remote.o(.bss)
    STACK                                    0x24001550   Section     1024  startup_stm32h723xx.o(STACK)

    Global Symbols

    Symbol Name                              Value     Ov Type        Size  Object(Section)

    BuildAttributes$$THM_ISAv4$E$P$D$K$B$S$7EM$VFPv5_D16$PE$PLD8$A:L22UL41UL21$X:L11$S22US41US21$IEEE1$IW$USESV6$~STKCKD$USESV7$~SHL$OTIME$ROPI$IEEEX$EBA8$MICROLIB$REQ8$PRES8$EABIv2 0x00000000   Number         0  anon$$obj.o ABSOLUTE
    __ARM_use_no_argv                        0x00000000   Number         0  main.o ABSOLUTE
    __cpp_initialize__aeabi_                  - Undefined Weak Reference
    __cxa_finalize                            - Undefined Weak Reference
    _clock_init                               - Undefined Weak Reference
    _microlib_exit                            - Undefined Weak Reference
    __Vectors_Size                           0x000002cc   Number         0  startup_stm32h723xx.o ABSOLUTE
    __Vectors                                0x08000000   Data           4  startup_stm32h723xx.o(RESET)
    __Vectors_End                            0x080002cc   Data           0  startup_stm32h723xx.o(RESET)
    __main                                   0x080002cd   Thumb Code     0  entry.o(.ARM.Collect$$$$00000000)
    _main_stk                                0x080002cd   Thumb Code     0  entry2.o(.ARM.Collect$$$$00000001)
    _main_scatterload                        0x080002d1   Thumb Code     0  entry5.o(.ARM.Collect$$$$00000004)
    __main_after_scatterload                 0x080002d5   Thumb Code     0  entry5.o(.ARM.Collect$$$$00000004)
    _main_clock                              0x080002d5   Thumb Code     0  entry7b.o(.ARM.Collect$$$$00000008)
    _main_cpp_init                           0x080002d5   Thumb Code     0  entry8b.o(.ARM.Collect$$$$0000000A)
    _main_init                               0x080002d5   Thumb Code     0  entry9a.o(.ARM.Collect$$$$0000000B)
    __rt_final_cpp                           0x080002dd   Thumb Code     0  entry10a.o(.ARM.Collect$$$$0000000D)
    __rt_final_exit                          0x080002dd   Thumb Code     0  entry11a.o(.ARM.Collect$$$$0000000F)
    SVC_Handler                              0x080002e1   Thumb Code    28  port.o(.emb_text)
    __asm___6_port_c_39a90d8d__prvStartFirstTask 0x08000301   Thumb Code    36  port.o(.emb_text)
    __asm___6_port_c_39a90d8d__prvEnableVFP  0x08000329   Thumb Code    16  port.o(.emb_text)
    PendSV_Handler                           0x0800033d   Thumb Code    88  port.o(.emb_text)
    vPortGetIPSR                             0x08000399   Thumb Code     6  port.o(.emb_text)
    Reset_Handler                            0x080003a1   Thumb Code    12  startup_stm32h723xx.o(.text)
    ADC3_IRQHandler                          0x080003bf   Thumb Code     0  startup_stm32h723xx.o(.text)
    ADC_IRQHandler                           0x080003bf   Thumb Code     0  startup_stm32h723xx.o(.text)
    BDMA_Channel0_IRQHandler                 0x080003bf   Thumb Code     0  startup_stm32h723xx.o(.text)
    BDMA_Channel1_IRQHandler                 0x080003bf   Thumb Code     0  startup_stm32h723xx.o(.text)
    BDMA_Channel2_IRQHandler                 0x080003bf   Thumb Code     0  startup_stm32h723xx.o(.text)
    BDMA_Channel3_IRQHandler                 0x080003bf   Thumb Code     0  startup_stm32h723xx.o(.text)
    BDMA_Channel4_IRQHandler                 0x080003bf   Thumb Code     0  startup_stm32h723xx.o(.text)
    BDMA_Channel5_IRQHandler                 0x080003bf   Thumb Code     0  startup_stm32h723xx.o(.text)
    BDMA_Channel6_IRQHandler                 0x080003bf   Thumb Code     0  startup_stm32h723xx.o(.text)
    BDMA_Channel7_IRQHandler                 0x080003bf   Thumb Code     0  startup_stm32h723xx.o(.text)
    CEC_IRQHandler                           0x080003bf   Thumb Code     0  startup_stm32h723xx.o(.text)
    COMP1_IRQHandler                         0x080003bf   Thumb Code     0  startup_stm32h723xx.o(.text)
    CORDIC_IRQHandler                        0x080003bf   Thumb Code     0  startup_stm32h723xx.o(.text)
    CRS_IRQHandler                           0x080003bf   Thumb Code     0  startup_stm32h723xx.o(.text)
    DCMI_PSSI_IRQHandler                     0x080003bf   Thumb Code     0  startup_stm32h723xx.o(.text)
    DFSDM1_FLT0_IRQHandler                   0x080003bf   Thumb Code     0  startup_stm32h723xx.o(.text)
    DFSDM1_FLT1_IRQHandler                   0x080003bf   Thumb Code     0  startup_stm32h723xx.o(.text)
    DFSDM1_FLT2_IRQHandler                   0x080003bf   Thumb Code     0  startup_stm32h723xx.o(.text)
    DFSDM1_FLT3_IRQHandler                   0x080003bf   Thumb Code     0  startup_stm32h723xx.o(.text)
    DMA1_Stream3_IRQHandler                  0x080003bf   Thumb Code     0  startup_stm32h723xx.o(.text)
    DMA1_Stream5_IRQHandler                  0x080003bf   Thumb Code     0  startup_stm32h723xx.o(.text)
    DMA1_Stream6_IRQHandler                  0x080003bf   Thumb Code     0  startup_stm32h723xx.o(.text)
    DMA1_Stream7_IRQHandler                  0x080003bf   Thumb Code     0  startup_stm32h723xx.o(.text)
    DMA2D_IRQHandler                         0x080003bf   Thumb Code     0  startup_stm32h723xx.o(.text)
    DMA2_Stream0_IRQHandler                  0x080003bf   Thumb Code     0  startup_stm32h723xx.o(.text)
    DMA2_Stream1_IRQHandler                  0x080003bf   Thumb Code     0  startup_stm32h723xx.o(.text)
    DMA2_Stream2_IRQHandler                  0x080003bf   Thumb Code     0  startup_stm32h723xx.o(.text)
    DMA2_Stream3_IRQHandler                  0x080003bf   Thumb Code     0  startup_stm32h723xx.o(.text)
    DMA2_Stream4_IRQHandler                  0x080003bf   Thumb Code     0  startup_stm32h723xx.o(.text)
    DMA2_Stream5_IRQHandler                  0x080003bf   Thumb Code     0  startup_stm32h723xx.o(.text)
    DMA2_Stream6_IRQHandler                  0x080003bf   Thumb Code     0  startup_stm32h723xx.o(.text)
    DMA2_Stream7_IRQHandler                  0x080003bf   Thumb Code     0  startup_stm32h723xx.o(.text)
    DMAMUX1_OVR_IRQHandler                   0x080003bf   Thumb Code     0  startup_stm32h723xx.o(.text)
    DMAMUX2_OVR_IRQHandler                   0x080003bf   Thumb Code     0  startup_stm32h723xx.o(.text)
    DTS_IRQHandler                           0x080003bf   Thumb Code     0  startup_stm32h723xx.o(.text)
    ECC_IRQHandler                           0x080003bf   Thumb Code     0  startup_stm32h723xx.o(.text)
    ETH_IRQHandler                           0x080003bf   Thumb Code     0  startup_stm32h723xx.o(.text)
    ETH_WKUP_IRQHandler                      0x080003bf   Thumb Code     0  startup_stm32h723xx.o(.text)
    EXTI0_IRQHandler                         0x080003bf   Thumb Code     0  startup_stm32h723xx.o(.text)
    EXTI15_10_IRQHandler                     0x080003bf   Thumb Code     0  startup_stm32h723xx.o(.text)
    EXTI1_IRQHandler                         0x080003bf   Thumb Code     0  startup_stm32h723xx.o(.text)
    EXTI2_IRQHandler                         0x080003bf   Thumb Code     0  startup_stm32h723xx.o(.text)
    EXTI3_IRQHandler                         0x080003bf   Thumb Code     0  startup_stm32h723xx.o(.text)
    EXTI4_IRQHandler                         0x080003bf   Thumb Code     0  startup_stm32h723xx.o(.text)
    EXTI9_5_IRQHandler                       0x080003bf   Thumb Code     0  startup_stm32h723xx.o(.text)
    FDCAN1_IT0_IRQHandler                    0x080003bf   Thumb Code     0  startup_stm32h723xx.o(.text)
    FDCAN1_IT1_IRQHandler                    0x080003bf   Thumb Code     0  startup_stm32h723xx.o(.text)
    FDCAN2_IT0_IRQHandler                    0x080003bf   Thumb Code     0  startup_stm32h723xx.o(.text)
    FDCAN2_IT1_IRQHandler                    0x080003bf   Thumb Code     0  startup_stm32h723xx.o(.text)
    FDCAN3_IT0_IRQHandler                    0x080003bf   Thumb Code     0  startup_stm32h723xx.o(.text)
    FDCAN3_IT1_IRQHandler                    0x080003bf   Thumb Code     0  startup_stm32h723xx.o(.text)
    FDCAN_CAL_IRQHandler                     0x080003bf   Thumb Code     0  startup_stm32h723xx.o(.text)
    FLASH_IRQHandler                         0x080003bf   Thumb Code     0  startup_stm32h723xx.o(.text)
    FMAC_IRQHandler                          0x080003bf   Thumb Code     0  startup_stm32h723xx.o(.text)
    FMC_IRQHandler                           0x080003bf   Thumb Code     0  startup_stm32h723xx.o(.text)
    FPU_IRQHandler                           0x080003bf   Thumb Code     0  startup_stm32h723xx.o(.text)
    HSEM1_IRQHandler                         0x080003bf   Thumb Code     0  startup_stm32h723xx.o(.text)
    I2C1_ER_IRQHandler                       0x080003bf   Thumb Code     0  startup_stm32h723xx.o(.text)
    I2C1_EV_IRQHandler                       0x080003bf   Thumb Code     0  startup_stm32h723xx.o(.text)
    I2C2_ER_IRQHandler                       0x080003bf   Thumb Code     0  startup_stm32h723xx.o(.text)
    I2C2_EV_IRQHandler                       0x080003bf   Thumb Code     0  startup_stm32h723xx.o(.text)
    I2C3_ER_IRQHandler                       0x080003bf   Thumb Code     0  startup_stm32h723xx.o(.text)
    I2C3_EV_IRQHandler                       0x080003bf   Thumb Code     0  startup_stm32h723xx.o(.text)
    I2C4_ER_IRQHandler                       0x080003bf   Thumb Code     0  startup_stm32h723xx.o(.text)
    I2C4_EV_IRQHandler                       0x080003bf   Thumb Code     0  startup_stm32h723xx.o(.text)
    I2C5_ER_IRQHandler                       0x080003bf   Thumb Code     0  startup_stm32h723xx.o(.text)
    I2C5_EV_IRQHandler                       0x080003bf   Thumb Code     0  startup_stm32h723xx.o(.text)
    LPTIM1_IRQHandler                        0x080003bf   Thumb Code     0  startup_stm32h723xx.o(.text)
    LPTIM2_IRQHandler                        0x080003bf   Thumb Code     0  startup_stm32h723xx.o(.text)
    LPTIM3_IRQHandler                        0x080003bf   Thumb Code     0  startup_stm32h723xx.o(.text)
    LPTIM4_IRQHandler                        0x080003bf   Thumb Code     0  startup_stm32h723xx.o(.text)
    LPTIM5_IRQHandler                        0x080003bf   Thumb Code     0  startup_stm32h723xx.o(.text)
    LPUART1_IRQHandler                       0x080003bf   Thumb Code     0  startup_stm32h723xx.o(.text)
    LTDC_ER_IRQHandler                       0x080003bf   Thumb Code     0  startup_stm32h723xx.o(.text)
    LTDC_IRQHandler                          0x080003bf   Thumb Code     0  startup_stm32h723xx.o(.text)
    MDIOS_IRQHandler                         0x080003bf   Thumb Code     0  startup_stm32h723xx.o(.text)
    MDIOS_WKUP_IRQHandler                    0x080003bf   Thumb Code     0  startup_stm32h723xx.o(.text)
    MDMA_IRQHandler                          0x080003bf   Thumb Code     0  startup_stm32h723xx.o(.text)
    OCTOSPI1_IRQHandler                      0x080003bf   Thumb Code     0  startup_stm32h723xx.o(.text)
    OCTOSPI2_IRQHandler                      0x080003bf   Thumb Code     0  startup_stm32h723xx.o(.text)
    OTG_HS_EP1_IN_IRQHandler                 0x080003bf   Thumb Code     0  startup_stm32h723xx.o(.text)
    OTG_HS_EP1_OUT_IRQHandler                0x080003bf   Thumb Code     0  startup_stm32h723xx.o(.text)
    OTG_HS_IRQHandler                        0x080003bf   Thumb Code     0  startup_stm32h723xx.o(.text)
    OTG_HS_WKUP_IRQHandler                   0x080003bf   Thumb Code     0  startup_stm32h723xx.o(.text)
    PVD_AVD_IRQHandler                       0x080003bf   Thumb Code     0  startup_stm32h723xx.o(.text)
    RCC_IRQHandler                           0x080003bf   Thumb Code     0  startup_stm32h723xx.o(.text)
    RNG_IRQHandler                           0x080003bf   Thumb Code     0  startup_stm32h723xx.o(.text)
    RTC_Alarm_IRQHandler                     0x080003bf   Thumb Code     0  startup_stm32h723xx.o(.text)
    RTC_WKUP_IRQHandler                      0x080003bf   Thumb Code     0  startup_stm32h723xx.o(.text)
    SAI1_IRQHandler                          0x080003bf   Thumb Code     0  startup_stm32h723xx.o(.text)
    SAI4_IRQHandler                          0x080003bf   Thumb Code     0  startup_stm32h723xx.o(.text)
    SDMMC1_IRQHandler                        0x080003bf   Thumb Code     0  startup_stm32h723xx.o(.text)
    SDMMC2_IRQHandler                        0x080003bf   Thumb Code     0  startup_stm32h723xx.o(.text)
    SPDIF_RX_IRQHandler                      0x080003bf   Thumb Code     0  startup_stm32h723xx.o(.text)
    SPI1_IRQHandler                          0x080003bf   Thumb Code     0  startup_stm32h723xx.o(.text)
    SPI3_IRQHandler                          0x080003bf   Thumb Code     0  startup_stm32h723xx.o(.text)
    SPI4_IRQHandler                          0x080003bf   Thumb Code     0  startup_stm32h723xx.o(.text)
    SPI5_IRQHandler                          0x080003bf   Thumb Code     0  startup_stm32h723xx.o(.text)
    SPI6_IRQHandler                          0x080003bf   Thumb Code     0  startup_stm32h723xx.o(.text)
    SWPMI1_IRQHandler                        0x080003bf   Thumb Code     0  startup_stm32h723xx.o(.text)
    TAMP_STAMP_IRQHandler                    0x080003bf   Thumb Code     0  startup_stm32h723xx.o(.text)
    TIM15_IRQHandler                         0x080003bf   Thumb Code     0  startup_stm32h723xx.o(.text)
    TIM16_IRQHandler                         0x080003bf   Thumb Code     0  startup_stm32h723xx.o(.text)
    TIM17_IRQHandler                         0x080003bf   Thumb Code     0  startup_stm32h723xx.o(.text)
    TIM1_BRK_IRQHandler                      0x080003bf   Thumb Code     0  startup_stm32h723xx.o(.text)
    TIM1_CC_IRQHandler                       0x080003bf   Thumb Code     0  startup_stm32h723xx.o(.text)
    TIM1_TRG_COM_IRQHandler                  0x080003bf   Thumb Code     0  startup_stm32h723xx.o(.text)
    TIM1_UP_IRQHandler                       0x080003bf   Thumb Code     0  startup_stm32h723xx.o(.text)
    TIM23_IRQHandler                         0x080003bf   Thumb Code     0  startup_stm32h723xx.o(.text)
    TIM24_IRQHandler                         0x080003bf   Thumb Code     0  startup_stm32h723xx.o(.text)
    TIM3_IRQHandler                          0x080003bf   Thumb Code     0  startup_stm32h723xx.o(.text)
    TIM4_IRQHandler                          0x080003bf   Thumb Code     0  startup_stm32h723xx.o(.text)
    TIM5_IRQHandler                          0x080003bf   Thumb Code     0  startup_stm32h723xx.o(.text)
    TIM7_IRQHandler                          0x080003bf   Thumb Code     0  startup_stm32h723xx.o(.text)
    TIM8_BRK_TIM12_IRQHandler                0x080003bf   Thumb Code     0  startup_stm32h723xx.o(.text)
    TIM8_CC_IRQHandler                       0x080003bf   Thumb Code     0  startup_stm32h723xx.o(.text)
    TIM8_TRG_COM_TIM14_IRQHandler            0x080003bf   Thumb Code     0  startup_stm32h723xx.o(.text)
    TIM8_UP_TIM13_IRQHandler                 0x080003bf   Thumb Code     0  startup_stm32h723xx.o(.text)
    UART4_IRQHandler                         0x080003bf   Thumb Code     0  startup_stm32h723xx.o(.text)
    UART7_IRQHandler                         0x080003bf   Thumb Code     0  startup_stm32h723xx.o(.text)
    UART8_IRQHandler                         0x080003bf   Thumb Code     0  startup_stm32h723xx.o(.text)
    UART9_IRQHandler                         0x080003bf   Thumb Code     0  startup_stm32h723xx.o(.text)
    USART10_IRQHandler                       0x080003bf   Thumb Code     0  startup_stm32h723xx.o(.text)
    USART1_IRQHandler                        0x080003bf   Thumb Code     0  startup_stm32h723xx.o(.text)
    USART6_IRQHandler                        0x080003bf   Thumb Code     0  startup_stm32h723xx.o(.text)
    WAKEUP_PIN_IRQHandler                    0x080003bf   Thumb Code     0  startup_stm32h723xx.o(.text)
    WWDG_IRQHandler                          0x080003bf   Thumb Code     0  startup_stm32h723xx.o(.text)
    __aeabi_uldivmod                         0x080003cd   Thumb Code    98  uldiv.o(.text)
    __aeabi_memcpy                           0x0800042f   Thumb Code    36  memcpya.o(.text)
    __aeabi_memcpy4                          0x0800042f   Thumb Code     0  memcpya.o(.text)
    __aeabi_memcpy8                          0x0800042f   Thumb Code     0  memcpya.o(.text)
    __aeabi_memset                           0x08000453   Thumb Code    14  memseta.o(.text)
    __aeabi_memset4                          0x08000453   Thumb Code     0  memseta.o(.text)
    __aeabi_memset8                          0x08000453   Thumb Code     0  memseta.o(.text)
    __aeabi_memclr                           0x08000461   Thumb Code     4  memseta.o(.text)
    __aeabi_memclr4                          0x08000461   Thumb Code     0  memseta.o(.text)
    __aeabi_memclr8                          0x08000461   Thumb Code     0  memseta.o(.text)
    memset                                   0x08000465   Thumb Code    18  memseta.o(.text)
    __aeabi_llsl                             0x08000477   Thumb Code    30  llshl.o(.text)
    _ll_shift_l                              0x08000477   Thumb Code     0  llshl.o(.text)
    __aeabi_llsr                             0x08000495   Thumb Code    32  llushr.o(.text)
    _ll_ushift_r                             0x08000495   Thumb Code     0  llushr.o(.text)
    __I$use$fp                               0x080004b5   Thumb Code     0  iusefp.o(.text)
    __scatterload                            0x080004b5   Thumb Code    28  init.o(.text)
    __scatterload_rt2                        0x080004b5   Thumb Code     0  init.o(.text)
    __decompress                             0x080004d9   Thumb Code     0  __dczerorl2.o(.text)
    __decompress1                            0x080004d9   Thumb Code    86  __dczerorl2.o(.text)
    BMI088_ACCEL_NS_H                        0x08000531   Thumb Code    14  bmi088middleware.o(i.BMI088_ACCEL_NS_H)
    BMI088_ACCEL_NS_L                        0x08000545   Thumb Code    14  bmi088middleware.o(i.BMI088_ACCEL_NS_L)
    BMI088_GPIO_init                         0x08000559   Thumb Code     2  bmi088middleware.o(i.BMI088_GPIO_init)
    BMI088_GYRO_NS_H                         0x0800055d   Thumb Code    14  bmi088middleware.o(i.BMI088_GYRO_NS_H)
    BMI088_GYRO_NS_L                         0x08000571   Thumb Code    14  bmi088middleware.o(i.BMI088_GYRO_NS_L)
    BMI088_com_init                          0x08000585   Thumb Code     2  bmi088middleware.o(i.BMI088_com_init)
    BMI088_delay_ms                          0x08000587   Thumb Code    26  bmi088middleware.o(i.BMI088_delay_ms)
    BMI088_delay_us                          0x080005a1   Thumb Code    74  bmi088middleware.o(i.BMI088_delay_us)
    BMI088_init                              0x080005eb   Thumb Code    28  bmi088driver.o(i.BMI088_init)
    BMI088_read                              0x08000609   Thumb Code   372  bmi088driver.o(i.BMI088_read)
    BMI088_read_write_byte                   0x080007c5   Thumb Code    28  bmi088middleware.o(i.BMI088_read_write_byte)
    BSP_USART_Init                           0x080007f9   Thumb Code    28  remote.o(i.BSP_USART_Init)
    BusFault_Handler                         0x0800081d   Thumb Code     4  stm32h7xx_it.o(i.BusFault_Handler)
    DMA1_Stream0_IRQHandler                  0x08000821   Thumb Code    10  stm32h7xx_it.o(i.DMA1_Stream0_IRQHandler)
    DMA1_Stream1_IRQHandler                  0x08000831   Thumb Code    10  stm32h7xx_it.o(i.DMA1_Stream1_IRQHandler)
    DMA1_Stream2_IRQHandler                  0x08000841   Thumb Code    10  stm32h7xx_it.o(i.DMA1_Stream2_IRQHandler)
    DMA1_Stream4_IRQHandler                  0x08000851   Thumb Code    10  stm32h7xx_it.o(i.DMA1_Stream4_IRQHandler)
    DebugMon_Handler                         0x08000c45   Thumb Code     2  stm32h7xx_it.o(i.DebugMon_Handler)
    Error_Handler                            0x08000c47   Thumb Code     6  main.o(i.Error_Handler)
    ExitRun0Mode                             0x08000c4d   Thumb Code    30  system_stm32h7xx.o(i.ExitRun0Mode)
    FIMU_Task                                0x08000c71   Thumb Code   254  imu_temp_ctrl.o(i.FIMU_Task)
    FMotor_Task                              0x08000da9   Thumb Code   118  motor_ctr.o(i.FMotor_Task)
    FStart_Task                              0x08000e41   Thumb Code    64  main.o(i.FStart_Task)
    HAL_DMAEx_MultiBufferStart               0x08000e99   Thumb Code   788  stm32h7xx_hal_dma_ex.o(i.HAL_DMAEx_MultiBufferStart)
    HAL_DMA_Abort                            0x080011b9   Thumb Code  1236  stm32h7xx_hal_dma.o(i.HAL_DMA_Abort)
    HAL_DMA_Abort_IT                         0x08001695   Thumb Code   906  stm32h7xx_hal_dma.o(i.HAL_DMA_Abort_IT)
    HAL_DMA_IRQHandler                       0x08001a2d   Thumb Code  2798  stm32h7xx_hal_dma.o(i.HAL_DMA_IRQHandler)
    HAL_DMA_Init                             0x08002525   Thumb Code  1292  stm32h7xx_hal_dma.o(i.HAL_DMA_Init)
    HAL_Delay                                0x08002a39   Thumb Code    36  stm32h7xx_hal.o(i.HAL_Delay)
    HAL_GPIO_Init                            0x08002a61   Thumb Code   446  stm32h7xx_hal_gpio.o(i.HAL_GPIO_Init)
    HAL_GPIO_WritePin                        0x08002c51   Thumb Code    12  stm32h7xx_hal_gpio.o(i.HAL_GPIO_WritePin)
    HAL_GetTick                              0x08002c5d   Thumb Code     6  stm32h7xx_hal.o(i.HAL_GetTick)
    HAL_IncTick                              0x08002c69   Thumb Code    16  stm32h7xx_hal.o(i.HAL_IncTick)
    HAL_Init                                 0x08002c81   Thumb Code    80  stm32h7xx_hal.o(i.HAL_Init)
    HAL_InitTick                             0x08002ce1   Thumb Code   140  stm32h7xx_hal_timebase_tim.o(i.HAL_InitTick)
    HAL_MPU_ConfigRegion                     0x08002d81   Thumb Code    86  stm32h7xx_hal_cortex.o(i.HAL_MPU_ConfigRegion)
    HAL_MPU_Disable                          0x08002ddd   Thumb Code    38  stm32h7xx_hal_cortex.o(i.HAL_MPU_Disable)
    HAL_MPU_Enable                           0x08002e09   Thumb Code    58  stm32h7xx_hal_cortex.o(i.HAL_MPU_Enable)
    HAL_MspInit                              0x08002e49   Thumb Code    42  stm32h7xx_hal_msp.o(i.HAL_MspInit)
    HAL_NVIC_EnableIRQ                       0x08002e79   Thumb Code    40  stm32h7xx_hal_cortex.o(i.HAL_NVIC_EnableIRQ)
    HAL_NVIC_SetPriority                     0x08002ea1   Thumb Code   122  stm32h7xx_hal_cortex.o(i.HAL_NVIC_SetPriority)
    HAL_NVIC_SetPriorityGrouping             0x08002f1d   Thumb Code    32  stm32h7xx_hal_cortex.o(i.HAL_NVIC_SetPriorityGrouping)
    HAL_PWREx_ConfigSupply                   0x08002f45   Thumb Code    90  stm32h7xx_hal_pwr_ex.o(i.HAL_PWREx_ConfigSupply)
    HAL_RCCEx_GetD3PCLK1Freq                 0x08002fa5   Thumb Code    26  stm32h7xx_hal_rcc_ex.o(i.HAL_RCCEx_GetD3PCLK1Freq)
    HAL_RCCEx_GetPLL2ClockFreq               0x08002fc9   Thumb Code   536  stm32h7xx_hal_rcc_ex.o(i.HAL_RCCEx_GetPLL2ClockFreq)
    HAL_RCCEx_GetPLL3ClockFreq               0x080031f9   Thumb Code   536  stm32h7xx_hal_rcc_ex.o(i.HAL_RCCEx_GetPLL3ClockFreq)
    HAL_RCCEx_PeriphCLKConfig                0x08003429   Thumb Code  3272  stm32h7xx_hal_rcc_ex.o(i.HAL_RCCEx_PeriphCLKConfig)
    HAL_RCC_ClockConfig                      0x080040f1   Thumb Code   774  stm32h7xx_hal_rcc.o(i.HAL_RCC_ClockConfig)
    HAL_RCC_GetClockConfig                   0x08004411   Thumb Code    98  stm32h7xx_hal_rcc.o(i.HAL_RCC_GetClockConfig)
    HAL_RCC_GetHCLKFreq                      0x0800447d   Thumb Code    60  stm32h7xx_hal_rcc.o(i.HAL_RCC_GetHCLKFreq)
    HAL_RCC_GetPCLK1Freq                     0x080044c9   Thumb Code    26  stm32h7xx_hal_rcc.o(i.HAL_RCC_GetPCLK1Freq)
    HAL_RCC_GetPCLK2Freq                     0x080044ed   Thumb Code    26  stm32h7xx_hal_rcc.o(i.HAL_RCC_GetPCLK2Freq)
    HAL_RCC_GetSysClockFreq                  0x08004511   Thumb Code   524  stm32h7xx_hal_rcc.o(i.HAL_RCC_GetSysClockFreq)
    HAL_RCC_OscConfig                        0x0800473d   Thumb Code  1874  stm32h7xx_hal_rcc.o(i.HAL_RCC_OscConfig)
    HAL_RS485Ex_Init                         0x08004e99   Thumb Code   148  stm32h7xx_hal_uart_ex.o(i.HAL_RS485Ex_Init)
    HAL_SPI_ErrorCallback                    0x08004f31   Thumb Code     2  stm32h7xx_hal_spi.o(i.HAL_SPI_ErrorCallback)
    HAL_SPI_IRQHandler                       0x08004f35   Thumb Code   654  stm32h7xx_hal_spi.o(i.HAL_SPI_IRQHandler)
    HAL_SPI_Init                             0x080051c9   Thumb Code   420  stm32h7xx_hal_spi.o(i.HAL_SPI_Init)
    HAL_SPI_MspInit                          0x08005379   Thumb Code   478  spi.o(i.HAL_SPI_MspInit)
    HAL_SPI_RxCpltCallback                   0x0800557d   Thumb Code     2  stm32h7xx_hal_spi.o(i.HAL_SPI_RxCpltCallback)
    HAL_SPI_SuspendCallback                  0x0800557f   Thumb Code     2  stm32h7xx_hal_spi.o(i.HAL_SPI_SuspendCallback)
    HAL_SPI_Transmit                         0x08005581   Thumb Code   692  stm32h7xx_hal_spi.o(i.HAL_SPI_Transmit)
    HAL_SPI_TransmitReceive                  0x08005835   Thumb Code  1094  stm32h7xx_hal_spi.o(i.HAL_SPI_TransmitReceive)
    HAL_SPI_TxCpltCallback                   0x08005c89   Thumb Code     2  stm32h7xx_hal_spi.o(i.HAL_SPI_TxCpltCallback)
    HAL_SPI_TxRxCpltCallback                 0x08005c8b   Thumb Code     2  stm32h7xx_hal_spi.o(i.HAL_SPI_TxRxCpltCallback)
    HAL_TIMEx_Break2Callback                 0x08005c8d   Thumb Code     2  stm32h7xx_hal_tim_ex.o(i.HAL_TIMEx_Break2Callback)
    HAL_TIMEx_BreakCallback                  0x08005c8f   Thumb Code     2  stm32h7xx_hal_tim_ex.o(i.HAL_TIMEx_BreakCallback)
    HAL_TIMEx_CommutCallback                 0x08005c91   Thumb Code     2  stm32h7xx_hal_tim_ex.o(i.HAL_TIMEx_CommutCallback)
    HAL_TIMEx_MasterConfigSynchronization    0x08005c95   Thumb Code   190  stm32h7xx_hal_tim_ex.o(i.HAL_TIMEx_MasterConfigSynchronization)
    HAL_TIM_Base_Init                        0x08005d79   Thumb Code   110  stm32h7xx_hal_tim.o(i.HAL_TIM_Base_Init)
    HAL_TIM_Base_MspInit                     0x08005de9   Thumb Code    58  tim.o(i.HAL_TIM_Base_MspInit)
    HAL_TIM_Base_Start_IT                    0x08005e29   Thumb Code   162  stm32h7xx_hal_tim.o(i.HAL_TIM_Base_Start_IT)
    HAL_TIM_ConfigClockSource                0x08005ef5   Thumb Code   304  stm32h7xx_hal_tim.o(i.HAL_TIM_ConfigClockSource)
    HAL_TIM_IC_CaptureCallback               0x08006029   Thumb Code     2  stm32h7xx_hal_tim.o(i.HAL_TIM_IC_CaptureCallback)
    HAL_TIM_IRQHandler                       0x0800602b   Thumb Code   408  stm32h7xx_hal_tim.o(i.HAL_TIM_IRQHandler)
    HAL_TIM_MspPostInit                      0x080061c5   Thumb Code    78  tim.o(i.HAL_TIM_MspPostInit)
    HAL_TIM_OC_DelayElapsedCallback          0x08006221   Thumb Code     2  stm32h7xx_hal_tim.o(i.HAL_TIM_OC_DelayElapsedCallback)
    HAL_TIM_PWM_ConfigChannel                0x08006223   Thumb Code   368  stm32h7xx_hal_tim.o(i.HAL_TIM_PWM_ConfigChannel)
    HAL_TIM_PWM_Init                         0x08006393   Thumb Code   110  stm32h7xx_hal_tim.o(i.HAL_TIM_PWM_Init)
    HAL_TIM_PWM_MspInit                      0x08006401   Thumb Code    40  tim.o(i.HAL_TIM_PWM_MspInit)
    HAL_TIM_PWM_PulseFinishedCallback        0x08006431   Thumb Code     2  stm32h7xx_hal_tim.o(i.HAL_TIM_PWM_PulseFinishedCallback)
    HAL_TIM_PWM_Start                        0x08006435   Thumb Code   330  stm32h7xx_hal_tim.o(i.HAL_TIM_PWM_Start)
    HAL_TIM_PeriodElapsedCallback            0x080065b1   Thumb Code    66  main.o(i.HAL_TIM_PeriodElapsedCallback)
    HAL_TIM_TriggerCallback                  0x080065fd   Thumb Code     2  stm32h7xx_hal_tim.o(i.HAL_TIM_TriggerCallback)
    HAL_UARTEx_DisableFifoMode               0x080065ff   Thumb Code    78  stm32h7xx_hal_uart_ex.o(i.HAL_UARTEx_DisableFifoMode)
    HAL_UARTEx_ReceiveToIdle                 0x0800664d   Thumb Code   362  stm32h7xx_hal_uart_ex.o(i.HAL_UARTEx_ReceiveToIdle)
    HAL_UARTEx_RxEventCallback               0x080067b9   Thumb Code  1446  remote.o(i.HAL_UARTEx_RxEventCallback)
    HAL_UARTEx_RxFifoFullCallback            0x08006d71   Thumb Code     2  stm32h7xx_hal_uart_ex.o(i.HAL_UARTEx_RxFifoFullCallback)
    HAL_UARTEx_SetRxFifoThreshold            0x08006d73   Thumb Code    94  stm32h7xx_hal_uart_ex.o(i.HAL_UARTEx_SetRxFifoThreshold)
    HAL_UARTEx_SetTxFifoThreshold            0x08006dd1   Thumb Code    94  stm32h7xx_hal_uart_ex.o(i.HAL_UARTEx_SetTxFifoThreshold)
    HAL_UARTEx_TxFifoEmptyCallback           0x08006e2f   Thumb Code     2  stm32h7xx_hal_uart_ex.o(i.HAL_UARTEx_TxFifoEmptyCallback)
    HAL_UARTEx_WakeupCallback                0x08006e31   Thumb Code     2  stm32h7xx_hal_uart_ex.o(i.HAL_UARTEx_WakeupCallback)
    HAL_UART_ErrorCallback                   0x08006e33   Thumb Code     2  stm32h7xx_hal_uart.o(i.HAL_UART_ErrorCallback)
    HAL_UART_IRQHandler                      0x08006e35   Thumb Code  1206  stm32h7xx_hal_uart.o(i.HAL_UART_IRQHandler)
    HAL_UART_Init                            0x080072eb   Thumb Code   120  stm32h7xx_hal_uart.o(i.HAL_UART_Init)
    HAL_UART_MspInit                         0x08007365   Thumb Code   872  usart.o(i.HAL_UART_MspInit)
    HAL_UART_Transmit                        0x08007701   Thumb Code   194  stm32h7xx_hal_uart.o(i.HAL_UART_Transmit)
    HAL_UART_TxCpltCallback                  0x080077c3   Thumb Code     2  stm32h7xx_hal_uart.o(i.HAL_UART_TxCpltCallback)
    HardFault_Handler                        0x080077c5   Thumb Code     4  stm32h7xx_it.o(i.HardFault_Handler)
    JointToMotor03                           0x080077c9   Thumb Code   110  cal.o(i.JointToMotor03)
    JointToMotor12                           0x08007845   Thumb Code   110  cal.o(i.JointToMotor12)
    LinkageInverse                           0x080078c1   Thumb Code   654  cal.o(i.LinkageInverse)
    MX_DMA_Init                              0x08007bb5   Thumb Code    96  dma.o(i.MX_DMA_Init)
    MX_FREERTOS_Init                         0x08007c19   Thumb Code   124  freertos.o(i.MX_FREERTOS_Init)
    MX_GPIO_Init                             0x08007cad   Thumb Code   348  gpio.o(i.MX_GPIO_Init)
    MX_SPI2_Init                             0x08007e1d   Thumb Code    90  spi.o(i.MX_SPI2_Init)
    MX_SPI6_Init                             0x08007e81   Thumb Code    90  spi.o(i.MX_SPI6_Init)
    MX_TIM2_Init                             0x08007ee5   Thumb Code   108  tim.o(i.MX_TIM2_Init)
    MX_TIM3_Init                             0x08007f55   Thumb Code   118  tim.o(i.MX_TIM3_Init)
    MX_UART5_Init                            0x08007fd5   Thumb Code   102  usart.o(i.MX_UART5_Init)
    MX_USART10_UART_Init                     0x08008049   Thumb Code    98  usart.o(i.MX_USART10_UART_Init)
    MX_USART2_UART_Init                      0x080080b5   Thumb Code   102  usart.o(i.MX_USART2_UART_Init)
    MX_USART3_UART_Init                      0x08008129   Thumb Code   102  usart.o(i.MX_USART3_UART_Init)
    MemManage_Handler                        0x0800819d   Thumb Code     4  stm32h7xx_it.o(i.MemManage_Handler)
    MixControl                               0x080081a1   Thumb Code    32  motor_ctr.o(i.MixControl)
    Motor_Init                               0x080081c1   Thumb Code   926  cal.o(i.Motor_Init)
    NMI_Handler                              0x08008595   Thumb Code     4  stm32h7xx_it.o(i.NMI_Handler)
    SBUS_TO_RC                               0x08008861   Thumb Code   178  remote.o(i.SBUS_TO_RC)
    SERVO_Send_recv_ch2                      0x08008915   Thumb Code   118  go-m8010-6.o(i.SERVO_Send_recv_ch2)
    SPI2_IRQHandler                          0x08008995   Thumb Code    10  stm32h7xx_it.o(i.SPI2_IRQHandler)
    StartDefaultTask                         0x08008af3   Thumb Code    10  freertos.o(i.StartDefaultTask)
    SysTick_Handler                          0x08008afd   Thumb Code    46  port.o(i.SysTick_Handler)
    SystemClock_Config                       0x08008b31   Thumb Code   176  main.o(i.SystemClock_Config)
    SystemInit                               0x08008be5   Thumb Code   236  system_stm32h7xx.o(i.SystemInit)
    TIM2_IRQHandler                          0x08008cf1   Thumb Code    10  stm32h7xx_it.o(i.TIM2_IRQHandler)
    TIM6_DAC_IRQHandler                      0x08008d01   Thumb Code    10  stm32h7xx_it.o(i.TIM6_DAC_IRQHandler)
    TIM_Base_SetConfig                       0x08008d11   Thumb Code   190  stm32h7xx_hal_tim.o(i.TIM_Base_SetConfig)
    TIM_CCxChannelCmd                        0x08008df9   Thumb Code    34  stm32h7xx_hal_tim.o(i.TIM_CCxChannelCmd)
    TIM_ETR_SetConfig                        0x08008e1b   Thumb Code    22  stm32h7xx_hal_tim.o(i.TIM_ETR_SetConfig)
    TIM_OC2_SetConfig                        0x08008ef5   Thumb Code   156  stm32h7xx_hal_tim.o(i.TIM_OC2_SetConfig)
    UART5_IRQHandler                         0x08009201   Thumb Code    10  stm32h7xx_it.o(i.UART5_IRQHandler)
    UART_AdvFeatureConfig                    0x08009269   Thumb Code   248  stm32h7xx_hal_uart.o(i.UART_AdvFeatureConfig)
    UART_CheckIdleState                      0x08009361   Thumb Code   234  stm32h7xx_hal_uart.o(i.UART_CheckIdleState)
    UART_SetConfig                           0x080094fd   Thumb Code  1558  stm32h7xx_hal_uart.o(i.UART_SetConfig)
    UART_WaitOnFlagUntilTimeout              0x08009b25   Thumb Code   172  stm32h7xx_hal_uart.o(i.UART_WaitOnFlagUntilTimeout)
    USART2_IRQHandler                        0x08009bd1   Thumb Code    10  stm32h7xx_it.o(i.USART2_IRQHandler)
    USART3_IRQHandler                        0x08009be1   Thumb Code    10  stm32h7xx_it.o(i.USART3_IRQHandler)
    UsageFault_Handler                       0x08009c39   Thumb Code     4  stm32h7xx_it.o(i.UsageFault_Handler)
    WS2812_Ctrl                              0x08009c3d   Thumb Code   170  ws2812.o(i.WS2812_Ctrl)
    __ARM_fpclassifyf                        0x08009ced   Thumb Code    38  fpclassifyf.o(i.__ARM_fpclassifyf)
    __hardfp_acosf                           0x08009d4d   Thumb Code   234  acosf.o(i.__hardfp_acosf)
    __hardfp_atan2f                          0x08009e71   Thumb Code   502  atan2f.o(i.__hardfp_atan2f)
    __hardfp_cosf                            0x0800a0c9   Thumb Code   276  cosf.o(i.__hardfp_cosf)
    __hardfp_sinf                            0x0800a219   Thumb Code   344  sinf.o(i.__hardfp_sinf)
    __hardfp_sqrtf                           0x0800a3ad   Thumb Code    58  sqrtf.o(i.__hardfp_sqrtf)
    __mathlib_flt_infnan                     0x0800a3e7   Thumb Code     6  funder.o(i.__mathlib_flt_infnan)
    __mathlib_flt_infnan2                    0x0800a3ed   Thumb Code     6  funder.o(i.__mathlib_flt_infnan2)
    __mathlib_flt_invalid                    0x0800a3f5   Thumb Code    10  funder.o(i.__mathlib_flt_invalid)
    __mathlib_flt_underflow                  0x0800a405   Thumb Code    10  funder.o(i.__mathlib_flt_underflow)
    __mathlib_rredf2                         0x0800a415   Thumb Code   316  rredf.o(i.__mathlib_rredf2)
    __scatterload_copy                       0x0800a569   Thumb Code    14  handlers.o(i.__scatterload_copy)
    __scatterload_null                       0x0800a577   Thumb Code     2  handlers.o(i.__scatterload_null)
    __scatterload_zeroinit                   0x0800a579   Thumb Code    14  handlers.o(i.__scatterload_zeroinit)
    __set_errno                              0x0800a589   Thumb Code     6  errno.o(i.__set_errno)
    bmi088_accel_init                        0x0800a595   Thumb Code   290  bmi088driver.o(i.bmi088_accel_init)
    bmi088_gyro_init                         0x0800a6bd   Thumb Code   238  bmi088driver.o(i.bmi088_gyro_init)
    extract_data                             0x0800a7f1   Thumb Code   178  go-m8010-6.o(i.extract_data)
    main                                     0x0800a8b1   Thumb Code   104  main.o(i.main)
    modify_data                              0x0800a931   Thumb Code   486  go-m8010-6.o(i.modify_data)
    move_bezier                              0x0800ab49   Thumb Code   348  motor_ctr.o(i.move_bezier)
    osDelay                                  0x0800aca9   Thumb Code    24  cmsis_os.o(i.osDelay)
    osKernelStart                            0x0800acc1   Thumb Code    10  cmsis_os.o(i.osKernelStart)
    osSemaphoreCreate                        0x0800accb   Thumb Code    74  cmsis_os.o(i.osSemaphoreCreate)
    osThreadCreate                           0x0800ad15   Thumb Code    94  cmsis_os.o(i.osThreadCreate)
    pvPortMalloc                             0x0800b33d   Thumb Code   306  heap_4.o(i.pvPortMalloc)
    pxPortInitialiseStack                    0x0800b489   Thumb Code    38  port.o(i.pxPortInitialiseStack)
    set_exp                                  0x0800b4b5   Thumb Code    18  motor_ctr.o(i.set_exp)
    set_foot_pos0                            0x0800b4c9   Thumb Code   148  motor_ctr.o(i.set_foot_pos0)
    set_foot_pos1                            0x0800b579   Thumb Code   152  motor_ctr.o(i.set_foot_pos1)
    set_foot_pos2                            0x0800b62d   Thumb Code   152  motor_ctr.o(i.set_foot_pos2)
    set_foot_pos3                            0x0800b6e5   Thumb Code   148  motor_ctr.o(i.set_foot_pos3)
    sqrtf                                    0x0800b799   Thumb Code    62  sqrtf.o(i.sqrtf)
    uxListRemove                             0x0800b7d7   Thumb Code    40  list.o(i.uxListRemove)
    vApplicationGetIdleTaskMemory            0x0800b801   Thumb Code    14  freertos.o(i.vApplicationGetIdleTaskMemory)
    vListInitialise                          0x0800b819   Thumb Code    26  list.o(i.vListInitialise)
    vListInitialiseItem                      0x0800b833   Thumb Code     6  list.o(i.vListInitialiseItem)
    vListInsert                              0x0800b839   Thumb Code    52  list.o(i.vListInsert)
    vListInsertEnd                           0x0800b86d   Thumb Code    24  list.o(i.vListInsertEnd)
    vPortEnterCritical                       0x0800b885   Thumb Code    76  port.o(i.vPortEnterCritical)
    vPortExitCritical                        0x0800b8d9   Thumb Code    56  port.o(i.vPortExitCritical)
    vPortFree                                0x0800b915   Thumb Code   150  heap_4.o(i.vPortFree)
    vPortSetupTimerInterrupt                 0x0800b9b9   Thumb Code    36  port.o(i.vPortSetupTimerInterrupt)
    vTaskDelay                               0x0800b9e1   Thumb Code    82  tasks.o(i.vTaskDelay)
    vTaskDelete                              0x0800ba3d   Thumb Code   202  tasks.o(i.vTaskDelete)
    vTaskInternalSetTimeOutState             0x0800bb31   Thumb Code    14  tasks.o(i.vTaskInternalSetTimeOutState)
    vTaskMissedYield                         0x0800bb49   Thumb Code     8  tasks.o(i.vTaskMissedYield)
    vTaskPlaceOnEventList                    0x0800bb55   Thumb Code    52  tasks.o(i.vTaskPlaceOnEventList)
    vTaskStartScheduler                      0x0800bb8d   Thumb Code   146  tasks.o(i.vTaskStartScheduler)
    vTaskSuspendAll                          0x0800bc3d   Thumb Code    12  tasks.o(i.vTaskSuspendAll)
    vTaskSwitchContext                       0x0800bc4d   Thumb Code   118  tasks.o(i.vTaskSwitchContext)
    validateAngle                            0x0800bcd9   Thumb Code    80  cal.o(i.validateAngle)
    xPortStartScheduler                      0x0800bd29   Thumb Code   330  port.o(i.xPortStartScheduler)
    xQueueGenericCreate                      0x0800be91   Thumb Code    90  queue.o(i.xQueueGenericCreate)
    xQueueGenericCreateStatic                0x0800beeb   Thumb Code   224  queue.o(i.xQueueGenericCreateStatic)
    xQueueGenericReset                       0x0800bfcd   Thumb Code   146  queue.o(i.xQueueGenericReset)
    xQueueGenericSend                        0x0800c065   Thumb Code   420  queue.o(i.xQueueGenericSend)
    xTaskCheckForTimeOut                     0x0800c20d   Thumb Code   132  tasks.o(i.xTaskCheckForTimeOut)
    xTaskCreate                              0x0800c299   Thumb Code   100  tasks.o(i.xTaskCreate)
    xTaskCreateStatic                        0x0800c2fd   Thumb Code   186  tasks.o(i.xTaskCreateStatic)
    xTaskGetSchedulerState                   0x0800c3b9   Thumb Code    24  tasks.o(i.xTaskGetSchedulerState)
    xTaskIncrementTick                       0x0800c3d9   Thumb Code   282  tasks.o(i.xTaskIncrementTick)
    xTaskPriorityDisinherit                  0x0800c521   Thumb Code   188  tasks.o(i.xTaskPriorityDisinherit)
    xTaskRemoveFromEventList                 0x0800c5e9   Thumb Code   128  tasks.o(i.xTaskRemoveFromEventList)
    xTaskResumeAll                           0x0800c681   Thumb Code   224  tasks.o(i.xTaskResumeAll)
    UARTPrescTable                           0x0800c804   Data          24  stm32h7xx_hal_uart.o(.constdata)
    D1CorePrescTable                         0x0800c82c   Data          16  system_stm32h7xx.o(.constdata)
    crc_ccitt_table                          0x0800c83c   Data         512  go-m8010-6.o(.constdata)
    Region$$Table$$Base                      0x0800ca8c   Number         0  anon$$obj.o(Region$$Table)
    Region$$Table$$Limit                     0x0800cabc   Number         0  anon$$obj.o(Region$$Table)
    defaultTaskHandle                        0x24000004   Data           4  freertos.o(.data)
    Motor_TaskHandle                         0x24000008   Data           4  freertos.o(.data)
    IMU_TaskHandle                           0x2400000c   Data           4  freertos.o(.data)
    Start_TaskHandle                         0x24000010   Data           4  freertos.o(.data)
    imuBinarySem01Handle                     0x24000014   Data           4  freertos.o(.data)
    uwTick                                   0x24000018   Data           4  stm32h7xx_hal.o(.data)
    uwTickPrio                               0x2400001c   Data           4  stm32h7xx_hal.o(.data)
    uwTickFreq                               0x24000020   Data           1  stm32h7xx_hal.o(.data)
    SystemCoreClock                          0x24000024   Data           4  system_stm32h7xx.o(.data)
    SystemD2Clock                            0x24000028   Data           4  system_stm32h7xx.o(.data)
    pxCurrentTCB                             0x2400002c   Data           4  tasks.o(.data)
    Init_OK                                  0x24000094   Data           1  cal.o(.data)
    gait_phase                               0x24000095   Data           4  cal.o(.data)
    swing_gain                               0x2400009c   Data          16  cal.o(.data)
    flag                                     0x240000b8   Data           4  motor_ctr.o(.data)
    flag_m                                   0x240000bc   Data           1  motor_ctr.o(.data)
    cmd                                      0x240000c0   Data         512  motor_ctr.o(.data)
    pos_x                                    0x240002c0   Data           4  motor_ctr.o(.data)
    pos_y                                    0x240002c4   Data           4  motor_ctr.o(.data)
    temp                                     0x240002c8   Data           4  imu_temp_ctrl.o(.data)
    forceStop                                0x240002cc   Data           1  imu_temp_ctrl.o(.data)
    out                                      0x240002d0   Data           4  imu_temp_ctrl.o(.data)
    err                                      0x240002d4   Data           4  imu_temp_ctrl.o(.data)
    err_l                                    0x240002d8   Data           4  imu_temp_ctrl.o(.data)
    err_ll                                   0x240002dc   Data           4  imu_temp_ctrl.o(.data)
    BMI088_ACCEL_SEN                         0x240002e0   Data           4  bmi088driver.o(.data)
    BMI088_GYRO_SEN                          0x240002e4   Data           4  bmi088driver.o(.data)
    Remote_Ctrl                              0x2400030c   Data          26  remote.o(.data)
    IMU_TaskBuffer                           0x2400032c   Data         512  freertos.o(.bss)
    IMU_TaskControlBlock                     0x2400052c   Data          84  freertos.o(.bss)
    imuBinarySem01ControlBlock               0x24000580   Data          72  freertos.o(.bss)
    hspi2                                    0x2400081c   Data         136  spi.o(.bss)
    hspi6                                    0x240008a4   Data         136  spi.o(.bss)
    hdma_spi2_rx                             0x2400092c   Data         120  spi.o(.bss)
    hdma_spi2_tx                             0x240009a4   Data         120  spi.o(.bss)
    htim2                                    0x24000a1c   Data          76  tim.o(.bss)
    htim3                                    0x24000a68   Data          76  tim.o(.bss)
    huart5                                   0x24000ab4   Data         148  usart.o(.bss)
    huart2                                   0x24000b48   Data         148  usart.o(.bss)
    huart3                                   0x24000bdc   Data         148  usart.o(.bss)
    huart10                                  0x24000c70   Data         148  usart.o(.bss)
    hdma_uart5_rx                            0x24000d04   Data         120  usart.o(.bss)
    hdma_usart10_rx                          0x24000d7c   Data         120  usart.o(.bss)
    htim6                                    0x24000df4   Data          76  stm32h7xx_hal_timebase_tim.o(.bss)
    leg                                      0x24000f30   Data         768  cal.o(.bss)
    exp_sta                                  0x24001230   Data         160  cal.o(.bss)
    data                                     0x240012d0   Data         512  motor_ctr.o(.bss)
    gyro                                     0x240014d0   Data          12  imu_temp_ctrl.o(.bss)
    accel                                    0x240014dc   Data          12  imu_temp_ctrl.o(.bss)
    SBUS_MultiRx_Buf                         0x240014e8   Data         100  remote.o(.bss)
    __initial_sp                             0x24001950   Data           0  startup_stm32h723xx.o(STACK)



==============================================================================

Memory Map of the image

  Image Entry point : 0x080002cd

  Load Region LR_IROM1 (Base: 0x08000000, Size: 0x0000cde8, Max: 0x00100000, ABSOLUTE, COMPRESSED[0x0000cb38])

    Execution Region ER_IROM1 (Exec base: 0x08000000, Load base: 0x08000000, Size: 0x0000cabc, Max: 0x00100000, ABSOLUTE)

    Exec Addr    Load Addr    Size         Type   Attr      Idx    E Section Name        Object

    0x08000000   0x08000000   0x000002cc   Data   RO            3    RESET               startup_stm32h723xx.o
    0x080002cc   0x080002cc   0x00000000   Code   RO         7286  * .ARM.Collect$$$$00000000  mc_w.l(entry.o)
    0x080002cc   0x080002cc   0x00000004   Code   RO         7346    .ARM.Collect$$$$00000001  mc_w.l(entry2.o)
    0x080002d0   0x080002d0   0x00000004   Code   RO         7349    .ARM.Collect$$$$00000004  mc_w.l(entry5.o)
    0x080002d4   0x080002d4   0x00000000   Code   RO         7351    .ARM.Collect$$$$00000008  mc_w.l(entry7b.o)
    0x080002d4   0x080002d4   0x00000000   Code   RO         7353    .ARM.Collect$$$$0000000A  mc_w.l(entry8b.o)
    0x080002d4   0x080002d4   0x00000008   Code   RO         7354    .ARM.Collect$$$$0000000B  mc_w.l(entry9a.o)
    0x080002dc   0x080002dc   0x00000000   Code   RO         7356    .ARM.Collect$$$$0000000D  mc_w.l(entry10a.o)
    0x080002dc   0x080002dc   0x00000000   Code   RO         7358    .ARM.Collect$$$$0000000F  mc_w.l(entry11a.o)
    0x080002dc   0x080002dc   0x00000004   Code   RO         7347    .ARM.Collect$$$$00002712  mc_w.l(entry2.o)
    0x080002e0   0x080002e0   0x000000be   Code   RO         6497    .emb_text           port.o
    0x0800039e   0x0800039e   0x00000002   PAD
    0x080003a0   0x080003a0   0x0000002c   Code   RO            4    .text               startup_stm32h723xx.o
    0x080003cc   0x080003cc   0x00000062   Code   RO         7289    .text               mc_w.l(uldiv.o)
    0x0800042e   0x0800042e   0x00000024   Code   RO         7291    .text               mc_w.l(memcpya.o)
    0x08000452   0x08000452   0x00000024   Code   RO         7295    .text               mc_w.l(memseta.o)
    0x08000476   0x08000476   0x0000001e   Code   RO         7360    .text               mc_w.l(llshl.o)
    0x08000494   0x08000494   0x00000020   Code   RO         7362    .text               mc_w.l(llushr.o)
    0x080004b4   0x080004b4   0x00000000   Code   RO         7371    .text               mc_w.l(iusefp.o)
    0x080004b4   0x080004b4   0x00000024   Code   RO         7382    .text               mc_w.l(init.o)
    0x080004d8   0x080004d8   0x00000056   Code   RO         7392    .text               mc_w.l(__dczerorl2.o)
    0x0800052e   0x0800052e   0x00000002   PAD
    0x08000530   0x08000530   0x00000014   Code   RO         7055    i.BMI088_ACCEL_NS_H  bmi088middleware.o
    0x08000544   0x08000544   0x00000014   Code   RO         7056    i.BMI088_ACCEL_NS_L  bmi088middleware.o
    0x08000558   0x08000558   0x00000002   Code   RO         7057    i.BMI088_GPIO_init  bmi088middleware.o
    0x0800055a   0x0800055a   0x00000002   PAD
    0x0800055c   0x0800055c   0x00000014   Code   RO         7058    i.BMI088_GYRO_NS_H  bmi088middleware.o
    0x08000570   0x08000570   0x00000014   Code   RO         7059    i.BMI088_GYRO_NS_L  bmi088middleware.o
    0x08000584   0x08000584   0x00000002   Code   RO         7060    i.BMI088_com_init   bmi088middleware.o
    0x08000586   0x08000586   0x0000001a   Code   RO         7061    i.BMI088_delay_ms   bmi088middleware.o
    0x080005a0   0x080005a0   0x0000004a   Code   RO         7062    i.BMI088_delay_us   bmi088middleware.o
    0x080005ea   0x080005ea   0x0000001c   Code   RO         6989    i.BMI088_init       bmi088driver.o
    0x08000606   0x08000606   0x00000002   PAD
    0x08000608   0x08000608   0x0000017c   Code   RO         6990    i.BMI088_read       bmi088driver.o
    0x08000784   0x08000784   0x00000026   Code   RO         6991    i.BMI088_read_muli_reg  bmi088driver.o
    0x080007aa   0x080007aa   0x00000018   Code   RO         6992    i.BMI088_read_single_reg  bmi088driver.o
    0x080007c2   0x080007c2   0x00000002   PAD
    0x080007c4   0x080007c4   0x00000020   Code   RO         7063    i.BMI088_read_write_byte  bmi088middleware.o
    0x080007e4   0x080007e4   0x00000014   Code   RO         6993    i.BMI088_write_single_reg  bmi088driver.o
    0x080007f8   0x080007f8   0x00000024   Code   RO         7128    i.BSP_USART_Init    remote.o
    0x0800081c   0x0800081c   0x00000004   Code   RO          604    i.BusFault_Handler  stm32h7xx_it.o
    0x08000820   0x08000820   0x00000010   Code   RO          605    i.DMA1_Stream0_IRQHandler  stm32h7xx_it.o
    0x08000830   0x08000830   0x00000010   Code   RO          606    i.DMA1_Stream1_IRQHandler  stm32h7xx_it.o
    0x08000840   0x08000840   0x00000010   Code   RO          607    i.DMA1_Stream2_IRQHandler  stm32h7xx_it.o
    0x08000850   0x08000850   0x00000010   Code   RO          608    i.DMA1_Stream4_IRQHandler  stm32h7xx_it.o
    0x08000860   0x08000860   0x000000ec   Code   RO         2693    i.DMA_CalcBaseAndBitshift  stm32h7xx_hal_dma.o
    0x0800094c   0x0800094c   0x000000c4   Code   RO         2694    i.DMA_CalcDMAMUXChannelBaseAndMask  stm32h7xx_hal_dma.o
    0x08000a10   0x08000a10   0x00000098   Code   RO         2695    i.DMA_CalcDMAMUXRequestGenBaseAndMask  stm32h7xx_hal_dma.o
    0x08000aa8   0x08000aa8   0x000000ae   Code   RO         2696    i.DMA_CheckFifoParam  stm32h7xx_hal_dma.o
    0x08000b56   0x08000b56   0x00000002   PAD
    0x08000b58   0x08000b58   0x000000ec   Code   RO         2809    i.DMA_MultiBufferSetConfig  stm32h7xx_hal_dma_ex.o
    0x08000c44   0x08000c44   0x00000002   Code   RO          609    i.DebugMon_Handler  stm32h7xx_it.o
    0x08000c46   0x08000c46   0x00000006   Code   RO           13    i.Error_Handler     main.o
    0x08000c4c   0x08000c4c   0x00000024   Code   RO         5216    i.ExitRun0Mode      system_stm32h7xx.o
    0x08000c70   0x08000c70   0x00000138   Code   RO         6954    i.FIMU_Task         imu_temp_ctrl.o
    0x08000da8   0x08000da8   0x00000098   Code   RO         6851    i.FMotor_Task       motor_ctr.o
    0x08000e40   0x08000e40   0x00000058   Code   RO           14    i.FStart_Task       main.o
    0x08000e98   0x08000e98   0x00000320   Code   RO         2816    i.HAL_DMAEx_MultiBufferStart  stm32h7xx_hal_dma_ex.o
    0x080011b8   0x080011b8   0x000004dc   Code   RO         2698    i.HAL_DMA_Abort     stm32h7xx_hal_dma.o
    0x08001694   0x08001694   0x00000398   Code   RO         2699    i.HAL_DMA_Abort_IT  stm32h7xx_hal_dma.o
    0x08001a2c   0x08001a2c   0x00000af8   Code   RO         2703    i.HAL_DMA_IRQHandler  stm32h7xx_hal_dma.o
    0x08002524   0x08002524   0x00000514   Code   RO         2704    i.HAL_DMA_Init      stm32h7xx_hal_dma.o
    0x08002a38   0x08002a38   0x00000028   Code   RO         3395    i.HAL_Delay         stm32h7xx_hal.o
    0x08002a60   0x08002a60   0x000001f0   Code   RO         2546    i.HAL_GPIO_Init     stm32h7xx_hal_gpio.o
    0x08002c50   0x08002c50   0x0000000c   Code   RO         2550    i.HAL_GPIO_WritePin  stm32h7xx_hal_gpio.o
    0x08002c5c   0x08002c5c   0x0000000c   Code   RO         3411    i.HAL_GetTick       stm32h7xx_hal.o
    0x08002c68   0x08002c68   0x00000018   Code   RO         3417    i.HAL_IncTick       stm32h7xx_hal.o
    0x08002c80   0x08002c80   0x00000060   Code   RO         3418    i.HAL_Init          stm32h7xx_hal.o
    0x08002ce0   0x08002ce0   0x000000a0   Code   RO          746    i.HAL_InitTick      stm32h7xx_hal_timebase_tim.o
    0x08002d80   0x08002d80   0x0000005c   Code   RO         1816    i.HAL_MPU_ConfigRegion  stm32h7xx_hal_cortex.o
    0x08002ddc   0x08002ddc   0x0000002c   Code   RO         1817    i.HAL_MPU_Disable   stm32h7xx_hal_cortex.o
    0x08002e08   0x08002e08   0x00000040   Code   RO         1819    i.HAL_MPU_Enable    stm32h7xx_hal_cortex.o
    0x08002e48   0x08002e48   0x00000030   Code   RO          722    i.HAL_MspInit       stm32h7xx_hal_msp.o
    0x08002e78   0x08002e78   0x00000028   Code   RO         1823    i.HAL_NVIC_EnableIRQ  stm32h7xx_hal_cortex.o
    0x08002ea0   0x08002ea0   0x0000007a   Code   RO         1829    i.HAL_NVIC_SetPriority  stm32h7xx_hal_cortex.o
    0x08002f1a   0x08002f1a   0x00000002   PAD
    0x08002f1c   0x08002f1c   0x00000028   Code   RO         1830    i.HAL_NVIC_SetPriorityGrouping  stm32h7xx_hal_cortex.o
    0x08002f44   0x08002f44   0x00000060   Code   RO         3147    i.HAL_PWREx_ConfigSupply  stm32h7xx_hal_pwr_ex.o
    0x08002fa4   0x08002fa4   0x00000024   Code   RO         2089    i.HAL_RCCEx_GetD3PCLK1Freq  stm32h7xx_hal_rcc_ex.o
    0x08002fc8   0x08002fc8   0x00000230   Code   RO         2091    i.HAL_RCCEx_GetPLL2ClockFreq  stm32h7xx_hal_rcc_ex.o
    0x080031f8   0x080031f8   0x00000230   Code   RO         2092    i.HAL_RCCEx_GetPLL3ClockFreq  stm32h7xx_hal_rcc_ex.o
    0x08003428   0x08003428   0x00000cc8   Code   RO         2098    i.HAL_RCCEx_PeriphCLKConfig  stm32h7xx_hal_rcc_ex.o
    0x080040f0   0x080040f0   0x00000320   Code   RO         1974    i.HAL_RCC_ClockConfig  stm32h7xx_hal_rcc.o
    0x08004410   0x08004410   0x0000006c   Code   RO         1978    i.HAL_RCC_GetClockConfig  stm32h7xx_hal_rcc.o
    0x0800447c   0x0800447c   0x0000004c   Code   RO         1979    i.HAL_RCC_GetHCLKFreq  stm32h7xx_hal_rcc.o
    0x080044c8   0x080044c8   0x00000024   Code   RO         1981    i.HAL_RCC_GetPCLK1Freq  stm32h7xx_hal_rcc.o
    0x080044ec   0x080044ec   0x00000024   Code   RO         1982    i.HAL_RCC_GetPCLK2Freq  stm32h7xx_hal_rcc.o
    0x08004510   0x08004510   0x0000022c   Code   RO         1983    i.HAL_RCC_GetSysClockFreq  stm32h7xx_hal_rcc.o
    0x0800473c   0x0800473c   0x0000075c   Code   RO         1986    i.HAL_RCC_OscConfig  stm32h7xx_hal_rcc.o
    0x08004e98   0x08004e98   0x00000098   Code   RO         5092    i.HAL_RS485Ex_Init  stm32h7xx_hal_uart_ex.o
    0x08004f30   0x08004f30   0x00000002   Code   RO         4341    i.HAL_SPI_ErrorCallback  stm32h7xx_hal_spi.o
    0x08004f32   0x08004f32   0x00000002   PAD
    0x08004f34   0x08004f34   0x00000294   Code   RO         4344    i.HAL_SPI_IRQHandler  stm32h7xx_hal_spi.o
    0x080051c8   0x080051c8   0x000001b0   Code   RO         4345    i.HAL_SPI_Init      stm32h7xx_hal_spi.o
    0x08005378   0x08005378   0x00000204   Code   RO          431    i.HAL_SPI_MspInit   spi.o
    0x0800557c   0x0800557c   0x00000002   Code   RO         4351    i.HAL_SPI_RxCpltCallback  stm32h7xx_hal_spi.o
    0x0800557e   0x0800557e   0x00000002   Code   RO         4353    i.HAL_SPI_SuspendCallback  stm32h7xx_hal_spi.o
    0x08005580   0x08005580   0x000002b4   Code   RO         4354    i.HAL_SPI_Transmit  stm32h7xx_hal_spi.o
    0x08005834   0x08005834   0x00000454   Code   RO         4355    i.HAL_SPI_TransmitReceive  stm32h7xx_hal_spi.o
    0x08005c88   0x08005c88   0x00000002   Code   RO         4360    i.HAL_SPI_TxCpltCallback  stm32h7xx_hal_spi.o
    0x08005c8a   0x08005c8a   0x00000002   Code   RO         4362    i.HAL_SPI_TxRxCpltCallback  stm32h7xx_hal_spi.o
    0x08005c8c   0x08005c8c   0x00000002   Code   RO         1512    i.HAL_TIMEx_Break2Callback  stm32h7xx_hal_tim_ex.o
    0x08005c8e   0x08005c8e   0x00000002   Code   RO         1513    i.HAL_TIMEx_BreakCallback  stm32h7xx_hal_tim_ex.o
    0x08005c90   0x08005c90   0x00000002   Code   RO         1514    i.HAL_TIMEx_CommutCallback  stm32h7xx_hal_tim_ex.o
    0x08005c92   0x08005c92   0x00000002   PAD
    0x08005c94   0x08005c94   0x000000e4   Code   RO         1535    i.HAL_TIMEx_MasterConfigSynchronization  stm32h7xx_hal_tim_ex.o
    0x08005d78   0x08005d78   0x0000006e   Code   RO          787    i.HAL_TIM_Base_Init  stm32h7xx_hal_tim.o
    0x08005de6   0x08005de6   0x00000002   PAD
    0x08005de8   0x08005de8   0x00000040   Code   RO          479    i.HAL_TIM_Base_MspInit  tim.o
    0x08005e28   0x08005e28   0x000000cc   Code   RO          792    i.HAL_TIM_Base_Start_IT  stm32h7xx_hal_tim.o
    0x08005ef4   0x08005ef4   0x00000134   Code   RO          796    i.HAL_TIM_ConfigClockSource  stm32h7xx_hal_tim.o
    0x08006028   0x08006028   0x00000002   Code   RO          821    i.HAL_TIM_IC_CaptureCallback  stm32h7xx_hal_tim.o
    0x0800602a   0x0800602a   0x00000198   Code   RO          835    i.HAL_TIM_IRQHandler  stm32h7xx_hal_tim.o
    0x080061c2   0x080061c2   0x00000002   PAD
    0x080061c4   0x080061c4   0x0000005c   Code   RO          480    i.HAL_TIM_MspPostInit  tim.o
    0x08006220   0x08006220   0x00000002   Code   RO          838    i.HAL_TIM_OC_DelayElapsedCallback  stm32h7xx_hal_tim.o
    0x08006222   0x08006222   0x00000170   Code   RO          859    i.HAL_TIM_PWM_ConfigChannel  stm32h7xx_hal_tim.o
    0x08006392   0x08006392   0x0000006e   Code   RO          862    i.HAL_TIM_PWM_Init  stm32h7xx_hal_tim.o
    0x08006400   0x08006400   0x00000030   Code   RO          482    i.HAL_TIM_PWM_MspInit  tim.o
    0x08006430   0x08006430   0x00000002   Code   RO          865    i.HAL_TIM_PWM_PulseFinishedCallback  stm32h7xx_hal_tim.o
    0x08006432   0x08006432   0x00000002   PAD
    0x08006434   0x08006434   0x0000017c   Code   RO          867    i.HAL_TIM_PWM_Start  stm32h7xx_hal_tim.o
    0x080065b0   0x080065b0   0x0000004c   Code   RO           15    i.HAL_TIM_PeriodElapsedCallback  main.o
    0x080065fc   0x080065fc   0x00000002   Code   RO          878    i.HAL_TIM_TriggerCallback  stm32h7xx_hal_tim.o
    0x080065fe   0x080065fe   0x0000004e   Code   RO         5093    i.HAL_UARTEx_DisableFifoMode  stm32h7xx_hal_uart_ex.o
    0x0800664c   0x0800664c   0x0000016a   Code   RO         5098    i.HAL_UARTEx_ReceiveToIdle  stm32h7xx_hal_uart_ex.o
    0x080067b6   0x080067b6   0x00000002   PAD
    0x080067b8   0x080067b8   0x000005b8   Code   RO         7129    i.HAL_UARTEx_RxEventCallback  remote.o
    0x08006d70   0x08006d70   0x00000002   Code   RO         5101    i.HAL_UARTEx_RxFifoFullCallback  stm32h7xx_hal_uart_ex.o
    0x08006d72   0x08006d72   0x0000005e   Code   RO         5102    i.HAL_UARTEx_SetRxFifoThreshold  stm32h7xx_hal_uart_ex.o
    0x08006dd0   0x08006dd0   0x0000005e   Code   RO         5103    i.HAL_UARTEx_SetTxFifoThreshold  stm32h7xx_hal_uart_ex.o
    0x08006e2e   0x08006e2e   0x00000002   Code   RO         5105    i.HAL_UARTEx_TxFifoEmptyCallback  stm32h7xx_hal_uart_ex.o
    0x08006e30   0x08006e30   0x00000002   Code   RO         5106    i.HAL_UARTEx_WakeupCallback  stm32h7xx_hal_uart_ex.o
    0x08006e32   0x08006e32   0x00000002   Code   RO         4693    i.HAL_UART_ErrorCallback  stm32h7xx_hal_uart.o
    0x08006e34   0x08006e34   0x000004b6   Code   RO         4696    i.HAL_UART_IRQHandler  stm32h7xx_hal_uart.o
    0x080072ea   0x080072ea   0x00000078   Code   RO         4697    i.HAL_UART_Init     stm32h7xx_hal_uart.o
    0x08007362   0x08007362   0x00000002   PAD
    0x08007364   0x08007364   0x0000039c   Code   RO          545    i.HAL_UART_MspInit  usart.o
    0x08007700   0x08007700   0x000000c2   Code   RO         4706    i.HAL_UART_Transmit  stm32h7xx_hal_uart.o
    0x080077c2   0x080077c2   0x00000002   Code   RO         4709    i.HAL_UART_TxCpltCallback  stm32h7xx_hal_uart.o
    0x080077c4   0x080077c4   0x00000004   Code   RO          610    i.HardFault_Handler  stm32h7xx_it.o
    0x080077c8   0x080077c8   0x0000007c   Code   RO         6580    i.JointToMotor03    cal.o
    0x08007844   0x08007844   0x0000007c   Code   RO         6581    i.JointToMotor12    cal.o
    0x080078c0   0x080078c0   0x0000029c   Code   RO         6583    i.LinkageInverse    cal.o
    0x08007b5c   0x08007b5c   0x00000056   Code   RO           16    i.MPU_Config        main.o
    0x08007bb2   0x08007bb2   0x00000002   PAD
    0x08007bb4   0x08007bb4   0x00000064   Code   RO          388    i.MX_DMA_Init       dma.o
    0x08007c18   0x08007c18   0x00000094   Code   RO          320    i.MX_FREERTOS_Init  freertos.o
    0x08007cac   0x08007cac   0x00000170   Code   RO          293    i.MX_GPIO_Init      gpio.o
    0x08007e1c   0x08007e1c   0x00000064   Code   RO          432    i.MX_SPI2_Init      spi.o
    0x08007e80   0x08007e80   0x00000064   Code   RO          433    i.MX_SPI6_Init      spi.o
    0x08007ee4   0x08007ee4   0x00000070   Code   RO          483    i.MX_TIM2_Init      tim.o
    0x08007f54   0x08007f54   0x00000080   Code   RO          484    i.MX_TIM3_Init      tim.o
    0x08007fd4   0x08007fd4   0x00000074   Code   RO          546    i.MX_UART5_Init     usart.o
    0x08008048   0x08008048   0x0000006c   Code   RO          547    i.MX_USART10_UART_Init  usart.o
    0x080080b4   0x080080b4   0x00000074   Code   RO          548    i.MX_USART2_UART_Init  usart.o
    0x08008128   0x08008128   0x00000074   Code   RO          549    i.MX_USART3_UART_Init  usart.o
    0x0800819c   0x0800819c   0x00000004   Code   RO          611    i.MemManage_Handler  stm32h7xx_it.o
    0x080081a0   0x080081a0   0x00000020   Code   RO         6853    i.MixControl        motor_ctr.o
    0x080081c0   0x080081c0   0x000003d4   Code   RO         6586    i.Motor_Init        cal.o
    0x08008594   0x08008594   0x00000004   Code   RO          612    i.NMI_Handler       stm32h7xx_it.o
    0x08008598   0x08008598   0x00000164   Code   RO         2101    i.RCCEx_PLL2_Config  stm32h7xx_hal_rcc_ex.o
    0x080086fc   0x080086fc   0x00000164   Code   RO         2102    i.RCCEx_PLL3_Config  stm32h7xx_hal_rcc_ex.o
    0x08008860   0x08008860   0x000000b2   Code   RO         7130    i.SBUS_TO_RC        remote.o
    0x08008912   0x08008912   0x00000002   PAD
    0x08008914   0x08008914   0x00000080   Code   RO         6790    i.SERVO_Send_recv_ch2  go-m8010-6.o
    0x08008994   0x08008994   0x00000010   Code   RO          613    i.SPI2_IRQHandler   stm32h7xx_it.o
    0x080089a4   0x080089a4   0x000000d6   Code   RO         4365    i.SPI_CloseTransfer  stm32h7xx_hal_spi.o
    0x08008a7a   0x08008a7a   0x0000001c   Code   RO         4366    i.SPI_DMAAbortOnError  stm32h7xx_hal_spi.o
    0x08008a96   0x08008a96   0x0000001a   Code   RO         4376    i.SPI_GetPacketSize  stm32h7xx_hal_spi.o
    0x08008ab0   0x08008ab0   0x00000042   Code   RO         4383    i.SPI_WaitOnFlagUntilTimeout  stm32h7xx_hal_spi.o
    0x08008af2   0x08008af2   0x0000000a   Code   RO          321    i.StartDefaultTask  freertos.o
    0x08008afc   0x08008afc   0x00000034   Code   RO         6498    i.SysTick_Handler   port.o
    0x08008b30   0x08008b30   0x000000b4   Code   RO           17    i.SystemClock_Config  main.o
    0x08008be4   0x08008be4   0x0000010c   Code   RO         5218    i.SystemInit        system_stm32h7xx.o
    0x08008cf0   0x08008cf0   0x00000010   Code   RO          614    i.TIM2_IRQHandler   stm32h7xx_it.o
    0x08008d00   0x08008d00   0x00000010   Code   RO          615    i.TIM6_DAC_IRQHandler  stm32h7xx_it.o
    0x08008d10   0x08008d10   0x000000e8   Code   RO          880    i.TIM_Base_SetConfig  stm32h7xx_hal_tim.o
    0x08008df8   0x08008df8   0x00000022   Code   RO          881    i.TIM_CCxChannelCmd  stm32h7xx_hal_tim.o
    0x08008e1a   0x08008e1a   0x00000016   Code   RO          891    i.TIM_ETR_SetConfig  stm32h7xx_hal_tim.o
    0x08008e30   0x08008e30   0x00000018   Code   RO          892    i.TIM_ITRx_SetConfig  stm32h7xx_hal_tim.o
    0x08008e48   0x08008e48   0x000000ac   Code   RO          893    i.TIM_OC1_SetConfig  stm32h7xx_hal_tim.o
    0x08008ef4   0x08008ef4   0x000000b4   Code   RO          894    i.TIM_OC2_SetConfig  stm32h7xx_hal_tim.o
    0x08008fa8   0x08008fa8   0x000000b4   Code   RO          895    i.TIM_OC3_SetConfig  stm32h7xx_hal_tim.o
    0x0800905c   0x0800905c   0x00000074   Code   RO          896    i.TIM_OC4_SetConfig  stm32h7xx_hal_tim.o
    0x080090d0   0x080090d0   0x00000070   Code   RO          897    i.TIM_OC5_SetConfig  stm32h7xx_hal_tim.o
    0x08009140   0x08009140   0x00000070   Code   RO          898    i.TIM_OC6_SetConfig  stm32h7xx_hal_tim.o
    0x080091b0   0x080091b0   0x00000026   Code   RO          900    i.TIM_TI1_ConfigInputStage  stm32h7xx_hal_tim.o
    0x080091d6   0x080091d6   0x00000028   Code   RO          902    i.TIM_TI2_ConfigInputStage  stm32h7xx_hal_tim.o
    0x080091fe   0x080091fe   0x00000002   PAD
    0x08009200   0x08009200   0x00000010   Code   RO          616    i.UART5_IRQHandler  stm32h7xx_it.o
    0x08009210   0x08009210   0x00000058   Code   RO         5107    i.UARTEx_SetNbDataToProcess  stm32h7xx_hal_uart_ex.o
    0x08009268   0x08009268   0x000000f8   Code   RO         4711    i.UART_AdvFeatureConfig  stm32h7xx_hal_uart.o
    0x08009360   0x08009360   0x000000ea   Code   RO         4712    i.UART_CheckIdleState  stm32h7xx_hal_uart.o
    0x0800944a   0x0800944a   0x00000014   Code   RO         4713    i.UART_DMAAbortOnError  stm32h7xx_hal_uart.o
    0x0800945e   0x0800945e   0x00000002   PAD
    0x08009460   0x08009460   0x0000006c   Code   RO         4723    i.UART_EndRxTransfer  stm32h7xx_hal_uart.o
    0x080094cc   0x080094cc   0x00000030   Code   RO         4724    i.UART_EndTransmit_IT  stm32h7xx_hal_uart.o
    0x080094fc   0x080094fc   0x00000628   Code   RO         4730    i.UART_SetConfig    stm32h7xx_hal_uart.o
    0x08009b24   0x08009b24   0x000000ac   Code   RO         4737    i.UART_WaitOnFlagUntilTimeout  stm32h7xx_hal_uart.o
    0x08009bd0   0x08009bd0   0x00000010   Code   RO          617    i.USART2_IRQHandler  stm32h7xx_it.o
    0x08009be0   0x08009be0   0x00000010   Code   RO          618    i.USART3_IRQHandler  stm32h7xx_it.o
    0x08009bf0   0x08009bf0   0x00000048   Code   RO         7131    i.USART_RxDMA_MultiBufferStart  remote.o
    0x08009c38   0x08009c38   0x00000004   Code   RO          619    i.UsageFault_Handler  stm32h7xx_it.o
    0x08009c3c   0x08009c3c   0x000000b0   Code   RO         7189    i.WS2812_Ctrl       ws2812.o
    0x08009cec   0x08009cec   0x00000026   Code   RO         7316    i.__ARM_fpclassifyf  m_wv.l(fpclassifyf.o)
    0x08009d12   0x08009d12   0x00000002   PAD
    0x08009d14   0x08009d14   0x00000010   Code   RO         1836    i.__NVIC_GetPriorityGrouping  stm32h7xx_hal_cortex.o
    0x08009d24   0x08009d24   0x00000028   Code   RO         1837    i.__NVIC_SetPriority  stm32h7xx_hal_cortex.o
    0x08009d4c   0x08009d4c   0x00000124   Code   RO         7214    i.__hardfp_acosf    m_wv.l(acosf.o)
    0x08009e70   0x08009e70   0x00000258   Code   RO         7226    i.__hardfp_atan2f   m_wv.l(atan2f.o)
    0x0800a0c8   0x0800a0c8   0x00000150   Code   RO         7250    i.__hardfp_cosf     m_wv.l(cosf.o)
    0x0800a218   0x0800a218   0x00000194   Code   RO         7262    i.__hardfp_sinf     m_wv.l(sinf.o)
    0x0800a3ac   0x0800a3ac   0x0000003a   Code   RO         7274    i.__hardfp_sqrtf    m_wv.l(sqrtf.o)
    0x0800a3e6   0x0800a3e6   0x00000006   Code   RO         7319    i.__mathlib_flt_infnan  m_wv.l(funder.o)
    0x0800a3ec   0x0800a3ec   0x00000006   Code   RO         7320    i.__mathlib_flt_infnan2  m_wv.l(funder.o)
    0x0800a3f2   0x0800a3f2   0x00000002   PAD
    0x0800a3f4   0x0800a3f4   0x00000010   Code   RO         7321    i.__mathlib_flt_invalid  m_wv.l(funder.o)
    0x0800a404   0x0800a404   0x00000010   Code   RO         7324    i.__mathlib_flt_underflow  m_wv.l(funder.o)
    0x0800a414   0x0800a414   0x00000154   Code   RO         7337    i.__mathlib_rredf2  m_wv.l(rredf.o)
    0x0800a568   0x0800a568   0x0000000e   Code   RO         7386    i.__scatterload_copy  mc_w.l(handlers.o)
    0x0800a576   0x0800a576   0x00000002   Code   RO         7387    i.__scatterload_null  mc_w.l(handlers.o)
    0x0800a578   0x0800a578   0x0000000e   Code   RO         7388    i.__scatterload_zeroinit  mc_w.l(handlers.o)
    0x0800a586   0x0800a586   0x00000002   PAD
    0x0800a588   0x0800a588   0x0000000c   Code   RO         7366    i.__set_errno       mc_w.l(errno.o)
    0x0800a594   0x0800a594   0x00000128   Code   RO         6994    i.bmi088_accel_init  bmi088driver.o
    0x0800a6bc   0x0800a6bc   0x000000f4   Code   RO         6995    i.bmi088_gyro_init  bmi088driver.o
    0x0800a7b0   0x0800a7b0   0x00000028   Code   RO         6791    i.crc_ccitt         go-m8010-6.o
    0x0800a7d8   0x0800a7d8   0x00000018   Code   RO         6792    i.crc_ccitt_byte    go-m8010-6.o
    0x0800a7f0   0x0800a7f0   0x000000c0   Code   RO         6793    i.extract_data      go-m8010-6.o
    0x0800a8b0   0x0800a8b0   0x00000070   Code   RO           18    i.main              main.o
    0x0800a920   0x0800a920   0x0000000e   Code   RO         6063    i.makeFreeRtosPriority  cmsis_os.o
    0x0800a92e   0x0800a92e   0x00000002   PAD
    0x0800a930   0x0800a930   0x00000218   Code   RO         6794    i.modify_data       go-m8010-6.o
    0x0800ab48   0x0800ab48   0x00000160   Code   RO         6858    i.move_bezier       motor_ctr.o
    0x0800aca8   0x0800aca8   0x00000018   Code   RO         6065    i.osDelay           cmsis_os.o
    0x0800acc0   0x0800acc0   0x0000000a   Code   RO         6068    i.osKernelStart     cmsis_os.o
    0x0800acca   0x0800acca   0x0000004a   Code   RO         6094    i.osSemaphoreCreate  cmsis_os.o
    0x0800ad14   0x0800ad14   0x0000005e   Code   RO         6102    i.osThreadCreate    cmsis_os.o
    0x0800ad72   0x0800ad72   0x00000002   PAD
    0x0800ad74   0x0800ad74   0x00000098   Code   RO         5734    i.prvAddCurrentTaskToDelayedList  tasks.o
    0x0800ae0c   0x0800ae0c   0x000000b4   Code   RO         5735    i.prvAddNewTaskToReadyList  tasks.o
    0x0800aec0   0x0800aec0   0x00000048   Code   RO         5736    i.prvCheckTasksWaitingTermination  tasks.o
    0x0800af08   0x0800af08   0x0000007e   Code   RO         5401    i.prvCopyDataToQueue  queue.o
    0x0800af86   0x0800af86   0x00000050   Code   RO         5737    i.prvDeleteTCB      tasks.o
    0x0800afd6   0x0800afd6   0x00000002   PAD
    0x0800afd8   0x0800afd8   0x0000007c   Code   RO         6430    i.prvHeapInit       heap_4.o
    0x0800b054   0x0800b054   0x00000028   Code   RO         5738    i.prvIdleTask       tasks.o
    0x0800b07c   0x0800b07c   0x00000026   Code   RO         5404    i.prvInitialiseNewQueue  queue.o
    0x0800b0a2   0x0800b0a2   0x000000b4   Code   RO         5739    i.prvInitialiseNewTask  tasks.o
    0x0800b156   0x0800b156   0x00000002   PAD
    0x0800b158   0x0800b158   0x00000068   Code   RO         5740    i.prvInitialiseTaskLists  tasks.o
    0x0800b1c0   0x0800b1c0   0x00000068   Code   RO         6431    i.prvInsertBlockIntoFreeList  heap_4.o
    0x0800b228   0x0800b228   0x0000001e   Code   RO         5406    i.prvIsQueueFull    queue.o
    0x0800b246   0x0800b246   0x00000002   PAD
    0x0800b248   0x0800b248   0x00000034   Code   RO         5741    i.prvResetNextTaskUnblockTime  tasks.o
    0x0800b27c   0x0800b27c   0x00000040   Code   RO         6499    i.prvTaskExitError  port.o
    0x0800b2bc   0x0800b2bc   0x0000007e   Code   RO         5407    i.prvUnlockQueue    queue.o
    0x0800b33a   0x0800b33a   0x00000002   PAD
    0x0800b33c   0x0800b33c   0x0000014c   Code   RO         6432    i.pvPortMalloc      heap_4.o
    0x0800b488   0x0800b488   0x0000002c   Code   RO         6500    i.pxPortInitialiseStack  port.o
    0x0800b4b4   0x0800b4b4   0x00000012   Code   RO         6859    i.set_exp           motor_ctr.o
    0x0800b4c6   0x0800b4c6   0x00000002   PAD
    0x0800b4c8   0x0800b4c8   0x000000b0   Code   RO         6860    i.set_foot_pos0     motor_ctr.o
    0x0800b578   0x0800b578   0x000000b4   Code   RO         6861    i.set_foot_pos1     motor_ctr.o
    0x0800b62c   0x0800b62c   0x000000b8   Code   RO         6862    i.set_foot_pos2     motor_ctr.o
    0x0800b6e4   0x0800b6e4   0x000000b4   Code   RO         6863    i.set_foot_pos3     motor_ctr.o
    0x0800b798   0x0800b798   0x0000003e   Code   RO         7276    i.sqrtf             m_wv.l(sqrtf.o)
    0x0800b7d6   0x0800b7d6   0x00000028   Code   RO         5360    i.uxListRemove      list.o
    0x0800b7fe   0x0800b7fe   0x00000002   PAD
    0x0800b800   0x0800b800   0x00000018   Code   RO          322    i.vApplicationGetIdleTaskMemory  freertos.o
    0x0800b818   0x0800b818   0x0000001a   Code   RO         5361    i.vListInitialise   list.o
    0x0800b832   0x0800b832   0x00000006   Code   RO         5362    i.vListInitialiseItem  list.o
    0x0800b838   0x0800b838   0x00000034   Code   RO         5363    i.vListInsert       list.o
    0x0800b86c   0x0800b86c   0x00000018   Code   RO         5364    i.vListInsertEnd    list.o
    0x0800b884   0x0800b884   0x00000054   Code   RO         6502    i.vPortEnterCritical  port.o
    0x0800b8d8   0x0800b8d8   0x0000003c   Code   RO         6503    i.vPortExitCritical  port.o
    0x0800b914   0x0800b914   0x000000a4   Code   RO         6433    i.vPortFree         heap_4.o
    0x0800b9b8   0x0800b9b8   0x00000028   Code   RO         6504    i.vPortSetupTimerInterrupt  port.o
    0x0800b9e0   0x0800b9e0   0x0000005c   Code   RO         5750    i.vTaskDelay        tasks.o
    0x0800ba3c   0x0800ba3c   0x000000f4   Code   RO         5751    i.vTaskDelete       tasks.o
    0x0800bb30   0x0800bb30   0x00000018   Code   RO         5753    i.vTaskInternalSetTimeOutState  tasks.o
    0x0800bb48   0x0800bb48   0x0000000c   Code   RO         5754    i.vTaskMissedYield  tasks.o
    0x0800bb54   0x0800bb54   0x00000038   Code   RO         5756    i.vTaskPlaceOnEventList  tasks.o
    0x0800bb8c   0x0800bb8c   0x000000b0   Code   RO         5763    i.vTaskStartScheduler  tasks.o
    0x0800bc3c   0x0800bc3c   0x00000010   Code   RO         5765    i.vTaskSuspendAll   tasks.o
    0x0800bc4c   0x0800bc4c   0x0000008c   Code   RO         5766    i.vTaskSwitchContext  tasks.o
    0x0800bcd8   0x0800bcd8   0x00000050   Code   RO         6590    i.validateAngle     cal.o
    0x0800bd28   0x0800bd28   0x00000168   Code   RO         6506    i.xPortStartScheduler  port.o
    0x0800be90   0x0800be90   0x0000005a   Code   RO         5416    i.xQueueGenericCreate  queue.o
    0x0800beea   0x0800beea   0x000000e0   Code   RO         5417    i.xQueueGenericCreateStatic  queue.o
    0x0800bfca   0x0800bfca   0x00000002   PAD
    0x0800bfcc   0x0800bfcc   0x00000098   Code   RO         5418    i.xQueueGenericReset  queue.o
    0x0800c064   0x0800c064   0x000001a8   Code   RO         5419    i.xQueueGenericSend  queue.o
    0x0800c20c   0x0800c20c   0x0000008c   Code   RO         5768    i.xTaskCheckForTimeOut  tasks.o
    0x0800c298   0x0800c298   0x00000064   Code   RO         5769    i.xTaskCreate       tasks.o
    0x0800c2fc   0x0800c2fc   0x000000ba   Code   RO         5770    i.xTaskCreateStatic  tasks.o
    0x0800c3b6   0x0800c3b6   0x00000002   PAD
    0x0800c3b8   0x0800c3b8   0x00000020   Code   RO         5774    i.xTaskGetSchedulerState  tasks.o
    0x0800c3d8   0x0800c3d8   0x00000148   Code   RO         5777    i.xTaskIncrementTick  tasks.o
    0x0800c520   0x0800c520   0x000000c8   Code   RO         5780    i.xTaskPriorityDisinherit  tasks.o
    0x0800c5e8   0x0800c5e8   0x00000098   Code   RO         5782    i.xTaskRemoveFromEventList  tasks.o
    0x0800c680   0x0800c680   0x00000104   Code   RO         5783    i.xTaskResumeAll    tasks.o
    0x0800c784   0x0800c784   0x00000078   Data   RO          324    .constdata          freertos.o
    0x0800c7fc   0x0800c7fc   0x00000008   Data   RO         2710    .constdata          stm32h7xx_hal_dma.o
    0x0800c804   0x0800c804   0x00000018   Data   RO         4738    .constdata          stm32h7xx_hal_uart.o
    0x0800c81c   0x0800c81c   0x00000010   Data   RO         5109    .constdata          stm32h7xx_hal_uart_ex.o
    0x0800c82c   0x0800c82c   0x00000010   Data   RO         5219    .constdata          system_stm32h7xx.o
    0x0800c83c   0x0800c83c   0x00000200   Data   RO         6795    .constdata          go-m8010-6.o
    0x0800ca3c   0x0800ca3c   0x00000020   Data   RO         7338    .constdata          m_wv.l(rredf.o)
    0x0800ca5c   0x0800ca5c   0x00000030   Data   RO          325    .conststring        freertos.o
    0x0800ca8c   0x0800ca8c   0x00000030   Data   RO         7384    Region$$Table       anon$$obj.o


    Execution Region RW_IRAM1 (Exec base: 0x20000000, Load base: 0x0800cabc, Size: 0x00003c00, Max: 0x00020000, ABSOLUTE)

    Exec Addr    Load Addr    Size         Type   Attr      Idx    E Section Name        Object

    0x20000000        -       0x00003c00   Zero   RW         6438    .bss                heap_4.o


    Execution Region RW_IRAM2 (Exec base: 0x24000000, Load base: 0x0800cabc, Size: 0x00001950, Max: 0x00020000, ABSOLUTE, COMPRESSED[0x0000007c])

    Exec Addr    Load Addr    Size         Type   Attr      Idx    E Section Name        Object

    0x24000000   COMPRESSED   0x00000001   Data   RW           19    .data               main.o
    0x24000001   COMPRESSED   0x00000003   PAD
    0x24000004   COMPRESSED   0x00000014   Data   RW          326    .data               freertos.o
    0x24000018   COMPRESSED   0x00000009   Data   RW         3442    .data               stm32h7xx_hal.o
    0x24000021   COMPRESSED   0x00000003   PAD
    0x24000024   COMPRESSED   0x00000008   Data   RW         5220    .data               system_stm32h7xx.o
    0x2400002c   COMPRESSED   0x0000003c   Data   RW         5786    .data               tasks.o
    0x24000068   COMPRESSED   0x00000020   Data   RW         6439    .data               heap_4.o
    0x24000088   COMPRESSED   0x0000000c   Data   RW         6507    .data               port.o
    0x24000094   COMPRESSED   0x00000024   Data   RW         6593    .data               cal.o
    0x240000b8   COMPRESSED   0x00000210   Data   RW         6865    .data               motor_ctr.o
    0x240002c8   COMPRESSED   0x00000018   Data   RW         6957    .data               imu_temp_ctrl.o
    0x240002e0   COMPRESSED   0x0000002c   Data   RW         6996    .data               bmi088driver.o
    0x2400030c   COMPRESSED   0x0000001a   Data   RW         7134    .data               remote.o
    0x24000326   COMPRESSED   0x00000002   PAD
    0x24000328   COMPRESSED   0x00000004   Data   RW         7367    .data               mc_w.l(errno.o)
    0x2400032c        -       0x000004f0   Zero   RW          323    .bss                freertos.o
    0x2400081c        -       0x00000200   Zero   RW          434    .bss                spi.o
    0x24000a1c        -       0x00000098   Zero   RW          485    .bss                tim.o
    0x24000ab4        -       0x00000340   Zero   RW          550    .bss                usart.o
    0x24000df4        -       0x0000004c   Zero   RW          749    .bss                stm32h7xx_hal_timebase_tim.o
    0x24000e40        -       0x000000f0   Zero   RW         5785    .bss                tasks.o
    0x24000f30        -       0x000003a0   Zero   RW         6591    .bss                cal.o
    0x240012d0        -       0x00000200   Zero   RW         6864    .bss                motor_ctr.o
    0x240014d0        -       0x00000018   Zero   RW         6956    .bss                imu_temp_ctrl.o
    0x240014e8        -       0x00000064   Zero   RW         7133    .bss                remote.o
    0x2400154c   COMPRESSED   0x00000004   PAD
    0x24001550        -       0x00000400   Zero   RW            1    STACK               startup_stm32h723xx.o


==============================================================================

Image component sizes


      Code (inc. data)   RO Data    RW Data    ZI Data      Debug   Object Name

      1030         20          0         44          0       6418   bmi088driver.o
       216         28          0          0          0       4772   bmi088middleware.o
      1976         96          0         36        928       8001   cal.o
       216          0          0          0          0      23815   cmsis_os.o
       100          4          0          0          0        882   dma.o
         0          0          0          0          0      19872   event_groups.o
       182         34        168         20       1264       7595   freertos.o
       920         78        512          0          0       4353   go-m8010-6.o
       368         20          0          0          0       1215   gpio.o
       724         74          0         32      15360       7447   heap_4.o
       312         58          0         24         24       1684   imu_temp_ctrl.o
       148          0          0          0          0       3610   list.o
       548         46          0          1          0    1242508   main.o
      1274        158          0        528        512       6602   motor_ctr.o
       894         78          0         12          0      11120   port.o
      1210         10          0          0          0      12287   queue.o
      1750         46          0         26        100       4298   remote.o
       716         58          0          0        512       2752   spi.o
        44         12        716          0       1024        828   startup_stm32h723xx.o
       172         34          0          9          0      22966   stm32h7xx_hal.o
       458         40          0          0          0      41412   stm32h7xx_hal_cortex.o
      7030        138          8          0          0      11011   stm32h7xx_hal_dma.o
      1036         22          0          0          0       2633   stm32h7xx_hal_dma_ex.o
       508         50          0          0          0       2204   stm32h7xx_hal_gpio.o
        48          6          0          0          0        918   stm32h7xx_hal_msp.o
        96          6          0          0          0        761   stm32h7xx_hal_pwr_ex.o
      3496        120          0          0          0       7517   stm32h7xx_hal_rcc.o
      5140        112          0          0          0       7273   stm32h7xx_hal_rcc_ex.o
      3236         32          0          0          0      11680   stm32h7xx_hal_spi.o
      3158        302          0          0          0      17486   stm32h7xx_hal_tim.o
       234         38          0          0          0       3248   stm32h7xx_hal_tim_ex.o
       160         20          0          0         76       1623   stm32h7xx_hal_timebase_tim.o
      3930        152         24          0          0      30919   stm32h7xx_hal_uart.o
       874         14         16          0          0       7656   stm32h7xx_hal_uart_ex.o
       182         60          0          0          0       7638   stm32h7xx_it.o
         0          0          0          0          0        384   stream_buffer.o
       304         38         16          8          0       1845   system_stm32h7xx.o
      3018        382          0         60        240      26614   tasks.o
       444         42          0          0        152       3615   tim.o
      1380        104          0          0        832       4391   usart.o
       176          6          0          0          0        874   ws2812.o

    ----------------------------------------------------------------------
     47762       2538       1508        808      21028    1584727   Object Totals
         0          0         48          0          0          0   (incl. Generated)
        54          0          0          8          4          0   (incl. Padding)

    ----------------------------------------------------------------------

      Code (inc. data)   RO Data    RW Data    ZI Data      Debug   Library Member Name

       292         58          0          0          0        176   acosf.o
       600         98          0          0          0        184   atan2f.o
       336         60          0          0          0        136   cosf.o
        38          0          0          0          0        116   fpclassifyf.o
        44         12          0          0          0        464   funder.o
       340         24         32          0          0        160   rredf.o
       404         60          0          0          0        212   sinf.o
       120          0          0          0          0        272   sqrtf.o
        86          0          0          0          0          0   __dczerorl2.o
         0          0          0          0          0          0   entry.o
         0          0          0          0          0          0   entry10a.o
         0          0          0          0          0          0   entry11a.o
         8          4          0          0          0          0   entry2.o
         4          0          0          0          0          0   entry5.o
         0          0          0          0          0          0   entry7b.o
         0          0          0          0          0          0   entry8b.o
         8          4          0          0          0          0   entry9a.o
        12          6          0          4          0         68   errno.o
        30          0          0          0          0          0   handlers.o
        36          8          0          0          0         68   init.o
         0          0          0          0          0          0   iusefp.o
        30          0          0          0          0         68   llshl.o
        32          0          0          0          0         68   llushr.o
        36          0          0          0          0         68   memcpya.o
        36          0          0          0          0        108   memseta.o
        98          0          0          0          0         92   uldiv.o

    ----------------------------------------------------------------------
      2598        334         32          4          0       2260   Library Totals
         8          0          0          0          0          0   (incl. Padding)

    ----------------------------------------------------------------------

      Code (inc. data)   RO Data    RW Data    ZI Data      Debug   Library Name

      2174        312         32          0          0       1720   m_wv.l
       416         22          0          4          0        540   mc_w.l

    ----------------------------------------------------------------------
      2598        334         32          4          0       2260   Library Totals

    ----------------------------------------------------------------------

==============================================================================


      Code (inc. data)   RO Data    RW Data    ZI Data      Debug   

     50360       2872       1540        812      21028    1563215   Grand Totals
     50360       2872       1540        124      21028    1563215   ELF Image Totals (compressed)
     50360       2872       1540        124          0          0   ROM Totals

==============================================================================

    Total RO  Size (Code + RO Data)                51900 (  50.68kB)
    Total RW  Size (RW Data + ZI Data)             21840 (  21.33kB)
    Total ROM Size (Code + RO Data + RW Data)      52024 (  50.80kB)

==============================================================================

