Component: ARM Compiler 5.06 update 6 (build 750) Tool: armlink [4d35ed]

==============================================================================

Section Cross References

    startup_stm32h723xx.o(RESET) refers to startup_stm32h723xx.o(STACK) for __initial_sp
    startup_stm32h723xx.o(RESET) refers to startup_stm32h723xx.o(.text) for Reset_Handler
    startup_stm32h723xx.o(RESET) refers to stm32h7xx_it.o(i.NMI_Handler) for NMI_Handler
    startup_stm32h723xx.o(RESET) refers to stm32h7xx_it.o(i.HardFault_Handler) for HardFault_Handler
    startup_stm32h723xx.o(RESET) refers to stm32h7xx_it.o(i.MemManage_Handler) for MemManage_Handler
    startup_stm32h723xx.o(RESET) refers to stm32h7xx_it.o(i.BusFault_Handler) for BusFault_Handler
    startup_stm32h723xx.o(RESET) refers to stm32h7xx_it.o(i.UsageFault_Handler) for UsageFault_Handler
    startup_stm32h723xx.o(RESET) refers to port.o(.emb_text) for SVC_Handler
    startup_stm32h723xx.o(RESET) refers to stm32h7xx_it.o(i.DebugMon_Handler) for DebugMon_Handler
    startup_stm32h723xx.o(RESET) refers to port.o(i.SysTick_Handler) for SysTick_Handler
    startup_stm32h723xx.o(RESET) refers to stm32h7xx_it.o(i.DMA1_Stream0_IRQHandler) for DMA1_Stream0_IRQHandler
    startup_stm32h723xx.o(RESET) refers to stm32h7xx_it.o(i.DMA1_Stream1_IRQHandler) for DMA1_Stream1_IRQHandler
    startup_stm32h723xx.o(RESET) refers to stm32h7xx_it.o(i.DMA1_Stream2_IRQHandler) for DMA1_Stream2_IRQHandler
    startup_stm32h723xx.o(RESET) refers to stm32h7xx_it.o(i.DMA1_Stream4_IRQHandler) for DMA1_Stream4_IRQHandler
    startup_stm32h723xx.o(RESET) refers to stm32h7xx_it.o(i.DMA1_Stream6_IRQHandler) for DMA1_Stream6_IRQHandler
    startup_stm32h723xx.o(RESET) refers to stm32h7xx_it.o(i.TIM2_IRQHandler) for TIM2_IRQHandler
    startup_stm32h723xx.o(RESET) refers to stm32h7xx_it.o(i.SPI2_IRQHandler) for SPI2_IRQHandler
    startup_stm32h723xx.o(RESET) refers to stm32h7xx_it.o(i.USART3_IRQHandler) for USART3_IRQHandler
    startup_stm32h723xx.o(RESET) refers to stm32h7xx_it.o(i.DMA1_Stream7_IRQHandler) for DMA1_Stream7_IRQHandler
    startup_stm32h723xx.o(RESET) refers to stm32h7xx_it.o(i.UART5_IRQHandler) for UART5_IRQHandler
    startup_stm32h723xx.o(RESET) refers to stm32h7xx_it.o(i.TIM6_DAC_IRQHandler) for TIM6_DAC_IRQHandler
    startup_stm32h723xx.o(.text) refers to system_stm32h7xx.o(i.ExitRun0Mode) for ExitRun0Mode
    startup_stm32h723xx.o(.text) refers to system_stm32h7xx.o(i.SystemInit) for SystemInit
    startup_stm32h723xx.o(.text) refers to entry.o(.ARM.Collect$$$$00000000) for __main
    main.o(i.HAL_TIM_PeriodElapsedCallback) refers to stm32h7xx_hal.o(i.HAL_IncTick) for HAL_IncTick
    main.o(i.HAL_TIM_PeriodElapsedCallback) refers to ws2812.o(i.WS2812_Ctrl) for WS2812_Ctrl
    main.o(i.HAL_TIM_PeriodElapsedCallback) refers to main.o(.data) for .data
    main.o(i.SystemClock_Config) refers to memseta.o(.text) for __aeabi_memclr4
    main.o(i.SystemClock_Config) refers to stm32h7xx_hal_pwr_ex.o(i.HAL_PWREx_ConfigSupply) for HAL_PWREx_ConfigSupply
    main.o(i.SystemClock_Config) refers to stm32h7xx_hal_rcc.o(i.HAL_RCC_OscConfig) for HAL_RCC_OscConfig
    main.o(i.SystemClock_Config) refers to stm32h7xx_hal_rcc.o(i.HAL_RCC_ClockConfig) for HAL_RCC_ClockConfig
    main.o(i.main) refers to stm32h7xx_hal_cortex.o(i.HAL_MPU_Disable) for HAL_MPU_Disable
    main.o(i.main) refers to stm32h7xx_hal_cortex.o(i.HAL_MPU_ConfigRegion) for HAL_MPU_ConfigRegion
    main.o(i.main) refers to stm32h7xx_hal_cortex.o(i.HAL_MPU_Enable) for HAL_MPU_Enable
    main.o(i.main) refers to stm32h7xx_hal.o(i.HAL_Init) for HAL_Init
    main.o(i.main) refers to main.o(i.SystemClock_Config) for SystemClock_Config
    main.o(i.main) refers to gpio.o(i.MX_GPIO_Init) for MX_GPIO_Init
    main.o(i.main) refers to dma.o(i.MX_DMA_Init) for MX_DMA_Init
    main.o(i.main) refers to usart.o(i.MX_USART2_UART_Init) for MX_USART2_UART_Init
    main.o(i.main) refers to usart.o(i.MX_USART3_UART_Init) for MX_USART3_UART_Init
    main.o(i.main) refers to spi.o(i.MX_SPI2_Init) for MX_SPI2_Init
    main.o(i.main) refers to tim.o(i.MX_TIM3_Init) for MX_TIM3_Init
    main.o(i.main) refers to usart.o(i.MX_USART10_UART_Init) for MX_USART10_UART_Init
    main.o(i.main) refers to usart.o(i.MX_UART5_Init) for MX_UART5_Init
    main.o(i.main) refers to spi.o(i.MX_SPI6_Init) for MX_SPI6_Init
    main.o(i.main) refers to tim.o(i.MX_TIM2_Init) for MX_TIM2_Init
    main.o(i.main) refers to stm32h7xx_hal_gpio.o(i.HAL_GPIO_WritePin) for HAL_GPIO_WritePin
    main.o(i.main) refers to remote.o(i.BSP_USART_Init) for BSP_USART_Init
    main.o(i.main) refers to stm32h7xx_hal_tim.o(i.HAL_TIM_Base_Start_IT) for HAL_TIM_Base_Start_IT
    main.o(i.main) refers to freertos.o(i.MX_FREERTOS_Init) for MX_FREERTOS_Init
    main.o(i.main) refers to cmsis_os.o(i.osKernelStart) for osKernelStart
    main.o(i.main) refers to tim.o(.bss) for htim2
    gpio.o(i.MX_GPIO_Init) refers to memseta.o(.text) for __aeabi_memclr4
[...]
    i.__scatterload_null                     0x08007164   Section        2  handlers.o(i.__scatterload_null)
    i.__scatterload_zeroinit                 0x08007166   Section       14  handlers.o(i.__scatterload_zeroinit)
    i.bmi088_accel_init                      0x08007174   Section        0  bmi088driver.o(i.bmi088_accel_init)
    i.bmi088_gyro_init                       0x08007284   Section        0  bmi088driver.o(i.bmi088_gyro_init)
    i.crc_ccitt                              0x08007364   Section        0  go-m8010-6.o(i.crc_ccitt)
    crc_ccitt                                0x08007365   Thumb Code    30  go-m8010-6.o(i.crc_ccitt)
    i.extract_data                           0x08007388   Section        0  go-m8010-6.o(i.extract_data)
    i.main                                   0x08007438   Section        0  main.o(i.main)
    i.makeFreeRtosPriority                   0x080074f0   Section        0  cmsis_os.o(i.makeFreeRtosPriority)
    makeFreeRtosPriority                     0x080074f1   Thumb Code    14  cmsis_os.o(i.makeFreeRtosPriority)
    i.modify_data                            0x08007500   Section        0  go-m8010-6.o(i.modify_data)
    i.osDelay                                0x080076a4   Section        0  cmsis_os.o(i.osDelay)
    i.osKernelStart                          0x080076b2   Section        0  cmsis_os.o(i.osKernelStart)
    i.osSemaphoreCreate                      0x080076bc   Section        0  cmsis_os.o(i.osSemaphoreCreate)
    i.osThreadCreate                         0x080076fa   Section        0  cmsis_os.o(i.osThreadCreate)
    i.prvAddCurrentTaskToDelayedList         0x08007750   Section        0  tasks.o(i.prvAddCurrentTaskToDelayedList)
    prvAddCurrentTaskToDelayedList           0x08007751   Thumb Code   102  tasks.o(i.prvAddCurrentTaskToDelayedList)
    i.prvAddNewTaskToReadyList               0x080077c0   Section        0  tasks.o(i.prvAddNewTaskToReadyList)
    prvAddNewTaskToReadyList                 0x080077c1   Thumb Code   194  tasks.o(i.prvAddNewTaskToReadyList)
    i.prvCopyDataToQueue                     0x08007890   Section        0  queue.o(i.prvCopyDataToQueue)
    prvCopyDataToQueue                       0x08007891   Thumb Code   108  queue.o(i.prvCopyDataToQueue)
    i.prvDeleteTCB                           0x080078fc   Section        0  tasks.o(i.prvDeleteTCB)
    prvDeleteTCB                             0x080078fd   Thumb Code    52  tasks.o(i.prvDeleteTCB)
    i.prvHeapInit                            0x08007930   Section        0  heap_4.o(i.prvHeapInit)
    prvHeapInit                              0x08007931   Thumb Code    70  heap_4.o(i.prvHeapInit)
    i.prvIdleTask                            0x08007980   Section        0  tasks.o(i.prvIdleTask)
    prvIdleTask                              0x08007981   Thumb Code    82  tasks.o(i.prvIdleTask)
    i.prvInitialiseNewQueue                  0x080079e0   Section        0  queue.o(i.prvInitialiseNewQueue)
    prvInitialiseNewQueue                    0x080079e1   Thumb Code    22  queue.o(i.prvInitialiseNewQueue)
    i.prvInitialiseNewTask                   0x080079f6   Section        0  tasks.o(i.prvInitialiseNewTask)
    prvInitialiseNewTask                     0x080079f7   Thumb Code   154  tasks.o(i.prvInitialiseNewTask)
    i.prvInsertBlockIntoFreeList             0x08007a90   Section        0  heap_4.o(i.prvInsertBlockIntoFreeList)
    prvInsertBlockIntoFreeList               0x08007a91   Thumb Code    72  heap_4.o(i.prvInsertBlockIntoFreeList)
    i.prvResetNextTaskUnblockTime            0x08007adc   Section        0  tasks.o(i.prvResetNextTaskUnblockTime)
    prvResetNextTaskUnblockTime              0x08007add   Thumb Code    26  tasks.o(i.prvResetNextTaskUnblockTime)
    i.prvTaskExitError                       0x08007afc   Section        0  port.o(i.prvTaskExitError)
    prvTaskExitError                         0x08007afd   Thumb Code    36  port.o(i.prvTaskExitError)
    i.prvUnlockQueue                         0x08007b24   Section        0  queue.o(i.prvUnlockQueue)
    prvUnlockQueue                           0x08007b25   Thumb Code   106  queue.o(i.prvUnlockQueue)
    i.pvPortMalloc                           0x08007b90   Section        0  heap_4.o(i.pvPortMalloc)
    i.pxPortInitialiseStack                  0x08007c6c   Section        0  port.o(i.pxPortInitialiseStack)
    i.uxListRemove                           0x08007c9c   Section        0  list.o(i.uxListRemove)
    i.vApplicationGetIdleTaskMemory          0x08007cc4   Section        0  freertos.o(i.vApplicationGetIdleTaskMemory)
    i.vListInitialise                        0x08007cdc   Section        0  list.o(i.vListInitialise)
    i.vListInitialiseItem                    0x08007cf2   Section        0  list.o(i.vListInitialiseItem)
    i.vListInsert                            0x08007cf8   Section        0  list.o(i.vListInsert)
    i.vListInsertEnd                         0x08007d28   Section        0  list.o(i.vListInsertEnd)
    i.vPortEnterCritical                     0x08007d40   Section        0  port.o(i.vPortEnterCritical)
    i.vPortExitCritical                      0x08007d80   Section        0  port.o(i.vPortExitCritical)
    i.vPortFree                              0x08007da8   Section        0  heap_4.o(i.vPortFree)
    i.vPortSetupTimerInterrupt               0x08007e0c   Section        0  port.o(i.vPortSetupTimerInterrupt)
    i.vTaskDelay                             0x08007e30   Section        0  tasks.o(i.vTaskDelay)
    i.vTaskInternalSetTimeOutState           0x08007e7c   Section        0  tasks.o(i.vTaskInternalSetTimeOutState)
    i.vTaskMissedYield                       0x08007e8c   Section        0  tasks.o(i.vTaskMissedYield)
    i.vTaskPlaceOnEventList                  0x08007e98   Section        0  tasks.o(i.vTaskPlaceOnEventList)
    i.vTaskStartScheduler                    0x08007ec8   Section        0  tasks.o(i.vTaskStartScheduler)
    i.vTaskSuspendAll                        0x08007f34   Section        0  tasks.o(i.vTaskSuspendAll)
    i.vTaskSwitchContext                     0x08007f44   Section        0  tasks.o(i.vTaskSwitchContext)
    i.xPortStartScheduler                    0x08007fa0   Section        0  port.o(i.xPortStartScheduler)
    i.xQueueGenericCreate                    0x08008094   Section        0  queue.o(i.xQueueGenericCreate)
    i.xQueueGenericCreateStatic              0x080080d6   Section        0  queue.o(i.xQueueGenericCreateStatic)
    i.xQueueGenericReset                     0x0800813c   Section        0  queue.o(i.xQueueGenericReset)
    i.xQueueGenericSend                      0x080081d0   Section        0  queue.o(i.xQueueGenericSend)
    i.xTaskCheckForTimeOut                   0x08008330   Section        0  tasks.o(i.xTaskCheckForTimeOut)
    i.xTaskCreate                            0x080083a8   Section        0  tasks.o(i.xTaskCreate)
    i.xTaskCreateStatic                      0x08008402   Section        0  tasks.o(i.xTaskCreateStatic)
    i.xTaskGetSchedulerState                 0x08008458   Section        0  tasks.o(i.xTaskGetSchedulerState)
    i.xTaskIncrementTick                     0x08008474   Section        0  tasks.o(i.xTaskIncrementTick)
    i.xTaskPriorityDisinherit                0x08008540   Section        0  tasks.o(i.xTaskPriorityDisinherit)
    i.xTaskRemoveFromEventList               0x080085e0   Section        0  tasks.o(i.xTaskRemoveFromEventList)
    i.xTaskResumeAll                         0x08008654   Section        0  tasks.o(i.xTaskResumeAll)
    .constdata                               0x08008718   Section       92  freertos.o(.constdata)
    .constdata                               0x08008774   Section        8  stm32h7xx_hal_dma.o(.constdata)
    flagBitshiftOffset                       0x08008774   Data           8  stm32h7xx_hal_dma.o(.constdata)
    .constdata                               0x0800877c   Section       24  stm32h7xx_hal_uart.o(.constdata)
    .constdata                               0x08008794   Section       16  stm32h7xx_hal_uart_ex.o(.constdata)
    numerator                                0x08008794   Data           8  stm32h7xx_hal_uart_ex.o(.constdata)
    denominator                              0x0800879c   Data           8  stm32h7xx_hal_uart_ex.o(.constdata)
    .constdata                               0x080087a4   Section       16  system_stm32h7xx.o(.constdata)
    .constdata                               0x080087b4   Section      512  go-m8010-6.o(.constdata)
    .conststring                             0x080089b4   Section       36  freertos.o(.conststring)
    .bss                                     0x20000000   Section    15360  heap_4.o(.bss)
    ucHeap                                   0x20000000   Data       15360  heap_4.o(.bss)
    .data                                    0x24000000   Section        1  main.o(.data)
    led_state                                0x24000000   Data           1  main.o(.data)
    .data                                    0x24000004   Section       16  freertos.o(.data)
    .data                                    0x24000014   Section       12  stm32h7xx_hal.o(.data)
    .data                                    0x24000020   Section        8  system_stm32h7xx.o(.data)
    .data                                    0x24000028   Section       60  tasks.o(.data)
    uxDeletedTasksWaitingCleanUp             0x2400002c   Data           4  tasks.o(.data)
    uxCurrentNumberOfTasks                   0x24000030   Data           4  tasks.o(.data)
    xTickCount                               0x24000034   Data           4  tasks.o(.data)
    uxTopReadyPriority                       0x24000038   Data           4  tasks.o(.data)
    xSchedulerRunning                        0x2400003c   Data           4  tasks.o(.data)
    xPendedTicks                             0x24000040   Data           4  tasks.o(.data)
    xYieldPending                            0x24000044   Data           4  tasks.o(.data)
    xNumOfOverflows                          0x24000048   Data           4  tasks.o(.data)
    uxTaskNumber                             0x2400004c   Data           4  tasks.o(.data)
    xNextTaskUnblockTime                     0x24000050   Data           4  tasks.o(.data)
    xIdleTaskHandle                          0x24000054   Data           4  tasks.o(.data)
    uxSchedulerSuspended                     0x24000058   Data           4  tasks.o(.data)
    pxDelayedTaskList                        0x2400005c   Data           4  tasks.o(.data)
    pxOverflowDelayedTaskList                0x24000060   Data           4  tasks.o(.data)
    .data                                    0x24000064   Section       32  heap_4.o(.data)
    pxEnd                                    0x24000064   Data           4  heap_4.o(.data)
    xFreeBytesRemaining                      0x24000068   Data           4  heap_4.o(.data)
    xMinimumEverFreeBytesRemaining           0x2400006c   Data           4  heap_4.o(.data)
    xNumberOfSuccessfulAllocations           0x24000070   Data           4  heap_4.o(.data)
    xNumberOfSuccessfulFrees                 0x24000074   Data           4  heap_4.o(.data)
    xBlockAllocatedBit                       0x24000078   Data           4  heap_4.o(.data)
    xStart                                   0x2400007c   Data           8  heap_4.o(.data)
    .data                                    0x24000084   Section       12  port.o(.data)
    ucMaxSysCallPriority                     0x24000084   Data           1  port.o(.data)
    uxCriticalNesting                        0x24000088   Data           4  port.o(.data)
    ulMaxPRIGROUPValue                       0x2400008c   Data           4  port.o(.data)
    .data                                    0x24000090   Section      520  motor_ctr.o(.data)
    .data                                    0x24000298   Section       24  imu_temp_ctrl.o(.data)
    .data                                    0x240002b0   Section       44  bmi088driver.o(.data)
    write_BMI088_accel_reg_data_error        0x240002b8   Data          18  bmi088driver.o(.data)
    write_BMI088_gyro_reg_data_error         0x240002ca   Data          18  bmi088driver.o(.data)
    .data                                    0x240002dc   Section       26  remote.o(.data)
    .bss                                     0x240002f8   Section      512  freertos.o(.bss)
    .bss                                     0x240004f8   Section       84  freertos.o(.bss)
    .bss                                     0x2400054c   Section       72  freertos.o(.bss)
    .bss                                     0x24000594   Section      596  freertos.o(.bss)
    xIdleTaskTCBBuffer                       0x24000594   Data          84  freertos.o(.bss)
    xIdleStack                               0x240005e8   Data         512  freertos.o(.bss)
    .bss                                     0x240007e8   Section      512  spi.o(.bss)
    .bss                                     0x240009e8   Section      152  tim.o(.bss)
    .bss                                     0x24000a80   Section     1072  usart.o(.bss)
    .bss                                     0x24000eb0   Section       76  stm32h7xx_hal_timebase_tim.o(.bss)
    .bss                                     0x24000efc   Section      240  tasks.o(.bss)
    pxReadyTasksLists                        0x24000efc   Data         140  tasks.o(.bss)
    xDelayedTaskList1                        0x24000f88   Data          20  tasks.o(.bss)
    xDelayedTaskList2                        0x24000f9c   Data          20  tasks.o(.bss)
    xPendingReadyList                        0x24000fb0   Data          20  tasks.o(.bss)
    xTasksWaitingTermination                 0x24000fc4   Data          20  tasks.o(.bss)
    xSuspendedTaskList                       0x24000fd8   Data          20  tasks.o(.bss)
    .bss                                     0x24000ff0   Section      512  motor_ctr.o(.bss)
    .bss                                     0x240011f0   Section       24  imu_temp_ctrl.o(.bss)
    .bss                                     0x24001208   Section      100  remote.o(.bss)
    STACK                                    0x24001270   Section     1024  startup_stm32h723xx.o(STACK)

    Global Symbols

    Symbol Name                              Value     Ov Type        Size  Object(Section)

    BuildAttributes$$THM_ISAv4$E$P$D$K$B$S$7EM$VFPv5_D16$PE$PLD8$A:L22UL41UL21$X:L11$S22US41US21$IEEE1$IW$USESV6$~STKCKD$USESV7$~SHL$OTIME$ROPI$IEEEX$EBA8$MICROLIB$REQ8$PRES8$EABIv2 0x00000000   Number         0  anon$$obj.o ABSOLUTE
    __ARM_use_no_argv                        0x00000000   Number         0  main.o ABSOLUTE
    __cpp_initialize__aeabi_                  - Undefined Weak Reference
    __cxa_finalize                            - Undefined Weak Reference
    _clock_init                               - Undefined Weak Reference
    _microlib_exit                            - Undefined Weak Reference
    __Vectors_Size                           0x000002cc   Number         0  startup_stm32h723xx.o ABSOLUTE
    __Vectors                                0x08000000   Data           4  startup_stm32h723xx.o(RESET)
    __Vectors_End                            0x080002cc   Data           0  startup_stm32h723xx.o(RESET)
    __main                                   0x080002cd   Thumb Code     0  entry.o(.ARM.Collect$$$$00000000)
    _main_stk                                0x080002cd   Thumb Code     0  entry2.o(.ARM.Collect$$$$00000001)
    _main_scatterload                        0x080002d1   Thumb Code     0  entry5.o(.ARM.Collect$$$$00000004)
    __main_after_scatterload                 0x080002d5   Thumb Code     0  entry5.o(.ARM.Collect$$$$00000004)
    _main_clock                              0x080002d5   Thumb Code     0  entry7b.o(.ARM.Collect$$$$00000008)
    _main_cpp_init                           0x080002d5   Thumb Code     0  entry8b.o(.ARM.Collect$$$$0000000A)
    _main_init                               0x080002d5   Thumb Code     0  entry9a.o(.ARM.Collect$$$$0000000B)
    __rt_final_cpp                           0x080002dd   Thumb Code     0  entry10a.o(.ARM.Collect$$$$0000000D)
    __rt_final_exit                          0x080002dd   Thumb Code     0  entry11a.o(.ARM.Collect$$$$0000000F)
    SVC_Handler                              0x080002e1   Thumb Code    28  port.o(.emb_text)
    __asm___6_port_c_39a90d8d__prvStartFirstTask 0x08000301   Thumb Code    36  port.o(.emb_text)
    __asm___6_port_c_39a90d8d__prvEnableVFP  0x08000329   Thumb Code    16  port.o(.emb_text)
    PendSV_Handler                           0x0800033d   Thumb Code    88  port.o(.emb_text)
    vPortGetIPSR                             0x08000399   Thumb Code     6  port.o(.emb_text)
    Reset_Handler                            0x080003a1   Thumb Code    12  startup_stm32h723xx.o(.text)
    ADC3_IRQHandler                          0x080003bf   Thumb Code     0  startup_stm32h723xx.o(.text)
    ADC_IRQHandler                           0x080003bf   Thumb Code     0  startup_stm32h723xx.o(.text)
    BDMA_Channel0_IRQHandler                 0x080003bf   Thumb Code     0  startup_stm32h723xx.o(.text)
    BDMA_Channel1_IRQHandler                 0x080003bf   Thumb Code     0  startup_stm32h723xx.o(.text)
    BDMA_Channel2_IRQHandler                 0x080003bf   Thumb Code     0  startup_stm32h723xx.o(.text)
    BDMA_Channel3_IRQHandler                 0x080003bf   Thumb Code     0  startup_stm32h723xx.o(.text)
    BDMA_Channel4_IRQHandler                 0x080003bf   Thumb Code     0  startup_stm32h723xx.o(.text)
    BDMA_Channel5_IRQHandler                 0x080003bf   Thumb Code     0  startup_stm32h723xx.o(.text)
    BDMA_Channel6_IRQHandler                 0x080003bf   Thumb Code     0  startup_stm32h723xx.o(.text)
    BDMA_Channel7_IRQHandler                 0x080003bf   Thumb Code     0  startup_stm32h723xx.o(.text)
    CEC_IRQHandler                           0x080003bf   Thumb Code     0  startup_stm32h723xx.o(.text)
    COMP1_IRQHandler                         0x080003bf   Thumb Code     0  startup_stm32h723xx.o(.text)
    CORDIC_IRQHandler                        0x080003bf   Thumb Code     0  startup_stm32h723xx.o(.text)
    CRS_IRQHandler                           0x080003bf   Thumb Code     0  startup_stm32h723xx.o(.text)
    DCMI_PSSI_IRQHandler                     0x080003bf   Thumb Code     0  startup_stm32h723xx.o(.text)
    DFSDM1_FLT0_IRQHandler                   0x080003bf   Thumb Code     0  startup_stm32h723xx.o(.text)
    DFSDM1_FLT1_IRQHandler                   0x080003bf   Thumb Code     0  startup_stm32h723xx.o(.text)
    DFSDM1_FLT2_IRQHandler                   0x080003bf   Thumb Code     0  startup_stm32h723xx.o(.text)
    DFSDM1_FLT3_IRQHandler                   0x080003bf   Thumb Code     0  startup_stm32h723xx.o(.text)
    DMA1_Stream3_IRQHandler                  0x080003bf   Thumb Code     0  startup_stm32h723xx.o(.text)
    DMA1_Stream5_IRQHandler                  0x080003bf   Thumb Code     0  startup_stm32h723xx.o(.text)
    DMA2D_IRQHandler                         0x080003bf   Thumb Code     0  startup_stm32h723xx.o(.text)
    DMA2_Stream0_IRQHandler                  0x080003bf   Thumb Code     0  startup_stm32h723xx.o(.text)
    DMA2_Stream1_IRQHandler                  0x080003bf   Thumb Code     0  startup_stm32h723xx.o(.text)
    DMA2_Stream2_IRQHandler                  0x080003bf   Thumb Code     0  startup_stm32h723xx.o(.text)
    DMA2_Stream3_IRQHandler                  0x080003bf   Thumb Code     0  startup_stm32h723xx.o(.text)
    DMA2_Stream4_IRQHandler                  0x080003bf   Thumb Code     0  startup_stm32h723xx.o(.text)
    DMA2_Stream5_IRQHandler                  0x080003bf   Thumb Code     0  startup_stm32h723xx.o(.text)
    DMA2_Stream6_IRQHandler                  0x080003bf   Thumb Code     0  startup_stm32h723xx.o(.text)
    DMA2_Stream7_IRQHandler                  0x080003bf   Thumb Code     0  startup_stm32h723xx.o(.text)
    DMAMUX1_OVR_IRQHandler                   0x080003bf   Thumb Code     0  startup_stm32h723xx.o(.text)
    DMAMUX2_OVR_IRQHandler                   0x080003bf   Thumb Code     0  startup_stm32h723xx.o(.text)
    DTS_IRQHandler                           0x080003bf   Thumb Code     0  startup_stm32h723xx.o(.text)
    ECC_IRQHandler                           0x080003bf   Thumb Code     0  startup_stm32h723xx.o(.text)
    ETH_IRQHandler                           0x080003bf   Thumb Code     0  startup_stm32h723xx.o(.text)
    ETH_WKUP_IRQHandler                      0x080003bf   Thumb Code     0  startup_stm32h723xx.o(.text)
    EXTI0_IRQHandler                         0x080003bf   Thumb Code     0  startup_stm32h723xx.o(.text)
    EXTI15_10_IRQHandler                     0x080003bf   Thumb Code     0  startup_stm32h723xx.o(.text)
    EXTI1_IRQHandler                         0x080003bf   Thumb Code     0  startup_stm32h723xx.o(.text)
    EXTI2_IRQHandler                         0x080003bf   Thumb Code     0  startup_stm32h723xx.o(.text)
    EXTI3_IRQHandler                         0x080003bf   Thumb Code     0  startup_stm32h723xx.o(.text)
    EXTI4_IRQHandler                         0x080003bf   Thumb Code     0  startup_stm32h723xx.o(.text)
    EXTI9_5_IRQHandler                       0x080003bf   Thumb Code     0  startup_stm32h723xx.o(.text)
    FDCAN1_IT0_IRQHandler                    0x080003bf   Thumb Code     0  startup_stm32h723xx.o(.text)
    FDCAN1_IT1_IRQHandler                    0x080003bf   Thumb Code     0  startup_stm32h723xx.o(.text)
    FDCAN2_IT0_IRQHandler                    0x080003bf   Thumb Code     0  startup_stm32h723xx.o(.text)
    FDCAN2_IT1_IRQHandler                    0x080003bf   Thumb Code     0  startup_stm32h723xx.o(.text)
    FDCAN3_IT0_IRQHandler                    0x080003bf   Thumb Code     0  startup_stm32h723xx.o(.text)
    FDCAN3_IT1_IRQHandler                    0x080003bf   Thumb Code     0  startup_stm32h723xx.o(.text)
    FDCAN_CAL_IRQHandler                     0x080003bf   Thumb Code     0  startup_stm32h723xx.o(.text)
    FLASH_IRQHandler                         0x080003bf   Thumb Code     0  startup_stm32h723xx.o(.text)
    FMAC_IRQHandler                          0x080003bf   Thumb Code     0  startup_stm32h723xx.o(.text)
    FMC_IRQHandler                           0x080003bf   Thumb Code     0  startup_stm32h723xx.o(.text)
    FPU_IRQHandler                           0x080003bf   Thumb Code     0  startup_stm32h723xx.o(.text)
    HSEM1_IRQHandler                         0x080003bf   Thumb Code     0  startup_stm32h723xx.o(.text)
    I2C1_ER_IRQHandler                       0x080003bf   Thumb Code     0  startup_stm32h723xx.o(.text)
    I2C1_EV_IRQHandler                       0x080003bf   Thumb Code     0  startup_stm32h723xx.o(.text)
    I2C2_ER_IRQHandler                       0x080003bf   Thumb Code     0  startup_stm32h723xx.o(.text)
    I2C2_EV_IRQHandler                       0x080003bf   Thumb Code     0  startup_stm32h723xx.o(.text)
    I2C3_ER_IRQHandler                       0x080003bf   Thumb Code     0  startup_stm32h723xx.o(.text)
    I2C3_EV_IRQHandler                       0x080003bf   Thumb Code     0  startup_stm32h723xx.o(.text)
    I2C4_ER_IRQHandler                       0x080003bf   Thumb Code     0  startup_stm32h723xx.o(.text)
    I2C4_EV_IRQHandler                       0x080003bf   Thumb Code     0  startup_stm32h723xx.o(.text)
    I2C5_ER_IRQHandler                       0x080003bf   Thumb Code     0  startup_stm32h723xx.o(.text)
    I2C5_EV_IRQHandler                       0x080003bf   Thumb Code     0  startup_stm32h723xx.o(.text)
    LPTIM1_IRQHandler                        0x080003bf   Thumb Code     0  startup_stm32h723xx.o(.text)
    LPTIM2_IRQHandler                        0x080003bf   Thumb Code     0  startup_stm32h723xx.o(.text)
    LPTIM3_IRQHandler                        0x080003bf   Thumb Code     0  startup_stm32h723xx.o(.text)
    LPTIM4_IRQHandler                        0x080003bf   Thumb Code     0  startup_stm32h723xx.o(.text)
    LPTIM5_IRQHandler                        0x080003bf   Thumb Code     0  startup_stm32h723xx.o(.text)
    LPUART1_IRQHandler                       0x080003bf   Thumb Code     0  startup_stm32h723xx.o(.text)
    LTDC_ER_IRQHandler                       0x080003bf   Thumb Code     0  startup_stm32h723xx.o(.text)
    LTDC_IRQHandler                          0x080003bf   Thumb Code     0  startup_stm32h723xx.o(.text)
    MDIOS_IRQHandler                         0x080003bf   Thumb Code     0  startup_stm32h723xx.o(.text)
    MDIOS_WKUP_IRQHandler                    0x080003bf   Thumb Code     0  startup_stm32h723xx.o(.text)
    MDMA_IRQHandler                          0x080003bf   Thumb Code     0  startup_stm32h723xx.o(.text)
    OCTOSPI1_IRQHandler                      0x080003bf   Thumb Code     0  startup_stm32h723xx.o(.text)
    OCTOSPI2_IRQHandler                      0x080003bf   Thumb Code     0  startup_stm32h723xx.o(.text)
    OTG_HS_EP1_IN_IRQHandler                 0x080003bf   Thumb Code     0  startup_stm32h723xx.o(.text)
    OTG_HS_EP1_OUT_IRQHandler                0x080003bf   Thumb Code     0  startup_stm32h723xx.o(.text)
    OTG_HS_IRQHandler                        0x080003bf   Thumb Code     0  startup_stm32h723xx.o(.text)
    OTG_HS_WKUP_IRQHandler                   0x080003bf   Thumb Code     0  startup_stm32h723xx.o(.text)
    PVD_AVD_IRQHandler                       0x080003bf   Thumb Code     0  startup_stm32h723xx.o(.text)
    RCC_IRQHandler                           0x080003bf   Thumb Code     0  startup_stm32h723xx.o(.text)
    RNG_IRQHandler                           0x080003bf   Thumb Code     0  startup_stm32h723xx.o(.text)
    RTC_Alarm_IRQHandler                     0x080003bf   Thumb Code     0  startup_stm32h723xx.o(.text)
    RTC_WKUP_IRQHandler                      0x080003bf   Thumb Code     0  startup_stm32h723xx.o(.text)
    SAI1_IRQHandler                          0x080003bf   Thumb Code     0  startup_stm32h723xx.o(.text)
    SAI4_IRQHandler                          0x080003bf   Thumb Code     0  startup_stm32h723xx.o(.text)
    SDMMC1_IRQHandler                        0x080003bf   Thumb Code     0  startup_stm32h723xx.o(.text)
    SDMMC2_IRQHandler                        0x080003bf   Thumb Code     0  startup_stm32h723xx.o(.text)
    SPDIF_RX_IRQHandler                      0x080003bf   Thumb Code     0  startup_stm32h723xx.o(.text)
    SPI1_IRQHandler                          0x080003bf   Thumb Code     0  startup_stm32h723xx.o(.text)
    SPI3_IRQHandler                          0x080003bf   Thumb Code     0  startup_stm32h723xx.o(.text)
    SPI4_IRQHandler                          0x080003bf   Thumb Code     0  startup_stm32h723xx.o(.text)
    SPI5_IRQHandler                          0x080003bf   Thumb Code     0  startup_stm32h723xx.o(.text)
    SPI6_IRQHandler                          0x080003bf   Thumb Code     0  startup_stm32h723xx.o(.text)
    SWPMI1_IRQHandler                        0x080003bf   Thumb Code     0  startup_stm32h723xx.o(.text)
    TAMP_STAMP_IRQHandler                    0x080003bf   Thumb Code     0  startup_stm32h723xx.o(.text)
    TIM15_IRQHandler                         0x080003bf   Thumb Code     0  startup_stm32h723xx.o(.text)
    TIM16_IRQHandler                         0x080003bf   Thumb Code     0  startup_stm32h723xx.o(.text)
    TIM17_IRQHandler                         0x080003bf   Thumb Code     0  startup_stm32h723xx.o(.text)
    TIM1_BRK_IRQHandler                      0x080003bf   Thumb Code     0  startup_stm32h723xx.o(.text)
    TIM1_CC_IRQHandler                       0x080003bf   Thumb Code     0  startup_stm32h723xx.o(.text)
    TIM1_TRG_COM_IRQHandler                  0x080003bf   Thumb Code     0  startup_stm32h723xx.o(.text)
    TIM1_UP_IRQHandler                       0x080003bf   Thumb Code     0  startup_stm32h723xx.o(.text)
    TIM23_IRQHandler                         0x080003bf   Thumb Code     0  startup_stm32h723xx.o(.text)
    TIM24_IRQHandler                         0x080003bf   Thumb Code     0  startup_stm32h723xx.o(.text)
    TIM3_IRQHandler                          0x080003bf   Thumb Code     0  startup_stm32h723xx.o(.text)
    TIM4_IRQHandler                          0x080003bf   Thumb Code     0  startup_stm32h723xx.o(.text)
    TIM5_IRQHandler                          0x080003bf   Thumb Code     0  startup_stm32h723xx.o(.text)
    TIM7_IRQHandler                          0x080003bf   Thumb Code     0  startup_stm32h723xx.o(.text)
    TIM8_BRK_TIM12_IRQHandler                0x080003bf   Thumb Code     0  startup_stm32h723xx.o(.text)
    TIM8_CC_IRQHandler                       0x080003bf   Thumb Code     0  startup_stm32h723xx.o(.text)
    TIM8_TRG_COM_TIM14_IRQHandler            0x080003bf   Thumb Code     0  startup_stm32h723xx.o(.text)
    TIM8_UP_TIM13_IRQHandler                 0x080003bf   Thumb Code     0  startup_stm32h723xx.o(.text)
    UART4_IRQHandler                         0x080003bf   Thumb Code     0  startup_stm32h723xx.o(.text)
    UART7_IRQHandler                         0x080003bf   Thumb Code     0  startup_stm32h723xx.o(.text)
    UART8_IRQHandler                         0x080003bf   Thumb Code     0  startup_stm32h723xx.o(.text)
    UART9_IRQHandler                         0x080003bf   Thumb Code     0  startup_stm32h723xx.o(.text)
    USART10_IRQHandler                       0x080003bf   Thumb Code     0  startup_stm32h723xx.o(.text)
    USART1_IRQHandler                        0x080003bf   Thumb Code     0  startup_stm32h723xx.o(.text)
    USART2_IRQHandler                        0x080003bf   Thumb Code     0  startup_stm32h723xx.o(.text)
    USART6_IRQHandler                        0x080003bf   Thumb Code     0  startup_stm32h723xx.o(.text)
    WAKEUP_PIN_IRQHandler                    0x080003bf   Thumb Code     0  startup_stm32h723xx.o(.text)
    WWDG_IRQHandler                          0x080003bf   Thumb Code     0  startup_stm32h723xx.o(.text)
    __aeabi_uldivmod                         0x080003cd   Thumb Code    98  uldiv.o(.text)
    __aeabi_memcpy                           0x0800042f   Thumb Code    36  memcpya.o(.text)
    __aeabi_memcpy4                          0x0800042f   Thumb Code     0  memcpya.o(.text)
    __aeabi_memcpy8                          0x0800042f   Thumb Code     0  memcpya.o(.text)
    __aeabi_memset                           0x08000453   Thumb Code    14  memseta.o(.text)
    __aeabi_memset4                          0x08000453   Thumb Code     0  memseta.o(.text)
    __aeabi_memset8                          0x08000453   Thumb Code     0  memseta.o(.text)
    __aeabi_memclr                           0x08000461   Thumb Code     4  memseta.o(.text)
    __aeabi_memclr4                          0x08000461   Thumb Code     0  memseta.o(.text)
    __aeabi_memclr8                          0x08000461   Thumb Code     0  memseta.o(.text)
    memset                                   0x08000465   Thumb Code    18  memseta.o(.text)
    __aeabi_llsl                             0x08000477   Thumb Code    30  llshl.o(.text)
    _ll_shift_l                              0x08000477   Thumb Code     0  llshl.o(.text)
    __aeabi_llsr                             0x08000495   Thumb Code    32  llushr.o(.text)
    _ll_ushift_r                             0x08000495   Thumb Code     0  llushr.o(.text)
    __scatterload                            0x080004b5   Thumb Code    28  init.o(.text)
    __scatterload_rt2                        0x080004b5   Thumb Code     0  init.o(.text)
    __decompress                             0x080004d9   Thumb Code     0  __dczerorl2.o(.text)
    __decompress1                            0x080004d9   Thumb Code    86  __dczerorl2.o(.text)
    BMI088_ACCEL_NS_H                        0x08000531   Thumb Code    10  bmi088middleware.o(i.BMI088_ACCEL_NS_H)
    BMI088_ACCEL_NS_L                        0x08000541   Thumb Code    10  bmi088middleware.o(i.BMI088_ACCEL_NS_L)
    BMI088_GPIO_init                         0x08000551   Thumb Code     2  bmi088middleware.o(i.BMI088_GPIO_init)
    BMI088_GYRO_NS_H                         0x08000555   Thumb Code    10  bmi088middleware.o(i.BMI088_GYRO_NS_H)
    BMI088_GYRO_NS_L                         0x08000565   Thumb Code    10  bmi088middleware.o(i.BMI088_GYRO_NS_L)
    BMI088_com_init                          0x08000575   Thumb Code     2  bmi088middleware.o(i.BMI088_com_init)
    BMI088_delay_ms                          0x08000577   Thumb Code    24  bmi088middleware.o(i.BMI088_delay_ms)
    BMI088_delay_us                          0x0800058f   Thumb Code    48  bmi088middleware.o(i.BMI088_delay_us)
    BMI088_init                              0x080005bf   Thumb Code    24  bmi088driver.o(i.BMI088_init)
    BMI088_read                              0x080005d9   Thumb Code   340  bmi088driver.o(i.BMI088_read)
    BMI088_read_write_byte                   0x0800076d   Thumb Code    28  bmi088middleware.o(i.BMI088_read_write_byte)
    BSP_USART_Init                           0x080007a1   Thumb Code    60  remote.o(i.BSP_USART_Init)
    BusFault_Handler                         0x080007e9   Thumb Code     2  stm32h7xx_it.o(i.BusFault_Handler)
    DMA1_Stream0_IRQHandler                  0x080007ed   Thumb Code     6  stm32h7xx_it.o(i.DMA1_Stream0_IRQHandler)
    DMA1_Stream1_IRQHandler                  0x080007f9   Thumb Code     6  stm32h7xx_it.o(i.DMA1_Stream1_IRQHandler)
    DMA1_Stream2_IRQHandler                  0x08000805   Thumb Code     6  stm32h7xx_it.o(i.DMA1_Stream2_IRQHandler)
    DMA1_Stream4_IRQHandler                  0x08000811   Thumb Code     6  stm32h7xx_it.o(i.DMA1_Stream4_IRQHandler)
    DMA1_Stream6_IRQHandler                  0x0800081d   Thumb Code     6  stm32h7xx_it.o(i.DMA1_Stream6_IRQHandler)
    DMA1_Stream7_IRQHandler                  0x08000829   Thumb Code     6  stm32h7xx_it.o(i.DMA1_Stream7_IRQHandler)
    DebugMon_Handler                         0x08000aed   Thumb Code     2  stm32h7xx_it.o(i.DebugMon_Handler)
    Error_Handler                            0x08000aef   Thumb Code     4  main.o(i.Error_Handler)
    ExitRun0Mode                             0x08000af3   Thumb Code     2  system_stm32h7xx.o(i.ExitRun0Mode)
    FIMU_Task                                0x08000af5   Thumb Code   192  imu_temp_ctrl.o(i.FIMU_Task)
    FMotor_Task                              0x08000bd9   Thumb Code    72  motor_ctr.o(i.FMotor_Task)
    HAL_DMAEx_MultiBufferStart               0x08000c2d   Thumb Code   608  stm32h7xx_hal_dma_ex.o(i.HAL_DMAEx_MultiBufferStart)
    HAL_DMA_Abort                            0x08000ead   Thumb Code   836  stm32h7xx_hal_dma.o(i.HAL_DMA_Abort)
    HAL_DMA_Abort_IT                         0x0800120d   Thumb Code   602  stm32h7xx_hal_dma.o(i.HAL_DMA_Abort_IT)
    HAL_DMA_IRQHandler                       0x08001491   Thumb Code  1756  stm32h7xx_hal_dma.o(i.HAL_DMA_IRQHandler)
    HAL_DMA_Init                             0x08001b79   Thumb Code   922  stm32h7xx_hal_dma.o(i.HAL_DMA_Init)
    HAL_GPIO_Init                            0x08001f35   Thumb Code   496  stm32h7xx_hal_gpio.o(i.HAL_GPIO_Init)
    HAL_GPIO_WritePin                        0x08002151   Thumb Code    10  stm32h7xx_hal_gpio.o(i.HAL_GPIO_WritePin)
    HAL_GetTick                              0x0800215d   Thumb Code     6  stm32h7xx_hal.o(i.HAL_GetTick)
    HAL_IncTick                              0x08002169   Thumb Code    12  stm32h7xx_hal.o(i.HAL_IncTick)
    HAL_Init                                 0x08002179   Thumb Code    74  stm32h7xx_hal.o(i.HAL_Init)
    HAL_InitTick                             0x080021d5   Thumb Code   120  stm32h7xx_hal_timebase_tim.o(i.HAL_InitTick)
    HAL_MPU_ConfigRegion                     0x08002261   Thumb Code    86  stm32h7xx_hal_cortex.o(i.HAL_MPU_ConfigRegion)
    HAL_MPU_Disable                          0x080022bd   Thumb Code    24  stm32h7xx_hal_cortex.o(i.HAL_MPU_Disable)
    HAL_MPU_Enable                           0x080022d9   Thumb Code    30  stm32h7xx_hal_cortex.o(i.HAL_MPU_Enable)
    HAL_MspInit                              0x080022fd   Thumb Code    32  stm32h7xx_hal_msp.o(i.HAL_MspInit)
    HAL_NVIC_EnableIRQ                       0x08002321   Thumb Code    26  stm32h7xx_hal_cortex.o(i.HAL_NVIC_EnableIRQ)
    HAL_NVIC_SetPriority                     0x0800233d   Thumb Code    60  stm32h7xx_hal_cortex.o(i.HAL_NVIC_SetPriority)
    HAL_NVIC_SetPriorityGrouping             0x0800237d   Thumb Code    28  stm32h7xx_hal_cortex.o(i.HAL_NVIC_SetPriorityGrouping)
    HAL_PWREx_ConfigSupply                   0x080023a1   Thumb Code    78  stm32h7xx_hal_pwr_ex.o(i.HAL_PWREx_ConfigSupply)
    HAL_RCCEx_GetD3PCLK1Freq                 0x080023f5   Thumb Code    26  stm32h7xx_hal_rcc_ex.o(i.HAL_RCCEx_GetD3PCLK1Freq)
    HAL_RCCEx_GetPLL2ClockFreq               0x08002419   Thumb Code   296  stm32h7xx_hal_rcc_ex.o(i.HAL_RCCEx_GetPLL2ClockFreq)
    HAL_RCCEx_GetPLL3ClockFreq               0x0800255d   Thumb Code   296  stm32h7xx_hal_rcc_ex.o(i.HAL_RCCEx_GetPLL3ClockFreq)
    HAL_RCCEx_PeriphCLKConfig                0x080026a1   Thumb Code  2362  stm32h7xx_hal_rcc_ex.o(i.HAL_RCCEx_PeriphCLKConfig)
    HAL_RCC_ClockConfig                      0x08002fdd   Thumb Code   580  stm32h7xx_hal_rcc.o(i.HAL_RCC_ClockConfig)
    HAL_RCC_GetClockConfig                   0x08003239   Thumb Code    84  stm32h7xx_hal_rcc.o(i.HAL_RCC_GetClockConfig)
    HAL_RCC_GetHCLKFreq                      0x08003295   Thumb Code    52  stm32h7xx_hal_rcc.o(i.HAL_RCC_GetHCLKFreq)
    HAL_RCC_GetPCLK1Freq                     0x080032d9   Thumb Code    26  stm32h7xx_hal_rcc.o(i.HAL_RCC_GetPCLK1Freq)
    HAL_RCC_GetPCLK2Freq                     0x080032fd   Thumb Code    26  stm32h7xx_hal_rcc.o(i.HAL_RCC_GetPCLK2Freq)
    HAL_RCC_GetSysClockFreq                  0x08003321   Thumb Code   278  stm32h7xx_hal_rcc.o(i.HAL_RCC_GetSysClockFreq)
    HAL_RCC_OscConfig                        0x08003459   Thumb Code  1318  stm32h7xx_hal_rcc.o(i.HAL_RCC_OscConfig)
    HAL_RS485Ex_Init                         0x08003981   Thumb Code   136  stm32h7xx_hal_uart_ex.o(i.HAL_RS485Ex_Init)
    HAL_SPI_ErrorCallback                    0x08003a0d   Thumb Code     2  stm32h7xx_hal_spi.o(i.HAL_SPI_ErrorCallback)
    HAL_SPI_IRQHandler                       0x08003a11   Thumb Code   544  stm32h7xx_hal_spi.o(i.HAL_SPI_IRQHandler)
    HAL_SPI_Init                             0x08003c35   Thumb Code   366  stm32h7xx_hal_spi.o(i.HAL_SPI_Init)
    HAL_SPI_MspInit                          0x08003db1   Thumb Code   380  spi.o(i.HAL_SPI_MspInit)
    HAL_SPI_RxCpltCallback                   0x08003f4d   Thumb Code     2  stm32h7xx_hal_spi.o(i.HAL_SPI_RxCpltCallback)
    HAL_SPI_SuspendCallback                  0x08003f4f   Thumb Code     2  stm32h7xx_hal_spi.o(i.HAL_SPI_SuspendCallback)
    HAL_SPI_Transmit                         0x08003f51   Thumb Code   578  stm32h7xx_hal_spi.o(i.HAL_SPI_Transmit)
    HAL_SPI_TransmitReceive                  0x08004195   Thumb Code   828  stm32h7xx_hal_spi.o(i.HAL_SPI_TransmitReceive)
    HAL_SPI_TxCpltCallback                   0x080044dd   Thumb Code     2  stm32h7xx_hal_spi.o(i.HAL_SPI_TxCpltCallback)
    HAL_SPI_TxRxCpltCallback                 0x080044df   Thumb Code     2  stm32h7xx_hal_spi.o(i.HAL_SPI_TxRxCpltCallback)
    HAL_TIMEx_Break2Callback                 0x080044e1   Thumb Code     2  stm32h7xx_hal_tim_ex.o(i.HAL_TIMEx_Break2Callback)
    HAL_TIMEx_BreakCallback                  0x080044e3   Thumb Code     2  stm32h7xx_hal_tim_ex.o(i.HAL_TIMEx_BreakCallback)
    HAL_TIMEx_CommutCallback                 0x080044e5   Thumb Code     2  stm32h7xx_hal_tim_ex.o(i.HAL_TIMEx_CommutCallback)
    HAL_TIMEx_MasterConfigSynchronization    0x080044e9   Thumb Code   146  stm32h7xx_hal_tim_ex.o(i.HAL_TIMEx_MasterConfigSynchronization)
    HAL_TIM_Base_Init                        0x080045a1   Thumb Code    98  stm32h7xx_hal_tim.o(i.HAL_TIM_Base_Init)
    HAL_TIM_Base_MspInit                     0x08004605   Thumb Code    50  tim.o(i.HAL_TIM_Base_MspInit)
    HAL_TIM_Base_Start_IT                    0x0800463d   Thumb Code   118  stm32h7xx_hal_tim.o(i.HAL_TIM_Base_Start_IT)
    HAL_TIM_ConfigClockSource                0x080046dd   Thumb Code   248  stm32h7xx_hal_tim.o(i.HAL_TIM_ConfigClockSource)
    HAL_TIM_IC_CaptureCallback               0x080047d9   Thumb Code     2  stm32h7xx_hal_tim.o(i.HAL_TIM_IC_CaptureCallback)
    HAL_TIM_IRQHandler                       0x080047db   Thumb Code   328  stm32h7xx_hal_tim.o(i.HAL_TIM_IRQHandler)
    HAL_TIM_MspPostInit                      0x08004925   Thumb Code    66  tim.o(i.HAL_TIM_MspPostInit)
    HAL_TIM_OC_DelayElapsedCallback          0x08004975   Thumb Code     2  stm32h7xx_hal_tim.o(i.HAL_TIM_OC_DelayElapsedCallback)
    HAL_TIM_PWM_ConfigChannel                0x08004977   Thumb Code   292  stm32h7xx_hal_tim.o(i.HAL_TIM_PWM_ConfigChannel)
    HAL_TIM_PWM_Init                         0x08004a9b   Thumb Code    98  stm32h7xx_hal_tim.o(i.HAL_TIM_PWM_Init)
    HAL_TIM_PWM_MspInit                      0x08004afd   Thumb Code    30  tim.o(i.HAL_TIM_PWM_MspInit)
    HAL_TIM_PWM_PulseFinishedCallback        0x08004b25   Thumb Code     2  stm32h7xx_hal_tim.o(i.HAL_TIM_PWM_PulseFinishedCallback)
    HAL_TIM_PWM_Start                        0x08004b29   Thumb Code   244  stm32h7xx_hal_tim.o(i.HAL_TIM_PWM_Start)
    HAL_TIM_PeriodElapsedCallback            0x08004c4d   Thumb Code    60  main.o(i.HAL_TIM_PeriodElapsedCallback)
    HAL_TIM_TriggerCallback                  0x08004c91   Thumb Code     2  stm32h7xx_hal_tim.o(i.HAL_TIM_TriggerCallback)
    HAL_UARTEx_DisableFifoMode               0x08004c93   Thumb Code    64  stm32h7xx_hal_uart_ex.o(i.HAL_UARTEx_DisableFifoMode)
    HAL_UARTEx_ReceiveToIdle                 0x08004cd3   Thumb Code   304  stm32h7xx_hal_uart_ex.o(i.HAL_UARTEx_ReceiveToIdle)
    HAL_UARTEx_RxEventCallback               0x08004e05   Thumb Code   720  remote.o(i.HAL_UARTEx_RxEventCallback)
    HAL_UARTEx_RxFifoFullCallback            0x080050ed   Thumb Code     2  stm32h7xx_hal_uart_ex.o(i.HAL_UARTEx_RxFifoFullCallback)
    HAL_UARTEx_SetRxFifoThreshold            0x080050ef   Thumb Code    76  stm32h7xx_hal_uart_ex.o(i.HAL_UARTEx_SetRxFifoThreshold)
    HAL_UARTEx_SetTxFifoThreshold            0x0800513b   Thumb Code    76  stm32h7xx_hal_uart_ex.o(i.HAL_UARTEx_SetTxFifoThreshold)
    HAL_UARTEx_TxFifoEmptyCallback           0x08005187   Thumb Code     2  stm32h7xx_hal_uart_ex.o(i.HAL_UARTEx_TxFifoEmptyCallback)
    HAL_UARTEx_WakeupCallback                0x08005189   Thumb Code     2  stm32h7xx_hal_uart_ex.o(i.HAL_UARTEx_WakeupCallback)
    HAL_UART_ErrorCallback                   0x0800518b   Thumb Code     2  stm32h7xx_hal_uart.o(i.HAL_UART_ErrorCallback)
    HAL_UART_IRQHandler                      0x0800518d   Thumb Code   898  stm32h7xx_hal_uart.o(i.HAL_UART_IRQHandler)
    HAL_UART_Init                            0x08005529   Thumb Code   106  stm32h7xx_hal_uart.o(i.HAL_UART_Init)
    HAL_UART_MspInit                         0x08005595   Thumb Code   776  usart.o(i.HAL_UART_MspInit)
    HAL_UART_Transmit                        0x080058d1   Thumb Code   176  stm32h7xx_hal_uart.o(i.HAL_UART_Transmit)
    HAL_UART_TxCpltCallback                  0x08005981   Thumb Code     2  stm32h7xx_hal_uart.o(i.HAL_UART_TxCpltCallback)
    HardFault_Handler                        0x08005983   Thumb Code     2  stm32h7xx_it.o(i.HardFault_Handler)
    MX_DMA_Init                              0x08005985   Thumb Code   120  dma.o(i.MX_DMA_Init)
    MX_FREERTOS_Init                         0x08005a01   Thumb Code    96  freertos.o(i.MX_FREERTOS_Init)
    MX_GPIO_Init                             0x08005a69   Thumb Code   268  gpio.o(i.MX_GPIO_Init)
    MX_SPI2_Init                             0x08005b89   Thumb Code    90  spi.o(i.MX_SPI2_Init)
    MX_SPI6_Init                             0x08005bed   Thumb Code    90  spi.o(i.MX_SPI6_Init)
    MX_TIM2_Init                             0x08005c51   Thumb Code   100  tim.o(i.MX_TIM2_Init)
    MX_TIM3_Init                             0x08005cb9   Thumb Code   108  tim.o(i.MX_TIM3_Init)
    MX_UART5_Init                            0x08005d2d   Thumb Code    96  usart.o(i.MX_UART5_Init)
    MX_USART10_UART_Init                     0x08005d99   Thumb Code    94  usart.o(i.MX_USART10_UART_Init)
    MX_USART2_UART_Init                      0x08005e01   Thumb Code    96  usart.o(i.MX_USART2_UART_Init)
    MX_USART3_UART_Init                      0x08005e6d   Thumb Code    96  usart.o(i.MX_USART3_UART_Init)
    MemManage_Handler                        0x08005ed9   Thumb Code     2  stm32h7xx_it.o(i.MemManage_Handler)
    NMI_Handler                              0x08005edb   Thumb Code     2  stm32h7xx_it.o(i.NMI_Handler)
    SBUS_TO_RC                               0x0800611d   Thumb Code   180  remote.o(i.SBUS_TO_RC)
    SERVO_Send_recv                          0x080061d1   Thumb Code   114  go-m8010-6.o(i.SERVO_Send_recv)
    SPI2_IRQHandler                          0x0800624d   Thumb Code     6  stm32h7xx_it.o(i.SPI2_IRQHandler)
    Set_vel                                  0x08006379   Thumb Code    30  motor_ctr.o(i.Set_vel)
    StartDefaultTask                         0x0800639d   Thumb Code     8  freertos.o(i.StartDefaultTask)
    SysTick_Handler                          0x080063a5   Thumb Code    38  port.o(i.SysTick_Handler)
    SystemClock_Config                       0x080063d1   Thumb Code   144  main.o(i.SystemClock_Config)
    SystemInit                               0x08006465   Thumb Code   184  system_stm32h7xx.o(i.SystemInit)
    TIM2_IRQHandler                          0x0800653d   Thumb Code     6  stm32h7xx_it.o(i.TIM2_IRQHandler)
    TIM6_DAC_IRQHandler                      0x08006549   Thumb Code     6  stm32h7xx_it.o(i.TIM6_DAC_IRQHandler)
    TIM_Base_SetConfig                       0x08006555   Thumb Code   182  stm32h7xx_hal_tim.o(i.TIM_Base_SetConfig)
    TIM_CCxChannelCmd                        0x08006635   Thumb Code    26  stm32h7xx_hal_tim.o(i.TIM_CCxChannelCmd)
    TIM_ETR_SetConfig                        0x0800664f   Thumb Code    18  stm32h7xx_hal_tim.o(i.TIM_ETR_SetConfig)
    TIM_OC2_SetConfig                        0x08006719   Thumb Code   126  stm32h7xx_hal_tim.o(i.TIM_OC2_SetConfig)
    UART5_IRQHandler                         0x080069f1   Thumb Code     6  stm32h7xx_it.o(i.UART5_IRQHandler)
    UART_AdvFeatureConfig                    0x08006a41   Thumb Code   200  stm32h7xx_hal_uart.o(i.UART_AdvFeatureConfig)
    UART_CheckIdleState                      0x08006b09   Thumb Code   170  stm32h7xx_hal_uart.o(i.UART_CheckIdleState)
    UART_SetConfig                           0x08006c19   Thumb Code   914  stm32h7xx_hal_uart.o(i.UART_SetConfig)
    UART_WaitOnFlagUntilTimeout              0x08006ff5   Thumb Code   148  stm32h7xx_hal_uart.o(i.UART_WaitOnFlagUntilTimeout)
    USART3_IRQHandler                        0x08007089   Thumb Code     6  stm32h7xx_it.o(i.USART3_IRQHandler)
    UsageFault_Handler                       0x08007095   Thumb Code     2  stm32h7xx_it.o(i.UsageFault_Handler)
    WS2812_Ctrl                              0x08007099   Thumb Code   150  ws2812.o(i.WS2812_Ctrl)
    __scatterload_copy                       0x08007157   Thumb Code    14  handlers.o(i.__scatterload_copy)
    __scatterload_null                       0x08007165   Thumb Code     2  handlers.o(i.__scatterload_null)
    __scatterload_zeroinit                   0x08007167   Thumb Code    14  handlers.o(i.__scatterload_zeroinit)
    bmi088_accel_init                        0x08007175   Thumb Code   266  bmi088driver.o(i.bmi088_accel_init)
    bmi088_gyro_init                         0x08007285   Thumb Code   218  bmi088driver.o(i.bmi088_gyro_init)
    extract_data                             0x08007389   Thumb Code   164  go-m8010-6.o(i.extract_data)
    main                                     0x08007439   Thumb Code   176  main.o(i.main)
    modify_data                              0x08007501   Thumb Code   344  go-m8010-6.o(i.modify_data)
    osDelay                                  0x080076a5   Thumb Code    14  cmsis_os.o(i.osDelay)
    osKernelStart                            0x080076b3   Thumb Code    10  cmsis_os.o(i.osKernelStart)
    osSemaphoreCreate                        0x080076bd   Thumb Code    62  cmsis_os.o(i.osSemaphoreCreate)
    osThreadCreate                           0x080076fb   Thumb Code    84  cmsis_os.o(i.osThreadCreate)
    pvPortMalloc                             0x08007b91   Thumb Code   216  heap_4.o(i.pvPortMalloc)
    pxPortInitialiseStack                    0x08007c6d   Thumb Code    42  port.o(i.pxPortInitialiseStack)
    uxListRemove                             0x08007c9d   Thumb Code    38  list.o(i.uxListRemove)
    vApplicationGetIdleTaskMemory            0x08007cc5   Thumb Code    18  freertos.o(i.vApplicationGetIdleTaskMemory)
    vListInitialise                          0x08007cdd   Thumb Code    22  list.o(i.vListInitialise)
    vListInitialiseItem                      0x08007cf3   Thumb Code     6  list.o(i.vListInitialiseItem)
    vListInsert                              0x08007cf9   Thumb Code    48  list.o(i.vListInsert)
    vListInsertEnd                           0x08007d29   Thumb Code    24  list.o(i.vListInsertEnd)
    vPortEnterCritical                       0x08007d41   Thumb Code    54  port.o(i.vPortEnterCritical)
    vPortExitCritical                        0x08007d81   Thumb Code    34  port.o(i.vPortExitCritical)
    vPortFree                                0x08007da9   Thumb Code    94  heap_4.o(i.vPortFree)
    vPortSetupTimerInterrupt                 0x08007e0d   Thumb Code    32  port.o(i.vPortSetupTimerInterrupt)
    vTaskDelay                               0x08007e31   Thumb Code    66  tasks.o(i.vTaskDelay)
    vTaskInternalSetTimeOutState             0x08007e7d   Thumb Code    12  tasks.o(i.vTaskInternalSetTimeOutState)
    vTaskMissedYield                         0x08007e8d   Thumb Code     8  tasks.o(i.vTaskMissedYield)
    vTaskPlaceOnEventList                    0x08007e99   Thumb Code    44  tasks.o(i.vTaskPlaceOnEventList)
    vTaskStartScheduler                      0x08007ec9   Thumb Code    90  tasks.o(i.vTaskStartScheduler)
    vTaskSuspendAll                          0x08007f35   Thumb Code    10  tasks.o(i.vTaskSuspendAll)
    vTaskSwitchContext                       0x08007f45   Thumb Code    82  tasks.o(i.vTaskSwitchContext)
    xPortStartScheduler                      0x08007fa1   Thumb Code   222  port.o(i.xPortStartScheduler)
    xQueueGenericCreate                      0x08008095   Thumb Code    66  queue.o(i.xQueueGenericCreate)
    xQueueGenericCreateStatic                0x080080d7   Thumb Code   102  queue.o(i.xQueueGenericCreateStatic)
    xQueueGenericReset                       0x0800813d   Thumb Code   144  queue.o(i.xQueueGenericReset)
    xQueueGenericSend                        0x080081d1   Thumb Code   346  queue.o(i.xQueueGenericSend)
    xTaskCheckForTimeOut                     0x08008331   Thumb Code   116  tasks.o(i.xTaskCheckForTimeOut)
    xTaskCreate                              0x080083a9   Thumb Code    90  tasks.o(i.xTaskCreate)
    xTaskCreateStatic                        0x08008403   Thumb Code    86  tasks.o(i.xTaskCreateStatic)
    xTaskGetSchedulerState                   0x08008459   Thumb Code    22  tasks.o(i.xTaskGetSchedulerState)
    xTaskIncrementTick                       0x08008475   Thumb Code   194  tasks.o(i.xTaskIncrementTick)
    xTaskPriorityDisinherit                  0x08008541   Thumb Code   150  tasks.o(i.xTaskPriorityDisinherit)
    xTaskRemoveFromEventList                 0x080085e1   Thumb Code   108  tasks.o(i.xTaskRemoveFromEventList)
    xTaskResumeAll                           0x08008655   Thumb Code   184  tasks.o(i.xTaskResumeAll)
    UARTPrescTable                           0x0800877c   Data          24  stm32h7xx_hal_uart.o(.constdata)
    D1CorePrescTable                         0x080087a4   Data          16  system_stm32h7xx.o(.constdata)
    crc_ccitt_table                          0x080087b4   Data         512  go-m8010-6.o(.constdata)
    Region$$Table$$Base                      0x080089d8   Number         0  anon$$obj.o(Region$$Table)
    Region$$Table$$Limit                     0x08008a08   Number         0  anon$$obj.o(Region$$Table)
    defaultTaskHandle                        0x24000004   Data           4  freertos.o(.data)
    Motor_TaskHandle                         0x24000008   Data           4  freertos.o(.data)
    IMU_TaskHandle                           0x2400000c   Data           4  freertos.o(.data)
    imuBinarySem01Handle                     0x24000010   Data           4  freertos.o(.data)
    uwTickFreq                               0x24000014   Data           1  stm32h7xx_hal.o(.data)
    uwTickPrio                               0x24000018   Data           4  stm32h7xx_hal.o(.data)
    uwTick                                   0x2400001c   Data           4  stm32h7xx_hal.o(.data)
    SystemCoreClock                          0x24000020   Data           4  system_stm32h7xx.o(.data)
    SystemD2Clock                            0x24000024   Data           4  system_stm32h7xx.o(.data)
    pxCurrentTCB                             0x24000028   Data           4  tasks.o(.data)
    flag_m                                   0x24000090   Data           1  motor_ctr.o(.data)
    flag                                     0x24000094   Data           4  motor_ctr.o(.data)
    cmd                                      0x24000098   Data         512  motor_ctr.o(.data)
    forceStop                                0x24000298   Data           1  imu_temp_ctrl.o(.data)
    out                                      0x2400029c   Data           4  imu_temp_ctrl.o(.data)
    err                                      0x240002a0   Data           4  imu_temp_ctrl.o(.data)
    err_l                                    0x240002a4   Data           4  imu_temp_ctrl.o(.data)
    err_ll                                   0x240002a8   Data           4  imu_temp_ctrl.o(.data)
    temp                                     0x240002ac   Data           4  imu_temp_ctrl.o(.data)
    BMI088_ACCEL_SEN                         0x240002b0   Data           4  bmi088driver.o(.data)
    BMI088_GYRO_SEN                          0x240002b4   Data           4  bmi088driver.o(.data)
    Remote_Ctrl                              0x240002dc   Data          26  remote.o(.data)
    IMU_TaskBuffer                           0x240002f8   Data         512  freertos.o(.bss)
    IMU_TaskControlBlock                     0x240004f8   Data          84  freertos.o(.bss)
    imuBinarySem01ControlBlock               0x2400054c   Data          72  freertos.o(.bss)
    hspi2                                    0x240007e8   Data         136  spi.o(.bss)
    hspi6                                    0x24000870   Data         136  spi.o(.bss)
    hdma_spi2_rx                             0x240008f8   Data         120  spi.o(.bss)
    hdma_spi2_tx                             0x24000970   Data         120  spi.o(.bss)
    htim2                                    0x240009e8   Data          76  tim.o(.bss)
    htim3                                    0x24000a34   Data          76  tim.o(.bss)
    huart5                                   0x24000a80   Data         148  usart.o(.bss)
    huart2                                   0x24000b14   Data         148  usart.o(.bss)
    huart3                                   0x24000ba8   Data         148  usart.o(.bss)
    huart10                                  0x24000c3c   Data         148  usart.o(.bss)
    hdma_uart5_rx                            0x24000cd0   Data         120  usart.o(.bss)
    hdma_usart3_rx                           0x24000d48   Data         120  usart.o(.bss)
    hdma_usart3_tx                           0x24000dc0   Data         120  usart.o(.bss)
    hdma_usart10_rx                          0x24000e38   Data         120  usart.o(.bss)
    htim6                                    0x24000eb0   Data          76  stm32h7xx_hal_timebase_tim.o(.bss)
    data                                     0x24000ff0   Data         512  motor_ctr.o(.bss)
    gyro                                     0x240011f0   Data          12  imu_temp_ctrl.o(.bss)
    accel                                    0x240011fc   Data          12  imu_temp_ctrl.o(.bss)
    SBUS_MultiRx_Buf                         0x24001208   Data         100  remote.o(.bss)
    __initial_sp                             0x24001670   Data           0  startup_stm32h723xx.o(STACK)



==============================================================================

Memory Map of the image

  Image Entry point : 0x080002cd

  Load Region LR_IROM1 (Base: 0x08000000, Size: 0x00008d00, Max: 0x00100000, ABSOLUTE, COMPRESSED[0x00008a70])

    Execution Region ER_IROM1 (Exec base: 0x08000000, Load base: 0x08000000, Size: 0x00008a08, Max: 0x00100000, ABSOLUTE)

    Exec Addr    Load Addr    Size         Type   Attr      Idx    E Section Name        Object

    0x08000000   0x08000000   0x000002cc   Data   RO            3    RESET               startup_stm32h723xx.o
    0x080002cc   0x080002cc   0x00000000   Code   RO         6990  * .ARM.Collect$$$$00000000  mc_w.l(entry.o)
    0x080002cc   0x080002cc   0x00000004   Code   RO         7050    .ARM.Collect$$$$00000001  mc_w.l(entry2.o)
    0x080002d0   0x080002d0   0x00000004   Code   RO         7053    .ARM.Collect$$$$00000004  mc_w.l(entry5.o)
    0x080002d4   0x080002d4   0x00000000   Code   RO         7055    .ARM.Collect$$$$00000008  mc_w.l(entry7b.o)
    0x080002d4   0x080002d4   0x00000000   Code   RO         7057    .ARM.Collect$$$$0000000A  mc_w.l(entry8b.o)
    0x080002d4   0x080002d4   0x00000008   Code   RO         7058    .ARM.Collect$$$$0000000B  mc_w.l(entry9a.o)
    0x080002dc   0x080002dc   0x00000000   Code   RO         7060    .ARM.Collect$$$$0000000D  mc_w.l(entry10a.o)
    0x080002dc   0x080002dc   0x00000000   Code   RO         7062    .ARM.Collect$$$$0000000F  mc_w.l(entry11a.o)
    0x080002dc   0x080002dc   0x00000004   Code   RO         7051    .ARM.Collect$$$$00002712  mc_w.l(entry2.o)
    0x080002e0   0x080002e0   0x000000be   Code   RO         6316    .emb_text           port.o
    0x0800039e   0x0800039e   0x00000002   PAD
    0x080003a0   0x080003a0   0x0000002c   Code   RO            4    .text               startup_stm32h723xx.o
    0x080003cc   0x080003cc   0x00000062   Code   RO         6993    .text               mc_w.l(uldiv.o)
    0x0800042e   0x0800042e   0x00000024   Code   RO         6995    .text               mc_w.l(memcpya.o)
    0x08000452   0x08000452   0x00000024   Code   RO         6999    .text               mc_w.l(memseta.o)
    0x08000476   0x08000476   0x0000001e   Code   RO         7064    .text               mc_w.l(llshl.o)
    0x08000494   0x08000494   0x00000020   Code   RO         7066    .text               mc_w.l(llushr.o)
    0x080004b4   0x080004b4   0x00000024   Code   RO         7086    .text               mc_w.l(init.o)
    0x080004d8   0x080004d8   0x00000056   Code   RO         7096    .text               mc_w.l(__dczerorl2.o)
    0x0800052e   0x0800052e   0x00000002   PAD
    0x08000530   0x08000530   0x00000010   Code   RO         6767    i.BMI088_ACCEL_NS_H  bmi088middleware.o
    0x08000540   0x08000540   0x00000010   Code   RO         6768    i.BMI088_ACCEL_NS_L  bmi088middleware.o
    0x08000550   0x08000550   0x00000002   Code   RO         6769    i.BMI088_GPIO_init  bmi088middleware.o
    0x08000552   0x08000552   0x00000002   PAD
    0x08000554   0x08000554   0x00000010   Code   RO         6770    i.BMI088_GYRO_NS_H  bmi088middleware.o
    0x08000564   0x08000564   0x00000010   Code   RO         6771    i.BMI088_GYRO_NS_L  bmi088middleware.o
    0x08000574   0x08000574   0x00000002   Code   RO         6772    i.BMI088_com_init   bmi088middleware.o
    0x08000576   0x08000576   0x00000018   Code   RO         6773    i.BMI088_delay_ms   bmi088middleware.o
    0x0800058e   0x0800058e   0x00000030   Code   RO         6774    i.BMI088_delay_us   bmi088middleware.o
    0x080005be   0x080005be   0x00000018   Code   RO         6701    i.BMI088_init       bmi088driver.o
    0x080005d6   0x080005d6   0x00000002   PAD
    0x080005d8   0x080005d8   0x00000158   Code   RO         6702    i.BMI088_read       bmi088driver.o
    0x08000730   0x08000730   0x00000024   Code   RO         6703    i.BMI088_read_muli_reg  bmi088driver.o
    0x08000754   0x08000754   0x00000016   Code   RO         6704    i.BMI088_read_single_reg  bmi088driver.o
    0x0800076a   0x0800076a   0x00000002   PAD
    0x0800076c   0x0800076c   0x00000020   Code   RO         6775    i.BMI088_read_write_byte  bmi088middleware.o
    0x0800078c   0x0800078c   0x00000012   Code   RO         6705    i.BMI088_write_single_reg  bmi088driver.o
    0x0800079e   0x0800079e   0x00000002   PAD
    0x080007a0   0x080007a0   0x00000048   Code   RO         6840    i.BSP_USART_Init    remote.o
    0x080007e8   0x080007e8   0x00000002   Code   RO          569    i.BusFault_Handler  stm32h7xx_it.o
    0x080007ea   0x080007ea   0x00000002   PAD
    0x080007ec   0x080007ec   0x0000000c   Code   RO          570    i.DMA1_Stream0_IRQHandler  stm32h7xx_it.o
    0x080007f8   0x080007f8   0x0000000c   Code   RO          571    i.DMA1_Stream1_IRQHandler  stm32h7xx_it.o
    0x08000804   0x08000804   0x0000000c   Code   RO          572    i.DMA1_Stream2_IRQHandler  stm32h7xx_it.o
    0x08000810   0x08000810   0x0000000c   Code   RO          573    i.DMA1_Stream4_IRQHandler  stm32h7xx_it.o
    0x0800081c   0x0800081c   0x0000000c   Code   RO          574    i.DMA1_Stream6_IRQHandler  stm32h7xx_it.o
    0x08000828   0x08000828   0x0000000c   Code   RO          575    i.DMA1_Stream7_IRQHandler  stm32h7xx_it.o
    0x08000834   0x08000834   0x000000b4   Code   RO         2548    i.DMA_CalcBaseAndBitshift  stm32h7xx_hal_dma.o
    0x080008e8   0x080008e8   0x0000009c   Code   RO         2549    i.DMA_CalcDMAMUXChannelBaseAndMask  stm32h7xx_hal_dma.o
    0x08000984   0x08000984   0x00000074   Code   RO         2550    i.DMA_CalcDMAMUXRequestGenBaseAndMask  stm32h7xx_hal_dma.o
    0x080009f8   0x080009f8   0x00000054   Code   RO         2551    i.DMA_CheckFifoParam  stm32h7xx_hal_dma.o
    0x08000a4c   0x08000a4c   0x000000a0   Code   RO         2664    i.DMA_MultiBufferSetConfig  stm32h7xx_hal_dma_ex.o
    0x08000aec   0x08000aec   0x00000002   Code   RO          576    i.DebugMon_Handler  stm32h7xx_it.o
    0x08000aee   0x08000aee   0x00000004   Code   RO           13    i.Error_Handler     main.o
    0x08000af2   0x08000af2   0x00000002   Code   RO         5056    i.ExitRun0Mode      system_stm32h7xx.o
    0x08000af4   0x08000af4   0x000000e4   Code   RO         6666    i.FIMU_Task         imu_temp_ctrl.o
    0x08000bd8   0x08000bd8   0x00000054   Code   RO         6591    i.FMotor_Task       motor_ctr.o
    0x08000c2c   0x08000c2c   0x00000280   Code   RO         2671    i.HAL_DMAEx_MultiBufferStart  stm32h7xx_hal_dma_ex.o
    0x08000eac   0x08000eac   0x00000360   Code   RO         2553    i.HAL_DMA_Abort     stm32h7xx_hal_dma.o
    0x0800120c   0x0800120c   0x00000284   Code   RO         2554    i.HAL_DMA_Abort_IT  stm32h7xx_hal_dma.o
    0x08001490   0x08001490   0x000006e8   Code   RO         2558    i.HAL_DMA_IRQHandler  stm32h7xx_hal_dma.o
    0x08001b78   0x08001b78   0x000003bc   Code   RO         2559    i.HAL_DMA_Init      stm32h7xx_hal_dma.o
    0x08001f34   0x08001f34   0x0000021c   Code   RO         2401    i.HAL_GPIO_Init     stm32h7xx_hal_gpio.o
    0x08002150   0x08002150   0x0000000a   Code   RO         2405    i.HAL_GPIO_WritePin  stm32h7xx_hal_gpio.o
    0x0800215a   0x0800215a   0x00000002   PAD
    0x0800215c   0x0800215c   0x0000000c   Code   RO         3266    i.HAL_GetTick       stm32h7xx_hal.o
    0x08002168   0x08002168   0x00000010   Code   RO         3272    i.HAL_IncTick       stm32h7xx_hal.o
    0x08002178   0x08002178   0x0000005c   Code   RO         3273    i.HAL_Init          stm32h7xx_hal.o
    0x080021d4   0x080021d4   0x0000008c   Code   RO          717    i.HAL_InitTick      stm32h7xx_hal_timebase_tim.o
    0x08002260   0x08002260   0x0000005c   Code   RO         1776    i.HAL_MPU_ConfigRegion  stm32h7xx_hal_cortex.o
    0x080022bc   0x080022bc   0x0000001c   Code   RO         1777    i.HAL_MPU_Disable   stm32h7xx_hal_cortex.o
    0x080022d8   0x080022d8   0x00000024   Code   RO         1779    i.HAL_MPU_Enable    stm32h7xx_hal_cortex.o
    0x080022fc   0x080022fc   0x00000024   Code   RO          693    i.HAL_MspInit       stm32h7xx_hal_msp.o
    0x08002320   0x08002320   0x0000001a   Code   RO         1783    i.HAL_NVIC_EnableIRQ  stm32h7xx_hal_cortex.o
    0x0800233a   0x0800233a   0x00000002   PAD
    0x0800233c   0x0800233c   0x00000040   Code   RO         1789    i.HAL_NVIC_SetPriority  stm32h7xx_hal_cortex.o
    0x0800237c   0x0800237c   0x00000024   Code   RO         1790    i.HAL_NVIC_SetPriorityGrouping  stm32h7xx_hal_cortex.o
    0x080023a0   0x080023a0   0x00000054   Code   RO         3002    i.HAL_PWREx_ConfigSupply  stm32h7xx_hal_pwr_ex.o
    0x080023f4   0x080023f4   0x00000024   Code   RO         2044    i.HAL_RCCEx_GetD3PCLK1Freq  stm32h7xx_hal_rcc_ex.o
    0x08002418   0x08002418   0x00000144   Code   RO         2046    i.HAL_RCCEx_GetPLL2ClockFreq  stm32h7xx_hal_rcc_ex.o
    0x0800255c   0x0800255c   0x00000144   Code   RO         2047    i.HAL_RCCEx_GetPLL3ClockFreq  stm32h7xx_hal_rcc_ex.o
    0x080026a0   0x080026a0   0x0000093a   Code   RO         2053    i.HAL_RCCEx_PeriphCLKConfig  stm32h7xx_hal_rcc_ex.o
    0x08002fda   0x08002fda   0x00000002   PAD
    0x08002fdc   0x08002fdc   0x0000025c   Code   RO         1929    i.HAL_RCC_ClockConfig  stm32h7xx_hal_rcc.o
    0x08003238   0x08003238   0x0000005c   Code   RO         1933    i.HAL_RCC_GetClockConfig  stm32h7xx_hal_rcc.o
    0x08003294   0x08003294   0x00000044   Code   RO         1934    i.HAL_RCC_GetHCLKFreq  stm32h7xx_hal_rcc.o
    0x080032d8   0x080032d8   0x00000024   Code   RO         1936    i.HAL_RCC_GetPCLK1Freq  stm32h7xx_hal_rcc.o
    0x080032fc   0x080032fc   0x00000024   Code   RO         1937    i.HAL_RCC_GetPCLK2Freq  stm32h7xx_hal_rcc.o
    0x08003320   0x08003320   0x00000138   Code   RO         1938    i.HAL_RCC_GetSysClockFreq  stm32h7xx_hal_rcc.o
    0x08003458   0x08003458   0x00000526   Code   RO         1941    i.HAL_RCC_OscConfig  stm32h7xx_hal_rcc.o
    0x0800397e   0x0800397e   0x00000002   PAD
    0x08003980   0x08003980   0x0000008c   Code   RO         4937    i.HAL_RS485Ex_Init  stm32h7xx_hal_uart_ex.o
    0x08003a0c   0x08003a0c   0x00000002   Code   RO         4196    i.HAL_SPI_ErrorCallback  stm32h7xx_hal_spi.o
    0x08003a0e   0x08003a0e   0x00000002   PAD
    0x08003a10   0x08003a10   0x00000224   Code   RO         4199    i.HAL_SPI_IRQHandler  stm32h7xx_hal_spi.o
    0x08003c34   0x08003c34   0x0000017c   Code   RO         4200    i.HAL_SPI_Init      stm32h7xx_hal_spi.o
    0x08003db0   0x08003db0   0x0000019c   Code   RO          396    i.HAL_SPI_MspInit   spi.o
    0x08003f4c   0x08003f4c   0x00000002   Code   RO         4206    i.HAL_SPI_RxCpltCallback  stm32h7xx_hal_spi.o
    0x08003f4e   0x08003f4e   0x00000002   Code   RO         4208    i.HAL_SPI_SuspendCallback  stm32h7xx_hal_spi.o
    0x08003f50   0x08003f50   0x00000242   Code   RO         4209    i.HAL_SPI_Transmit  stm32h7xx_hal_spi.o
    0x08004192   0x08004192   0x00000002   PAD
    0x08004194   0x08004194   0x00000348   Code   RO         4210    i.HAL_SPI_TransmitReceive  stm32h7xx_hal_spi.o
    0x080044dc   0x080044dc   0x00000002   Code   RO         4215    i.HAL_SPI_TxCpltCallback  stm32h7xx_hal_spi.o
    0x080044de   0x080044de   0x00000002   Code   RO         4217    i.HAL_SPI_TxRxCpltCallback  stm32h7xx_hal_spi.o
    0x080044e0   0x080044e0   0x00000002   Code   RO         1472    i.HAL_TIMEx_Break2Callback  stm32h7xx_hal_tim_ex.o
    0x080044e2   0x080044e2   0x00000002   Code   RO         1473    i.HAL_TIMEx_BreakCallback  stm32h7xx_hal_tim_ex.o
    0x080044e4   0x080044e4   0x00000002   Code   RO         1474    i.HAL_TIMEx_CommutCallback  stm32h7xx_hal_tim_ex.o
    0x080044e6   0x080044e6   0x00000002   PAD
    0x080044e8   0x080044e8   0x000000b8   Code   RO         1495    i.HAL_TIMEx_MasterConfigSynchronization  stm32h7xx_hal_tim_ex.o
    0x080045a0   0x080045a0   0x00000062   Code   RO          758    i.HAL_TIM_Base_Init  stm32h7xx_hal_tim.o
    0x08004602   0x08004602   0x00000002   PAD
    0x08004604   0x08004604   0x00000038   Code   RO          444    i.HAL_TIM_Base_MspInit  tim.o
    0x0800463c   0x0800463c   0x000000a0   Code   RO          763    i.HAL_TIM_Base_Start_IT  stm32h7xx_hal_tim.o
    0x080046dc   0x080046dc   0x000000fc   Code   RO          767    i.HAL_TIM_ConfigClockSource  stm32h7xx_hal_tim.o
    0x080047d8   0x080047d8   0x00000002   Code   RO          792    i.HAL_TIM_IC_CaptureCallback  stm32h7xx_hal_tim.o
    0x080047da   0x080047da   0x00000148   Code   RO          806    i.HAL_TIM_IRQHandler  stm32h7xx_hal_tim.o
    0x08004922   0x08004922   0x00000002   PAD
    0x08004924   0x08004924   0x00000050   Code   RO          445    i.HAL_TIM_MspPostInit  tim.o
    0x08004974   0x08004974   0x00000002   Code   RO          809    i.HAL_TIM_OC_DelayElapsedCallback  stm32h7xx_hal_tim.o
    0x08004976   0x08004976   0x00000124   Code   RO          830    i.HAL_TIM_PWM_ConfigChannel  stm32h7xx_hal_tim.o
    0x08004a9a   0x08004a9a   0x00000062   Code   RO          833    i.HAL_TIM_PWM_Init  stm32h7xx_hal_tim.o
    0x08004afc   0x08004afc   0x00000028   Code   RO          447    i.HAL_TIM_PWM_MspInit  tim.o
    0x08004b24   0x08004b24   0x00000002   Code   RO          836    i.HAL_TIM_PWM_PulseFinishedCallback  stm32h7xx_hal_tim.o
    0x08004b26   0x08004b26   0x00000002   PAD
    0x08004b28   0x08004b28   0x00000124   Code   RO          838    i.HAL_TIM_PWM_Start  stm32h7xx_hal_tim.o
    0x08004c4c   0x08004c4c   0x00000044   Code   RO           14    i.HAL_TIM_PeriodElapsedCallback  main.o
    0x08004c90   0x08004c90   0x00000002   Code   RO          849    i.HAL_TIM_TriggerCallback  stm32h7xx_hal_tim.o
    0x08004c92   0x08004c92   0x00000040   Code   RO         4938    i.HAL_UARTEx_DisableFifoMode  stm32h7xx_hal_uart_ex.o
    0x08004cd2   0x08004cd2   0x00000130   Code   RO         4943    i.HAL_UARTEx_ReceiveToIdle  stm32h7xx_hal_uart_ex.o
    0x08004e02   0x08004e02   0x00000002   PAD
    0x08004e04   0x08004e04   0x000002e8   Code   RO         6841    i.HAL_UARTEx_RxEventCallback  remote.o
    0x080050ec   0x080050ec   0x00000002   Code   RO         4946    i.HAL_UARTEx_RxFifoFullCallback  stm32h7xx_hal_uart_ex.o
    0x080050ee   0x080050ee   0x0000004c   Code   RO         4947    i.HAL_UARTEx_SetRxFifoThreshold  stm32h7xx_hal_uart_ex.o
    0x0800513a   0x0800513a   0x0000004c   Code   RO         4948    i.HAL_UARTEx_SetTxFifoThreshold  stm32h7xx_hal_uart_ex.o
    0x08005186   0x08005186   0x00000002   Code   RO         4950    i.HAL_UARTEx_TxFifoEmptyCallback  stm32h7xx_hal_uart_ex.o
    0x08005188   0x08005188   0x00000002   Code   RO         4951    i.HAL_UARTEx_WakeupCallback  stm32h7xx_hal_uart_ex.o
    0x0800518a   0x0800518a   0x00000002   Code   RO         4543    i.HAL_UART_ErrorCallback  stm32h7xx_hal_uart.o
    0x0800518c   0x0800518c   0x0000039c   Code   RO         4546    i.HAL_UART_IRQHandler  stm32h7xx_hal_uart.o
    0x08005528   0x08005528   0x0000006a   Code   RO         4547    i.HAL_UART_Init     stm32h7xx_hal_uart.o
    0x08005592   0x08005592   0x00000002   PAD
    0x08005594   0x08005594   0x0000033c   Code   RO          510    i.HAL_UART_MspInit  usart.o
    0x080058d0   0x080058d0   0x000000b0   Code   RO         4556    i.HAL_UART_Transmit  stm32h7xx_hal_uart.o
    0x08005980   0x08005980   0x00000002   Code   RO         4559    i.HAL_UART_TxCpltCallback  stm32h7xx_hal_uart.o
    0x08005982   0x08005982   0x00000002   Code   RO          577    i.HardFault_Handler  stm32h7xx_it.o
    0x08005984   0x08005984   0x0000007c   Code   RO          353    i.MX_DMA_Init       dma.o
    0x08005a00   0x08005a00   0x00000068   Code   RO          290    i.MX_FREERTOS_Init  freertos.o
    0x08005a68   0x08005a68   0x00000120   Code   RO          264    i.MX_GPIO_Init      gpio.o
    0x08005b88   0x08005b88   0x00000064   Code   RO          397    i.MX_SPI2_Init      spi.o
    0x08005bec   0x08005bec   0x00000064   Code   RO          398    i.MX_SPI6_Init      spi.o
    0x08005c50   0x08005c50   0x00000068   Code   RO          448    i.MX_TIM2_Init      tim.o
    0x08005cb8   0x08005cb8   0x00000074   Code   RO          449    i.MX_TIM3_Init      tim.o
    0x08005d2c   0x08005d2c   0x0000006c   Code   RO          511    i.MX_UART5_Init     usart.o
    0x08005d98   0x08005d98   0x00000068   Code   RO          512    i.MX_USART10_UART_Init  usart.o
    0x08005e00   0x08005e00   0x0000006c   Code   RO          513    i.MX_USART2_UART_Init  usart.o
    0x08005e6c   0x08005e6c   0x0000006c   Code   RO          514    i.MX_USART3_UART_Init  usart.o
    0x08005ed8   0x08005ed8   0x00000002   Code   RO          578    i.MemManage_Handler  stm32h7xx_it.o
    0x08005eda   0x08005eda   0x00000002   Code   RO          579    i.NMI_Handler       stm32h7xx_it.o
    0x08005edc   0x08005edc   0x00000120   Code   RO         2056    i.RCCEx_PLL2_Config  stm32h7xx_hal_rcc_ex.o
    0x08005ffc   0x08005ffc   0x00000120   Code   RO         2057    i.RCCEx_PLL3_Config  stm32h7xx_hal_rcc_ex.o
    0x0800611c   0x0800611c   0x000000b4   Code   RO         6842    i.SBUS_TO_RC        remote.o
    0x080061d0   0x080061d0   0x0000007c   Code   RO         6534    i.SERVO_Send_recv   go-m8010-6.o
    0x0800624c   0x0800624c   0x0000000c   Code   RO          580    i.SPI2_IRQHandler   stm32h7xx_it.o
    0x08006258   0x08006258   0x000000bc   Code   RO         4220    i.SPI_CloseTransfer  stm32h7xx_hal_spi.o
    0x08006314   0x08006314   0x0000001a   Code   RO         4221    i.SPI_DMAAbortOnError  stm32h7xx_hal_spi.o
    0x0800632e   0x0800632e   0x00000002   PAD
    0x08006330   0x08006330   0x00000046   Code   RO         4237    i.SPI_WaitOnFlagUntilTimeout  stm32h7xx_hal_spi.o
    0x08006376   0x08006376   0x00000002   PAD
    0x08006378   0x08006378   0x00000024   Code   RO         6595    i.Set_vel           motor_ctr.o
    0x0800639c   0x0800639c   0x00000008   Code   RO          291    i.StartDefaultTask  freertos.o
    0x080063a4   0x080063a4   0x0000002c   Code   RO         6317    i.SysTick_Handler   port.o
    0x080063d0   0x080063d0   0x00000094   Code   RO           15    i.SystemClock_Config  main.o
    0x08006464   0x08006464   0x000000d8   Code   RO         5058    i.SystemInit        system_stm32h7xx.o
    0x0800653c   0x0800653c   0x0000000c   Code   RO          581    i.TIM2_IRQHandler   stm32h7xx_it.o
    0x08006548   0x08006548   0x0000000c   Code   RO          582    i.TIM6_DAC_IRQHandler  stm32h7xx_it.o
    0x08006554   0x08006554   0x000000e0   Code   RO          851    i.TIM_Base_SetConfig  stm32h7xx_hal_tim.o
    0x08006634   0x08006634   0x0000001a   Code   RO          852    i.TIM_CCxChannelCmd  stm32h7xx_hal_tim.o
    0x0800664e   0x0800664e   0x00000012   Code   RO          862    i.TIM_ETR_SetConfig  stm32h7xx_hal_tim.o
    0x08006660   0x08006660   0x00000014   Code   RO          863    i.TIM_ITRx_SetConfig  stm32h7xx_hal_tim.o
    0x08006674   0x08006674   0x000000a4   Code   RO          864    i.TIM_OC1_SetConfig  stm32h7xx_hal_tim.o
    0x08006718   0x08006718   0x00000098   Code   RO          865    i.TIM_OC2_SetConfig  stm32h7xx_hal_tim.o
    0x080067b0   0x080067b0   0x00000098   Code   RO          866    i.TIM_OC3_SetConfig  stm32h7xx_hal_tim.o
    0x08006848   0x08006848   0x00000078   Code   RO          867    i.TIM_OC4_SetConfig  stm32h7xx_hal_tim.o
    0x080068c0   0x080068c0   0x00000074   Code   RO          868    i.TIM_OC5_SetConfig  stm32h7xx_hal_tim.o
    0x08006934   0x08006934   0x00000074   Code   RO          869    i.TIM_OC6_SetConfig  stm32h7xx_hal_tim.o
    0x080069a8   0x080069a8   0x00000022   Code   RO          871    i.TIM_TI1_ConfigInputStage  stm32h7xx_hal_tim.o
    0x080069ca   0x080069ca   0x00000024   Code   RO          873    i.TIM_TI2_ConfigInputStage  stm32h7xx_hal_tim.o
    0x080069ee   0x080069ee   0x00000002   PAD
    0x080069f0   0x080069f0   0x0000000c   Code   RO          583    i.UART5_IRQHandler  stm32h7xx_it.o
    0x080069fc   0x080069fc   0x00000044   Code   RO         4952    i.UARTEx_SetNbDataToProcess  stm32h7xx_hal_uart_ex.o
    0x08006a40   0x08006a40   0x000000c8   Code   RO         4561    i.UART_AdvFeatureConfig  stm32h7xx_hal_uart.o
    0x08006b08   0x08006b08   0x000000aa   Code   RO         4562    i.UART_CheckIdleState  stm32h7xx_hal_uart.o
    0x08006bb2   0x08006bb2   0x00000010   Code   RO         4563    i.UART_DMAAbortOnError  stm32h7xx_hal_uart.o
    0x08006bc2   0x08006bc2   0x00000002   PAD
    0x08006bc4   0x08006bc4   0x00000054   Code   RO         4573    i.UART_EndRxTransfer  stm32h7xx_hal_uart.o
    0x08006c18   0x08006c18   0x000003dc   Code   RO         4579    i.UART_SetConfig    stm32h7xx_hal_uart.o
    0x08006ff4   0x08006ff4   0x00000094   Code   RO         4586    i.UART_WaitOnFlagUntilTimeout  stm32h7xx_hal_uart.o
    0x08007088   0x08007088   0x0000000c   Code   RO          584    i.USART3_IRQHandler  stm32h7xx_it.o
    0x08007094   0x08007094   0x00000002   Code   RO          585    i.UsageFault_Handler  stm32h7xx_it.o
    0x08007096   0x08007096   0x00000002   PAD
    0x08007098   0x08007098   0x0000009c   Code   RO         6893    i.WS2812_Ctrl       ws2812.o
    0x08007134   0x08007134   0x00000022   Code   RO         1796    i.__NVIC_SetPriority  stm32h7xx_hal_cortex.o
    0x08007156   0x08007156   0x0000000e   Code   RO         7090    i.__scatterload_copy  mc_w.l(handlers.o)
    0x08007164   0x08007164   0x00000002   Code   RO         7091    i.__scatterload_null  mc_w.l(handlers.o)
    0x08007166   0x08007166   0x0000000e   Code   RO         7092    i.__scatterload_zeroinit  mc_w.l(handlers.o)
    0x08007174   0x08007174   0x00000110   Code   RO         6706    i.bmi088_accel_init  bmi088driver.o
    0x08007284   0x08007284   0x000000e0   Code   RO         6707    i.bmi088_gyro_init  bmi088driver.o
    0x08007364   0x08007364   0x00000024   Code   RO         6535    i.crc_ccitt         go-m8010-6.o
    0x08007388   0x08007388   0x000000b0   Code   RO         6536    i.extract_data      go-m8010-6.o
    0x08007438   0x08007438   0x000000b8   Code   RO           16    i.main              main.o
    0x080074f0   0x080074f0   0x0000000e   Code   RO         5882    i.makeFreeRtosPriority  cmsis_os.o
    0x080074fe   0x080074fe   0x00000002   PAD
    0x08007500   0x08007500   0x000001a4   Code   RO         6537    i.modify_data       go-m8010-6.o
    0x080076a4   0x080076a4   0x0000000e   Code   RO         5884    i.osDelay           cmsis_os.o
    0x080076b2   0x080076b2   0x0000000a   Code   RO         5887    i.osKernelStart     cmsis_os.o
    0x080076bc   0x080076bc   0x0000003e   Code   RO         5913    i.osSemaphoreCreate  cmsis_os.o
    0x080076fa   0x080076fa   0x00000054   Code   RO         5921    i.osThreadCreate    cmsis_os.o
    0x0800774e   0x0800774e   0x00000002   PAD
    0x08007750   0x08007750   0x00000070   Code   RO         5564    i.prvAddCurrentTaskToDelayedList  tasks.o
    0x080077c0   0x080077c0   0x000000d0   Code   RO         5565    i.prvAddNewTaskToReadyList  tasks.o
    0x08007890   0x08007890   0x0000006c   Code   RO         5241    i.prvCopyDataToQueue  queue.o
    0x080078fc   0x080078fc   0x00000034   Code   RO         5566    i.prvDeleteTCB      tasks.o
    0x08007930   0x08007930   0x00000050   Code   RO         6249    i.prvHeapInit       heap_4.o
    0x08007980   0x08007980   0x00000060   Code   RO         5567    i.prvIdleTask       tasks.o
    0x080079e0   0x080079e0   0x00000016   Code   RO         5243    i.prvInitialiseNewQueue  queue.o
    0x080079f6   0x080079f6   0x0000009a   Code   RO         5568    i.prvInitialiseNewTask  tasks.o
    0x08007a90   0x08007a90   0x0000004c   Code   RO         6250    i.prvInsertBlockIntoFreeList  heap_4.o
    0x08007adc   0x08007adc   0x00000020   Code   RO         5569    i.prvResetNextTaskUnblockTime  tasks.o
    0x08007afc   0x08007afc   0x00000028   Code   RO         6318    i.prvTaskExitError  port.o
    0x08007b24   0x08007b24   0x0000006a   Code   RO         5245    i.prvUnlockQueue    queue.o
    0x08007b8e   0x08007b8e   0x00000002   PAD
    0x08007b90   0x08007b90   0x000000dc   Code   RO         6251    i.pvPortMalloc      heap_4.o
    0x08007c6c   0x08007c6c   0x00000030   Code   RO         6319    i.pxPortInitialiseStack  port.o
    0x08007c9c   0x08007c9c   0x00000026   Code   RO         5200    i.uxListRemove      list.o
    0x08007cc2   0x08007cc2   0x00000002   PAD
    0x08007cc4   0x08007cc4   0x00000018   Code   RO          292    i.vApplicationGetIdleTaskMemory  freertos.o
    0x08007cdc   0x08007cdc   0x00000016   Code   RO         5201    i.vListInitialise   list.o
    0x08007cf2   0x08007cf2   0x00000006   Code   RO         5202    i.vListInitialiseItem  list.o
    0x08007cf8   0x08007cf8   0x00000030   Code   RO         5203    i.vListInsert       list.o
    0x08007d28   0x08007d28   0x00000018   Code   RO         5204    i.vListInsertEnd    list.o
    0x08007d40   0x08007d40   0x00000040   Code   RO         6321    i.vPortEnterCritical  port.o
    0x08007d80   0x08007d80   0x00000028   Code   RO         6322    i.vPortExitCritical  port.o
    0x08007da8   0x08007da8   0x00000064   Code   RO         6252    i.vPortFree         heap_4.o
    0x08007e0c   0x08007e0c   0x00000024   Code   RO         6323    i.vPortSetupTimerInterrupt  port.o
    0x08007e30   0x08007e30   0x0000004c   Code   RO         5578    i.vTaskDelay        tasks.o
    0x08007e7c   0x08007e7c   0x00000010   Code   RO         5581    i.vTaskInternalSetTimeOutState  tasks.o
    0x08007e8c   0x08007e8c   0x0000000c   Code   RO         5582    i.vTaskMissedYield  tasks.o
    0x08007e98   0x08007e98   0x00000030   Code   RO         5584    i.vTaskPlaceOnEventList  tasks.o
    0x08007ec8   0x08007ec8   0x0000006c   Code   RO         5591    i.vTaskStartScheduler  tasks.o
    0x08007f34   0x08007f34   0x00000010   Code   RO         5593    i.vTaskSuspendAll   tasks.o
    0x08007f44   0x08007f44   0x0000005c   Code   RO         5594    i.vTaskSwitchContext  tasks.o
    0x08007fa0   0x08007fa0   0x000000f4   Code   RO         6325    i.xPortStartScheduler  port.o
    0x08008094   0x08008094   0x00000042   Code   RO         5254    i.xQueueGenericCreate  queue.o
    0x080080d6   0x080080d6   0x00000066   Code   RO         5255    i.xQueueGenericCreateStatic  queue.o
    0x0800813c   0x0800813c   0x00000094   Code   RO         5256    i.xQueueGenericReset  queue.o
    0x080081d0   0x080081d0   0x00000160   Code   RO         5257    i.xQueueGenericSend  queue.o
    0x08008330   0x08008330   0x00000078   Code   RO         5596    i.xTaskCheckForTimeOut  tasks.o
    0x080083a8   0x080083a8   0x0000005a   Code   RO         5597    i.xTaskCreate       tasks.o
    0x08008402   0x08008402   0x00000056   Code   RO         5598    i.xTaskCreateStatic  tasks.o
    0x08008458   0x08008458   0x0000001c   Code   RO         5602    i.xTaskGetSchedulerState  tasks.o
    0x08008474   0x08008474   0x000000cc   Code   RO         5605    i.xTaskIncrementTick  tasks.o
    0x08008540   0x08008540   0x000000a0   Code   RO         5608    i.xTaskPriorityDisinherit  tasks.o
    0x080085e0   0x080085e0   0x00000074   Code   RO         5610    i.xTaskRemoveFromEventList  tasks.o
    0x08008654   0x08008654   0x000000c4   Code   RO         5611    i.xTaskResumeAll    tasks.o
    0x08008718   0x08008718   0x0000005c   Data   RO          297    .constdata          freertos.o
    0x08008774   0x08008774   0x00000008   Data   RO         2565    .constdata          stm32h7xx_hal_dma.o
    0x0800877c   0x0800877c   0x00000018   Data   RO         4587    .constdata          stm32h7xx_hal_uart.o
    0x08008794   0x08008794   0x00000010   Data   RO         4953    .constdata          stm32h7xx_hal_uart_ex.o
    0x080087a4   0x080087a4   0x00000010   Data   RO         5059    .constdata          system_stm32h7xx.o
    0x080087b4   0x080087b4   0x00000200   Data   RO         6538    .constdata          go-m8010-6.o
    0x080089b4   0x080089b4   0x00000024   Data   RO          298    .conststring        freertos.o
    0x080089d8   0x080089d8   0x00000030   Data   RO         7088    Region$$Table       anon$$obj.o


    Execution Region RW_IRAM1 (Exec base: 0x20000000, Load base: 0x08008a08, Size: 0x00003c00, Max: 0x00020000, ABSOLUTE)

    Exec Addr    Load Addr    Size         Type   Attr      Idx    E Section Name        Object

    0x20000000        -       0x00003c00   Zero   RW         6257    .bss                heap_4.o


    Execution Region RW_IRAM2 (Exec base: 0x24000000, Load base: 0x08008a08, Size: 0x00001670, Max: 0x00020000, ABSOLUTE, COMPRESSED[0x00000068])

    Exec Addr    Load Addr    Size         Type   Attr      Idx    E Section Name        Object

    0x24000000   COMPRESSED   0x00000001   Data   RW           17    .data               main.o
    0x24000001   COMPRESSED   0x00000003   PAD
    0x24000004   COMPRESSED   0x00000010   Data   RW          299    .data               freertos.o
    0x24000014   COMPRESSED   0x0000000c   Data   RW         3297    .data               stm32h7xx_hal.o
    0x24000020   COMPRESSED   0x00000008   Data   RW         5060    .data               system_stm32h7xx.o
    0x24000028   COMPRESSED   0x0000003c   Data   RW         5614    .data               tasks.o
    0x24000064   COMPRESSED   0x00000020   Data   RW         6258    .data               heap_4.o
    0x24000084   COMPRESSED   0x0000000c   Data   RW         6326    .data               port.o
    0x24000090   COMPRESSED   0x00000208   Data   RW         6599    .data               motor_ctr.o
    0x24000298   COMPRESSED   0x00000018   Data   RW         6669    .data               imu_temp_ctrl.o
    0x240002b0   COMPRESSED   0x0000002c   Data   RW         6708    .data               bmi088driver.o
    0x240002dc   COMPRESSED   0x0000001a   Data   RW         6845    .data               remote.o
    0x240002f6   COMPRESSED   0x00000002   PAD
    0x240002f8        -       0x00000200   Zero   RW          293    .bss                freertos.o
    0x240004f8        -       0x00000054   Zero   RW          294    .bss                freertos.o
    0x2400054c        -       0x00000048   Zero   RW          295    .bss                freertos.o
    0x24000594        -       0x00000254   Zero   RW          296    .bss                freertos.o
    0x240007e8        -       0x00000200   Zero   RW          399    .bss                spi.o
    0x240009e8        -       0x00000098   Zero   RW          450    .bss                tim.o
    0x24000a80        -       0x00000430   Zero   RW          515    .bss                usart.o
    0x24000eb0        -       0x0000004c   Zero   RW          720    .bss                stm32h7xx_hal_timebase_tim.o
    0x24000efc        -       0x000000f0   Zero   RW         5613    .bss                tasks.o
    0x24000fec   COMPRESSED   0x00000004   PAD
    0x24000ff0        -       0x00000200   Zero   RW         6598    .bss                motor_ctr.o
    0x240011f0        -       0x00000018   Zero   RW         6668    .bss                imu_temp_ctrl.o
    0x24001208        -       0x00000064   Zero   RW         6844    .bss                remote.o
    0x2400126c   COMPRESSED   0x00000004   PAD
    0x24001270        -       0x00000400   Zero   RW            1    STACK               startup_stm32h723xx.o


==============================================================================

Image component sizes


      Code (inc. data)   RO Data    RW Data    ZI Data      Debug   Object Name

       940         16          0         44          0       6474   bmi088driver.o
       172         28          0          0          0       4692   bmi088middleware.o
       184          0          0          0          0      24085   cmsis_os.o
       124          4          0          0          0        914   dma.o
         0          0          0          0          0      19872   event_groups.o
       136         14        128         16       1264       3038   freertos.o
       756        104        512          0          0       6841   go-m8010-6.o
       288         20          0          0          0       1175   gpio.o
       476         24          0         32      15360       7455   heap_4.o
       228         36          0         24         24       1696   imu_temp_ctrl.o
       138          0          0          0          0       3602   list.o
       404         20          0          1          0    1246756   main.o
       120         18          0        520        512       2058   motor_ctr.o
       706         74          0         12          0      10992   port.o
       904         10          0          0          0      12175   queue.o
       996         36          0         26        100       3554   remote.o
       612         52          0          0        512       2900   spi.o
        44         12        716          0       1024        828   startup_stm32h723xx.o
       120         28          0         12          0      22350   stm32h7xx_hal.o
       316         28          0          0          0      40992   stm32h7xx_hal_cortex.o
      4768        176          8          0          0       9827   stm32h7xx_hal_dma.o
       800         42          0          0          0       2501   stm32h7xx_hal_dma_ex.o
       550         44          0          0          0       2292   stm32h7xx_hal_gpio.o
        36          4          0          0          0        930   stm32h7xx_hal_msp.o
        84          6          0          0          0        777   stm32h7xx_hal_pwr_ex.o
      2466        110          0          0          0       7769   stm32h7xx_hal_rcc.o
      3622        112          0          0          0       7749   stm32h7xx_hal_rcc_ex.o
      2640         30          0          0          0      12080   stm32h7xx_hal_spi.o
      2706        300          0          0          0      18120   stm32h7xx_hal_tim.o
       190         38          0          0          0       3224   stm32h7xx_hal_tim_ex.o
       140         20          0          0         76       1575   stm32h7xx_hal_timebase_tim.o
      2816        148         24          0          0      30527   stm32h7xx_hal_uart.o
       734         10         16          0          0       7836   stm32h7xx_hal_uart_ex.o
       144         66          0          0          0       7822   stm32h7xx_it.o
         0          0          0          0          0        384   stream_buffer.o
       218         32         16          8          0       1929   system_stm32h7xx.o
      2022        150          0         60        240      24990   tasks.o
       396         42          0          0        152       3651   tim.o
      1256         98          0          0       1072       4809   usart.o
       156          6          0          0          0        882   ws2812.o

    ----------------------------------------------------------------------
     33462       1958       1468        760      20344    1572123   Object Totals
         0          0         48          0          0          0   (incl. Generated)
        54          0          0          5          8          0   (incl. Padding)

    ----------------------------------------------------------------------

      Code (inc. data)   RO Data    RW Data    ZI Data      Debug   Library Member Name

        86          0          0          0          0          0   __dczerorl2.o
         0          0          0          0          0          0   entry.o
         0          0          0          0          0          0   entry10a.o
         0          0          0          0          0          0   entry11a.o
         8          4          0          0          0          0   entry2.o
         4          0          0          0          0          0   entry5.o
         0          0          0          0          0          0   entry7b.o
         0          0          0          0          0          0   entry8b.o
         8          4          0          0          0          0   entry9a.o
        30          0          0          0          0          0   handlers.o
        36          8          0          0          0         68   init.o
        30          0          0          0          0         68   llshl.o
        32          0          0          0          0         68   llushr.o
        36          0          0          0          0         68   memcpya.o
        36          0          0          0          0        108   memseta.o
        98          0          0          0          0         92   uldiv.o

    ----------------------------------------------------------------------
       406         16          0          0          0        472   Library Totals
         2          0          0          0          0          0   (incl. Padding)

    ----------------------------------------------------------------------

      Code (inc. data)   RO Data    RW Data    ZI Data      Debug   Library Name

       404         16          0          0          0        472   mc_w.l

    ----------------------------------------------------------------------
       406         16          0          0          0        472   Library Totals

    ----------------------------------------------------------------------

==============================================================================


      Code (inc. data)   RO Data    RW Data    ZI Data      Debug   

     33868       1974       1468        760      20344    1552223   Grand Totals
     33868       1974       1468        104      20344    1552223   ELF Image Totals (compressed)
     33868       1974       1468        104          0          0   ROM Totals

==============================================================================

    Total RO  Size (Code + RO Data)                35336 (  34.51kB)
    Total RW  Size (RW Data + ZI Data)             21104 (  20.61kB)
    Total ROM Size (Code + RO Data + RW Data)      35440 (  34.61kB)

==============================================================================

